Archive member included to satisfy reference by file (symbol)

c:/st/stm32cubeide_1.5.0/stm32cubeide/plugins/com.st.stm32cube.ide.mcu.externaltools.gnu-tools-for-stm32.10.3-2021.10.win32_1.0.200.202301161003/tools/bin/../lib/gcc/arm-none-eabi/10.3.1/../../../../arm-none-eabi/lib/thumb/v7-m/nofp\libc_nano.a(lib_a-atoi.o)
                              ./Core/Src/parser_complex.o (atoi)
c:/st/stm32cubeide_1.5.0/stm32cubeide/plugins/com.st.stm32cube.ide.mcu.externaltools.gnu-tools-for-stm32.10.3-2021.10.win32_1.0.200.202301161003/tools/bin/../lib/gcc/arm-none-eabi/10.3.1/../../../../arm-none-eabi/lib/thumb/v7-m/nofp\libc_nano.a(lib_a-errno.o)
                              ./Core/Src/syscalls.o (__errno)
c:/st/stm32cubeide_1.5.0/stm32cubeide/plugins/com.st.stm32cube.ide.mcu.externaltools.gnu-tools-for-stm32.10.3-2021.10.win32_1.0.200.202301161003/tools/bin/../lib/gcc/arm-none-eabi/10.3.1/../../../../arm-none-eabi/lib/thumb/v7-m/nofp\libc_nano.a(lib_a-exit.o)
                              c:/st/stm32cubeide_1.5.0/stm32cubeide/plugins/com.st.stm32cube.ide.mcu.externaltools.gnu-tools-for-stm32.10.3-2021.10.win32_1.0.200.202301161003/tools/bin/../lib/gcc/arm-none-eabi/10.3.1/../../../../arm-none-eabi/lib/thumb/v7-m/nofp/crt0.o (exit)
c:/st/stm32cubeide_1.5.0/stm32cubeide/plugins/com.st.stm32cube.ide.mcu.externaltools.gnu-tools-for-stm32.10.3-2021.10.win32_1.0.200.202301161003/tools/bin/../lib/gcc/arm-none-eabi/10.3.1/../../../../arm-none-eabi/lib/thumb/v7-m/nofp\libc_nano.a(lib_a-impure.o)
                              c:/st/stm32cubeide_1.5.0/stm32cubeide/plugins/com.st.stm32cube.ide.mcu.externaltools.gnu-tools-for-stm32.10.3-2021.10.win32_1.0.200.202301161003/tools/bin/../lib/gcc/arm-none-eabi/10.3.1/../../../../arm-none-eabi/lib/thumb/v7-m/nofp\libc_nano.a(lib_a-exit.o) (_global_impure_ptr)
c:/st/stm32cubeide_1.5.0/stm32cubeide/plugins/com.st.stm32cube.ide.mcu.externaltools.gnu-tools-for-stm32.10.3-2021.10.win32_1.0.200.202301161003/tools/bin/../lib/gcc/arm-none-eabi/10.3.1/../../../../arm-none-eabi/lib/thumb/v7-m/nofp\libc_nano.a(lib_a-init.o)
                              c:/st/stm32cubeide_1.5.0/stm32cubeide/plugins/com.st.stm32cube.ide.mcu.externaltools.gnu-tools-for-stm32.10.3-2021.10.win32_1.0.200.202301161003/tools/bin/../lib/gcc/arm-none-eabi/10.3.1/../../../../arm-none-eabi/lib/thumb/v7-m/nofp/crt0.o (__libc_init_array)
c:/st/stm32cubeide_1.5.0/stm32cubeide/plugins/com.st.stm32cube.ide.mcu.externaltools.gnu-tools-for-stm32.10.3-2021.10.win32_1.0.200.202301161003/tools/bin/../lib/gcc/arm-none-eabi/10.3.1/../../../../arm-none-eabi/lib/thumb/v7-m/nofp\libc_nano.a(lib_a-memset.o)
                              c:/st/stm32cubeide_1.5.0/stm32cubeide/plugins/com.st.stm32cube.ide.mcu.externaltools.gnu-tools-for-stm32.10.3-2021.10.win32_1.0.200.202301161003/tools/bin/../lib/gcc/arm-none-eabi/10.3.1/../../../../arm-none-eabi/lib/thumb/v7-m/nofp/crt0.o (memset)
c:/st/stm32cubeide_1.5.0/stm32cubeide/plugins/com.st.stm32cube.ide.mcu.externaltools.gnu-tools-for-stm32.10.3-2021.10.win32_1.0.200.202301161003/tools/bin/../lib/gcc/arm-none-eabi/10.3.1/../../../../arm-none-eabi/lib/thumb/v7-m/nofp\libc_nano.a(lib_a-nano-vfprintf_float.o)
                              (_printf_float)
c:/st/stm32cubeide_1.5.0/stm32cubeide/plugins/com.st.stm32cube.ide.mcu.externaltools.gnu-tools-for-stm32.10.3-2021.10.win32_1.0.200.202301161003/tools/bin/../lib/gcc/arm-none-eabi/10.3.1/../../../../arm-none-eabi/lib/thumb/v7-m/nofp\libc_nano.a(lib_a-nano-vfprintf_i.o)
                              c:/st/stm32cubeide_1.5.0/stm32cubeide/plugins/com.st.stm32cube.ide.mcu.externaltools.gnu-tools-for-stm32.10.3-2021.10.win32_1.0.200.202301161003/tools/bin/../lib/gcc/arm-none-eabi/10.3.1/../../../../arm-none-eabi/lib/thumb/v7-m/nofp\libc_nano.a(lib_a-nano-vfprintf_float.o) (_printf_common)
c:/st/stm32cubeide_1.5.0/stm32cubeide/plugins/com.st.stm32cube.ide.mcu.externaltools.gnu-tools-for-stm32.10.3-2021.10.win32_1.0.200.202301161003/tools/bin/../lib/gcc/arm-none-eabi/10.3.1/../../../../arm-none-eabi/lib/thumb/v7-m/nofp\libc_nano.a(lib_a-sprintf.o)
                              ./Core/Src/main.o (sprintf)
c:/st/stm32cubeide_1.5.0/stm32cubeide/plugins/com.st.stm32cube.ide.mcu.externaltools.gnu-tools-for-stm32.10.3-2021.10.win32_1.0.200.202301161003/tools/bin/../lib/gcc/arm-none-eabi/10.3.1/../../../../arm-none-eabi/lib/thumb/v7-m/nofp\libc_nano.a(lib_a-strlen.o)
                              ./Core/Src/main.o (strlen)
c:/st/stm32cubeide_1.5.0/stm32cubeide/plugins/com.st.stm32cube.ide.mcu.externaltools.gnu-tools-for-stm32.10.3-2021.10.win32_1.0.200.202301161003/tools/bin/../lib/gcc/arm-none-eabi/10.3.1/../../../../arm-none-eabi/lib/thumb/v7-m/nofp\libc_nano.a(lib_a-strtok.o)
                              ./Core/Src/parser_complex.o (strtok)
[...]
Memory Configuration

Name             Origin             Length             Attributes
RAM              0x0000000020000000 0x0000000000010000 xrw
FLASH            0x0000000008000000 0x0000000000080000 xr
*default*        0x0000000000000000 0xffffffffffffffff

Linker script and memory map

LOAD c:/st/stm32cubeide_1.5.0/stm32cubeide/plugins/com.st.stm32cube.ide.mcu.externaltools.gnu-tools-for-stm32.10.3-2021.10.win32_1.0.200.202301161003/tools/bin/../lib/gcc/arm-none-eabi/10.3.1/thumb/v7-m/nofp/crti.o
LOAD c:/st/stm32cubeide_1.5.0/stm32cubeide/plugins/com.st.stm32cube.ide.mcu.externaltools.gnu-tools-for-stm32.10.3-2021.10.win32_1.0.200.202301161003/tools/bin/../lib/gcc/arm-none-eabi/10.3.1/thumb/v7-m/nofp/crtbegin.o
LOAD c:/st/stm32cubeide_1.5.0/stm32cubeide/plugins/com.st.stm32cube.ide.mcu.externaltools.gnu-tools-for-stm32.10.3-2021.10.win32_1.0.200.202301161003/tools/bin/../lib/gcc/arm-none-eabi/10.3.1/../../../../arm-none-eabi/lib/thumb/v7-m/nofp/crt0.o
LOAD ./Core/Src/1wire.o
LOAD ./Core/Src/GFX_BW.o
LOAD ./Core/Src/M24Cxx.o
LOAD ./Core/Src/adc.o
LOAD ./Core/Src/button.o
LOAD ./Core/Src/dma.o
LOAD ./Core/Src/ds18b20.o
LOAD ./Core/Src/gpio.o
LOAD ./Core/Src/i2c.o
LOAD ./Core/Src/main.o
LOAD ./Core/Src/menu.o
LOAD ./Core/Src/menu_out_set.o
LOAD ./Core/Src/parser_complex.o
LOAD ./Core/Src/ring_buffer.o
LOAD ./Core/Src/ssd1306.o
LOAD ./Core/Src/stm32f1xx_hal_msp.o
LOAD ./Core/Src/stm32f1xx_it.o
LOAD ./Core/Src/syscalls.o
LOAD ./Core/Src/sysmem.o
LOAD ./Core/Src/system_stm32f1xx.o
LOAD ./Core/Src/tim.o
LOAD ./Core/Src/usart.o
LOAD ./Core/Src/utils.o
LOAD ./Core/Startup/startup_stm32f103zetx.o
LOAD ./Drivers/STM32F1xx_HAL_Driver/Src/stm32f1xx_hal.o
LOAD ./Drivers/STM32F1xx_HAL_Driver/Src/stm32f1xx_hal_adc.o
LOAD ./Drivers/STM32F1xx_HAL_Driver/Src/stm32f1xx_hal_adc_ex.o
LOAD ./Drivers/STM32F1xx_HAL_Driver/Src/stm32f1xx_hal_cortex.o
LOAD ./Drivers/STM32F1xx_HAL_Driver/Src/stm32f1xx_hal_dma.o
LOAD ./Drivers/STM32F1xx_HAL_Driver/Src/stm32f1xx_hal_exti.o
LOAD ./Drivers/STM32F1xx_HAL_Driver/Src/stm32f1xx_hal_flash.o
LOAD ./Drivers/STM32F1xx_HAL_Driver/Src/stm32f1xx_hal_flash_ex.o
LOAD ./Drivers/STM32F1xx_HAL_Driver/Src/stm32f1xx_hal_gpio.o
LOAD ./Drivers/STM32F1xx_HAL_Driver/Src/stm32f1xx_hal_gpio_ex.o
LOAD ./Drivers/STM32F1xx_HAL_Driver/Src/stm32f1xx_hal_i2c.o
LOAD ./Drivers/STM32F1xx_HAL_Driver/Src/stm32f1xx_hal_pcd.o
LOAD ./Drivers/STM32F1xx_HAL_Driver/Src/stm32f1xx_hal_pcd_ex.o
LOAD ./Drivers/STM32F1xx_HAL_Driver/Src/stm32f1xx_hal_pwr.o
LOAD ./Drivers/STM32F1xx_HAL_Driver/Src/stm32f1xx_hal_rcc.o
LOAD ./Drivers/STM32F1xx_HAL_Driver/Src/stm32f1xx_hal_rcc_ex.o
LOAD ./Drivers/STM32F1xx_HAL_Driver/Src/stm32f1xx_hal_tim.o
LOAD ./Drivers/STM32F1xx_HAL_Driver/Src/stm32f1xx_hal_tim_ex.o
LOAD ./Drivers/STM32F1xx_HAL_Driver/Src/stm32f1xx_hal_uart.o
LOAD ./Drivers/STM32F1xx_HAL_Driver/Src/stm32f1xx_ll_usb.o
LOAD ./Middlewares/ST/STM32_USB_Device_Library/Class/CDC/Src/usbd_cdc.o
LOAD ./Middlewares/ST/STM32_USB_Device_Library/Core/Src/usbd_core.o
LOAD ./Middlewares/ST/STM32_USB_Device_Library/Core/Src/usbd_ctlreq.o
LOAD ./Middlewares/ST/STM32_USB_Device_Library/Core/Src/usbd_ioreq.o
LOAD ./USB_DEVICE/App/usb_device.o
LOAD ./USB_DEVICE/App/usbd_cdc_if.o
LOAD ./USB_DEVICE/App/usbd_desc.o
LOAD ./USB_DEVICE/Target/usbd_conf.o
START GROUP
LOAD c:/st/stm32cubeide_1.5.0/stm32cubeide/plugins/com.st.stm32cube.ide.mcu.externaltools.gnu-tools-for-stm32.10.3-2021.10.win32_1.0.200.202301161003/tools/bin/../lib/gcc/arm-none-eabi/10.3.1/../../../../arm-none-eabi/lib/thumb/v7-m/nofp\libc_nano.a
LOAD c:/st/stm32cubeide_1.5.0/stm32cubeide/plugins/com.st.stm32cube.ide.mcu.externaltools.gnu-tools-for-stm32.10.3-2021.10.win32_1.0.200.202301161003/tools/bin/../lib/gcc/arm-none-eabi/10.3.1/../../../../arm-none-eabi/lib/thumb/v7-m/nofp\libm.a
END GROUP
START GROUP
LOAD c:/st/stm32cubeide_1.5.0/stm32cubeide/plugins/com.st.stm32cube.ide.mcu.externaltools.gnu-tools-for-stm32.10.3-2021.10.win32_1.0.200.202301161003/tools/bin/../lib/gcc/arm-none-eabi/10.3.1/thumb/v7-m/nofp\libgcc.a
LOAD c:/st/stm32cubeide_1.5.0/stm32cubeide/plugins/com.st.stm32cube.ide.mcu.externaltools.gnu-tools-for-stm32.10.3-2021.10.win32_1.0.200.202301161003/tools/bin/../lib/gcc/arm-none-eabi/10.3.1/../../../../arm-none-eabi/lib/thumb/v7-m/nofp\libc_nano.a
END GROUP
START GROUP
LOAD c:/st/stm32cubeide_1.5.0/stm32cubeide/plugins/com.st.stm32cube.ide.mcu.externaltools.gnu-tools-for-stm32.10.3-2021.10.win32_1.0.200.202301161003/tools/bin/../lib/gcc/arm-none-eabi/10.3.1/thumb/v7-m/nofp\libgcc.a
LOAD c:/st/stm32cubeide_1.5.0/stm32cubeide/plugins/com.st.stm32cube.ide.mcu.externaltools.gnu-tools-for-stm32.10.3-2021.10.win32_1.0.200.202301161003/tools/bin/../lib/gcc/arm-none-eabi/10.3.1/../../../../arm-none-eabi/lib/thumb/v7-m/nofp\libc_nano.a
LOAD c:/st/stm32cubeide_1.5.0/stm32cubeide/plugins/com.st.stm32cube.ide.mcu.externaltools.gnu-tools-for-stm32.10.3-2021.10.win32_1.0.200.202301161003/tools/bin/../lib/gcc/arm-none-eabi/10.3.1/../../../../arm-none-eabi/lib/thumb/v7-m/nofp\libnosys.a
END GROUP
START GROUP
LOAD c:/st/stm32cubeide_1.5.0/stm32cubeide/plugins/com.st.stm32cube.ide.mcu.externaltools.gnu-tools-for-stm32.10.3-2021.10.win32_1.0.200.202301161003/tools/bin/../lib/gcc/arm-none-eabi/10.3.1/thumb/v7-m/nofp\libgcc.a
LOAD c:/st/stm32cubeide_1.5.0/stm32cubeide/plugins/com.st.stm32cube.ide.mcu.externaltools.gnu-tools-for-stm32.10.3-2021.10.win32_1.0.200.202301161003/tools/bin/../lib/gcc/arm-none-eabi/10.3.1/../../../../arm-none-eabi/lib/thumb/v7-m/nofp\libc_nano.a
LOAD c:/st/stm32cubeide_1.5.0/stm32cubeide/plugins/com.st.stm32cube.ide.mcu.externaltools.gnu-tools-for-stm32.10.3-2021.10.win32_1.0.200.202301161003/tools/bin/../lib/gcc/arm-none-eabi/10.3.1/../../../../arm-none-eabi/lib/thumb/v7-m/nofp\libnosys.a
END GROUP
LOAD c:/st/stm32cubeide_1.5.0/stm32cubeide/plugins/com.st.stm32cube.ide.mcu.externaltools.gnu-tools-for-stm32.10.3-2021.10.win32_1.0.200.202301161003/tools/bin/../lib/gcc/arm-none-eabi/10.3.1/thumb/v7-m/nofp/crtend.o
LOAD c:/st/stm32cubeide_1.5.0/stm32cubeide/plugins/com.st.stm32cube.ide.mcu.externaltools.gnu-tools-for-stm32.10.3-2021.10.win32_1.0.200.202301161003/tools/bin/../lib/gcc/arm-none-eabi/10.3.1/thumb/v7-m/nofp/crtn.o
                0x0000000020010000                _estack = (ORIGIN (RAM) + LENGTH (RAM))
                0x0000000000000800                _Min_Heap_Size = 0x800
                0x0000000000001000                _Min_Stack_Size = 0x1000

.isr_vector     0x0000000008000000      0x1e4
                0x0000000008000000                . = ALIGN (0x4)
 *(.isr_vector)
 .isr_vector    0x0000000008000000      0x1e4 ./Core/Startup/startup_stm32f103zetx.o
                0x0000000008000000                g_pfnVectors
                0x00000000080001e4                . = ALIGN (0x4)

.text           0x00000000080001e8    0x13644
                0x00000000080001e8                . = ALIGN (0x4)
 *(.text)
 .text          0x00000000080001e8       0x40 c:/st/stm32cubeide_1.5.0/stm32cubeide/plugins/com.st.stm32cube.ide.mcu.externaltools.gnu-tools-for-stm32.10.3-2021.10.win32_1.0.200.202301161003/tools/bin/../lib/gcc/arm-none-eabi/10.3.1/thumb/v7-m/nofp/crtbegin.o
 .text          0x0000000008000228       0x10 c:/st/stm32cubeide_1.5.0/stm32cubeide/plugins/com.st.stm32cube.ide.mcu.externaltools.gnu-tools-for-stm32.10.3-2021.10.win32_1.0.200.202301161003/tools/bin/../lib/gcc/arm-none-eabi/10.3.1/../../../../arm-none-eabi/lib/thumb/v7-m/nofp\libc_nano.a(lib_a-strlen.o)
                0x0000000008000228                strlen
 .text          0x0000000008000238      0x378 c:/st/stm32cubeide_1.5.0/stm32cubeide/plugins/com.st.stm32cube.ide.mcu.externaltools.gnu-tools-for-stm32.10.3-2021.10.win32_1.0.200.202301161003/tools/bin/../lib/gcc/arm-none-eabi/10.3.1/thumb/v7-m/nofp\libgcc.a(_arm_addsubdf3.o)
                0x0000000008000238                __aeabi_drsub
                0x0000000008000240                __aeabi_dsub
                0x0000000008000240                __subdf3
                0x0000000008000244                __aeabi_dadd
                0x0000000008000244                __adddf3
                0x00000000080004bc                __floatunsidf
                0x00000000080004bc                __aeabi_ui2d
                0x00000000080004dc                __floatsidf
                0x00000000080004dc                __aeabi_i2d
                0x0000000008000500                __aeabi_f2d
                0x0000000008000500                __extendsfdf2
                0x0000000008000544                __floatundidf
                0x0000000008000544                __aeabi_ul2d
                0x0000000008000554                __floatdidf
                0x0000000008000554                __aeabi_l2d
 .text          0x00000000080005b0      0x424 c:/st/stm32cubeide_1.5.0/stm32cubeide/plugins/com.st.stm32cube.ide.mcu.externaltools.gnu-tools-for-stm32.10.3-2021.10.win32_1.0.200.202301161003/tools/bin/../lib/gcc/arm-none-eabi/10.3.1/thumb/v7-m/nofp\libgcc.a(_arm_muldivdf3.o)
                0x00000000080005b0                __aeabi_dmul
                0x00000000080005b0                __muldf3
                0x0000000008000804                __divdf3
                0x0000000008000804                __aeabi_ddiv
 .text          0x00000000080009d4      0x110 c:/st/stm32cubeide_1.5.0/stm32cubeide/plugins/com.st.stm32cube.ide.mcu.externaltools.gnu-tools-for-stm32.10.3-2021.10.win32_1.0.200.202301161003/tools/bin/../lib/gcc/arm-none-eabi/10.3.1/thumb/v7-m/nofp\libgcc.a(_arm_cmpdf2.o)
                0x00000000080009d4                __gtdf2
                0x00000000080009d4                __gedf2
                0x00000000080009dc                __ltdf2
                0x00000000080009dc                __ledf2
                0x00000000080009e4                __nedf2
                0x00000000080009e4                __eqdf2
                0x00000000080009e4                __cmpdf2
                0x0000000008000a60                __aeabi_cdrcmple
                0x0000000008000a70                __aeabi_cdcmpeq
                0x0000000008000a70                __aeabi_cdcmple
                0x0000000008000a80                __aeabi_dcmpeq
                0x0000000008000a94                __aeabi_dcmplt
                0x0000000008000aa8                __aeabi_dcmple
                0x0000000008000abc                __aeabi_dcmpge
                0x0000000008000ad0                __aeabi_dcmpgt
 .text          0x0000000008000ae4       0x2c c:/st/stm32cubeide_1.5.0/stm32cubeide/plugins/com.st.stm32cube.ide.mcu.externaltools.gnu-tools-for-stm32.10.3-2021.10.win32_1.0.200.202301161003/tools/bin/../lib/gcc/arm-none-eabi/10.3.1/thumb/v7-m/nofp\libgcc.a(_arm_unorddf2.o)
                0x0000000008000ae4                __unorddf2
                0x0000000008000ae4                __aeabi_dcmpun
 .text          0x0000000008000b10       0x50 c:/st/stm32cubeide_1.5.0/stm32cubeide/plugins/com.st.stm32cube.ide.mcu.externaltools.gnu-tools-for-stm32.10.3-2021.10.win32_1.0.200.202301161003/tools/bin/../lib/gcc/arm-none-eabi/10.3.1/thumb/v7-m/nofp\libgcc.a(_arm_fixdfsi.o)
                0x0000000008000b10                __aeabi_d2iz
                0x0000000008000b10                __fixdfsi
 .text          0x0000000008000b60      0x21c c:/st/stm32cubeide_1.5.0/stm32cubeide/plugins/com.st.stm32cube.ide.mcu.externaltools.gnu-tools-for-stm32.10.3-2021.10.win32_1.0.200.202301161003/tools/bin/../lib/gcc/arm-none-eabi/10.3.1/thumb/v7-m/nofp\libgcc.a(_arm_addsubsf3.o)
                0x0000000008000b60                __aeabi_frsub
                0x0000000008000b68                __subsf3
                0x0000000008000b68                __aeabi_fsub
                0x0000000008000b6c                __aeabi_fadd
                0x0000000008000b6c                __addsf3
                0x0000000008000ccc                __aeabi_ui2f
                0x0000000008000ccc                __floatunsisf
                0x0000000008000cd4                __aeabi_i2f
                0x0000000008000cd4                __floatsisf
                0x0000000008000cf0                __aeabi_ul2f
                0x0000000008000cf0                __floatundisf
                0x0000000008000d00                __aeabi_l2f
                0x0000000008000d00                __floatdisf
 .text          0x0000000008000d7c      0x2a0 c:/st/stm32cubeide_1.5.0/stm32cubeide/plugins/com.st.stm32cube.ide.mcu.externaltools.gnu-tools-for-stm32.10.3-2021.10.win32_1.0.200.202301161003/tools/bin/../lib/gcc/arm-none-eabi/10.3.1/thumb/v7-m/nofp\libgcc.a(_arm_muldivsf3.o)
                0x0000000008000d7c                __mulsf3
                0x0000000008000d7c                __aeabi_fmul
                0x0000000008000ee4                __aeabi_fdiv
                0x0000000008000ee4                __divsf3
 *(.text*)
 .text.set_baudrate
                0x000000000800101c       0x58 ./Core/Src/1wire.o
 .text.wire_reset
                0x0000000008001074       0x50 ./Core/Src/1wire.o
                0x0000000008001074                wire_reset
 .text.read_bit
                0x00000000080010c4       0x54 ./Core/Src/1wire.o
 .text.wire_read
                0x0000000008001118       0x3e ./Core/Src/1wire.o
                0x0000000008001118                wire_read
 *fill*         0x0000000008001156        0x2 
 .text.write_bit
                0x0000000008001158       0x44 ./Core/Src/1wire.o
 .text.wire_write
                0x000000000800119c       0x38 ./Core/Src/1wire.o
                0x000000000800119c                wire_write
 .text.byte_crc
                0x00000000080011d4       0x56 ./Core/Src/1wire.o
 .text.wire_crc
                0x000000000800122a       0x42 ./Core/Src/1wire.o
                0x000000000800122a                wire_crc
 .text.GFX_SetFont
                0x000000000800126c       0x1c ./Core/Src/GFX_BW.o
                0x000000000800126c                GFX_SetFont
 .text.GFX_SetFontSize
                0x0000000008001288       0x24 ./Core/Src/GFX_BW.o
                0x0000000008001288                GFX_SetFontSize
 .text.GFX_DrawChar
                0x00000000080012ac      0x174 ./Core/Src/GFX_BW.o
                0x00000000080012ac                GFX_DrawChar
 .text.GFX_DrawString
                0x0000000008001420       0xb8 ./Core/Src/GFX_BW.o
                0x0000000008001420                GFX_DrawString
 .text.GFX_WriteLine
                0x00000000080014d8      0x11e ./Core/Src/GFX_BW.o
                0x00000000080014d8                GFX_WriteLine
 .text.GFX_DrawFastVLine
                0x00000000080015f6       0x2e ./Core/Src/GFX_BW.o
                0x00000000080015f6                GFX_DrawFastVLine
 .text.GFX_DrawFastHLine
                0x0000000008001624       0x2c ./Core/Src/GFX_BW.o
                0x0000000008001624                GFX_DrawFastHLine
 .text.GFX_DrawRectangle
                0x0000000008001650       0x5a ./Core/Src/GFX_BW.o
                0x0000000008001650                GFX_DrawRectangle
 .text.GFX_DrawFillRectangle
                0x00000000080016aa       0x46 ./Core/Src/GFX_BW.o
                0x00000000080016aa                GFX_DrawFillRectangle
 .text.GFX_DrawCircle
                0x00000000080016f0      0x1f8 ./Core/Src/GFX_BW.o
                0x00000000080016f0                GFX_DrawCircle
 .text.GFX_DrawFillCircleHelper
                0x00000000080018e8      0x142 ./Core/Src/GFX_BW.o
                0x00000000080018e8                GFX_DrawFillCircleHelper
 .text.GFX_DrawFillCircle
                0x0000000008001a2a       0x46 ./Core/Src/GFX_BW.o
                0x0000000008001a2a                GFX_DrawFillCircle
 .text.m24cxxInit
                0x0000000008001a70       0x50 ./Core/Src/M24Cxx.o
                0x0000000008001a70                m24cxxInit
 .text.m24cxxWcSetIt
                0x0000000008001ac0       0x3e ./Core/Src/M24Cxx.o
                0x0000000008001ac0                m24cxxWcSetIt
 *fill*         0x0000000008001afe        0x2 
 .text.MX_ADC1_Init
                0x0000000008001b00       0xd4 ./Core/Src/adc.o
                0x0000000008001b00                MX_ADC1_Init
 .text.HAL_ADC_MspInit
                0x0000000008001bd4      0x100 ./Core/Src/adc.o
                0x0000000008001bd4                HAL_ADC_MspInit
 .text.ButtonInitKey
                0x0000000008001cd4       0x3e ./Core/Src/button.o
                0x0000000008001cd4                ButtonInitKey
 .text.ButtonRegisterPressCallback
                0x0000000008001d12       0x1a ./Core/Src/button.o
                0x0000000008001d12                ButtonRegisterPressCallback
 .text.ButtonRegisterRepeatCallback
                0x0000000008001d2c       0x1a ./Core/Src/button.o
                0x0000000008001d2c                ButtonRegisterRepeatCallback
 .text.ButtonIdleRoutine
                0x0000000008001d46       0x36 ./Core/Src/button.o
                0x0000000008001d46                ButtonIdleRoutine
 .text.ButtonDebounceRoutine
                0x0000000008001d7c       0x60 ./Core/Src/button.o
                0x0000000008001d7c                ButtonDebounceRoutine
 .text.ButtonPressedRoutine
                0x0000000008001ddc       0x60 ./Core/Src/button.o
                0x0000000008001ddc                ButtonPressedRoutine
 .text.ButtonRepeatRoutine
                0x0000000008001e3c       0x5a ./Core/Src/button.o
                0x0000000008001e3c                ButtonRepeatRoutine
 .text.ButtonReleaseRoutine
                0x0000000008001e96       0x24 ./Core/Src/button.o
                0x0000000008001e96                ButtonReleaseRoutine
 *fill*         0x0000000008001eba        0x2 
 .text.ButtonTask
                0x0000000008001ebc       0x5c ./Core/Src/button.o
                0x0000000008001ebc                ButtonTask
 .text.MX_DMA_Init
                0x0000000008001f18       0x9c ./Core/Src/dma.o
                0x0000000008001f18                MX_DMA_Init
 .text.ds18b20_read_address
                0x0000000008001fb4       0x62 ./Core/Src/ds18b20.o
                0x0000000008001fb4                ds18b20_read_address
 .text.send_cmd
                0x0000000008002016       0x60 ./Core/Src/ds18b20.o
 .text.ds18b20_start_measure
                0x0000000008002076       0x1a ./Core/Src/ds18b20.o
                0x0000000008002076                ds18b20_start_measure
 .text.ds18b20_read_scratchpad
                0x0000000008002090       0x62 ./Core/Src/ds18b20.o
 .text.ds18b20_get_temp_wo_fp
                0x00000000080020f2       0x40 ./Core/Src/ds18b20.o
                0x00000000080020f2                ds18b20_get_temp_wo_fp
 *fill*         0x0000000008002132        0x2 
 .text.MX_GPIO_Init
                0x0000000008002134      0x1fc ./Core/Src/gpio.o
                0x0000000008002134                MX_GPIO_Init
 .text.MX_I2C1_Init
                0x0000000008002330       0x5c ./Core/Src/i2c.o
                0x0000000008002330                MX_I2C1_Init
 .text.HAL_I2C_MspInit
                0x000000000800238c      0x124 ./Core/Src/i2c.o
                0x000000000800238c                HAL_I2C_MspInit
 .text.main     0x00000000080024b0      0x1a8 ./Core/Src/main.o
                0x00000000080024b0                main
 .text.SystemClock_Config
                0x0000000008002658       0xbe ./Core/Src/main.o
                0x0000000008002658                SystemClock_Config
 .text.MX_NVIC_Init
                0x0000000008002716       0x68 ./Core/Src/main.o
 *fill*         0x000000000800277e        0x2 
 .text.OutputSet
                0x0000000008002780       0x20 ./Core/Src/main.o
                0x0000000008002780                OutputSet
 .text.OutputPinStateSet
                0x00000000080027a0       0x58 ./Core/Src/main.o
                0x00000000080027a0                OutputPinStateSet
 .text.OutputPinToggle
                0x00000000080027f8       0x2c ./Core/Src/main.o
                0x00000000080027f8                OutputPinToggle
 .text.PwmSet   0x0000000008002824       0x4c ./Core/Src/main.o
                0x0000000008002824                PwmSet
 .text.PwmChannelSet
                0x0000000008002870       0x60 ./Core/Src/main.o
                0x0000000008002870                PwmChannelSet
 .text.DisplayContrast
                0x00000000080028d0       0x20 ./Core/Src/main.o
                0x00000000080028d0                DisplayContrast
 .text.ShowMenu
                0x00000000080028f0       0x48 ./Core/Src/main.o
                0x00000000080028f0                ShowMenu
 .text.HideMenu
                0x0000000008002938       0x34 ./Core/Src/main.o
                0x0000000008002938                HideMenu
 .text.ShowMeasurements
                0x000000000800296c       0xb8 ./Core/Src/main.o
                0x000000000800296c                ShowMeasurements
 .text.ShowTemperature
                0x0000000008002a24       0x94 ./Core/Src/main.o
                0x0000000008002a24                ShowTemperature
 .text.Show8bitIndicators
                0x0000000008002ab8      0x128 ./Core/Src/main.o
                0x0000000008002ab8                Show8bitIndicators
 .text.ShowOut0to7
                0x0000000008002be0       0x2c ./Core/Src/main.o
                0x0000000008002be0                ShowOut0to7
 .text.ShowOut8to15
                0x0000000008002c0c       0x30 ./Core/Src/main.o
                0x0000000008002c0c                ShowOut8to15
 .text.ShowIn0to7
                0x0000000008002c3c       0x30 ./Core/Src/main.o
                0x0000000008002c3c                ShowIn0to7
 .text.ShowIn8to15
                0x0000000008002c6c       0x34 ./Core/Src/main.o
                0x0000000008002c6c                ShowIn8to15
 .text.ShowPWMsetMenu
                0x0000000008002ca0        0xc ./Core/Src/main.o
                0x0000000008002ca0                ShowPWMsetMenu
 .text.HAL_ADC_ConvCpltCallback
                0x0000000008002cac       0x40 ./Core/Src/main.o
                0x0000000008002cac                HAL_ADC_ConvCpltCallback
 .text.MeasurementConversion
                0x0000000008002cec       0x80 ./Core/Src/main.o
                0x0000000008002cec                MeasurementConversion
 .text.IntervalFunc500ms
                0x0000000008002d6c       0x94 ./Core/Src/main.o
                0x0000000008002d6c                IntervalFunc500ms
 .text.IntervalFunc100ms
                0x0000000008002e00       0xc4 ./Core/Src/main.o
                0x0000000008002e00                IntervalFunc100ms
 .text.IntervalFunc50ms
                0x0000000008002ec4       0x3c ./Core/Src/main.o
                0x0000000008002ec4                IntervalFunc50ms
 .text.HAL_I2C_MemTxCpltCallback
                0x0000000008002f00       0x1c ./Core/Src/main.o
                0x0000000008002f00                HAL_I2C_MemTxCpltCallback
 .text.CDC_ReveiveCallback
                0x0000000008002f1c       0x78 ./Core/Src/main.o
                0x0000000008002f1c                CDC_ReveiveCallback
 .text.UsbBuffWrite
                0x0000000008002f94       0x88 ./Core/Src/main.o
                0x0000000008002f94                UsbBuffWrite
 .text.UsbTransmitTask
                0x000000000800301c       0x54 ./Core/Src/main.o
                0x000000000800301c                UsbTransmitTask
 .text.Error_Handler
                0x0000000008003070        0xa ./Core/Src/main.o
                0x0000000008003070                Error_Handler
 *fill*         0x000000000800307a        0x2 
 .text.HeaderDraw
                0x000000000800307c      0x16c ./Core/Src/menu.o
 .text.MenuNext
                0x00000000080031e8       0x84 ./Core/Src/menu.o
                0x00000000080031e8                MenuNext
 .text.MenuPrev
                0x000000000800326c       0x78 ./Core/Src/menu.o
                0x000000000800326c                MenuPrev
 .text.MenuEnter
                0x00000000080032e4       0xa4 ./Core/Src/menu.o
                0x00000000080032e4                MenuEnter
 .text.MenuBack
                0x0000000008003388       0x58 ./Core/Src/menu.o
                0x0000000008003388                MenuBack
 .text.MenuGetIndex
                0x00000000080033e0       0x48 ./Core/Src/menu.o
 .text.MenuGetLevel
                0x0000000008003428       0x3c ./Core/Src/menu.o
 .text.MenuRefresh
                0x0000000008003464      0x1a8 ./Core/Src/menu.o
                0x0000000008003464                MenuRefresh
 .text.ScrollString
                0x000000000800360c      0x190 ./Core/Src/menu.o
                0x000000000800360c                ScrollString
 .text.StateIndicator
                0x000000000800379c      0x184 ./Core/Src/menu.o
 .text.MenuIndicatorRefresh
                0x0000000008003920      0x1f0 ./Core/Src/menu_out_set.o
                0x0000000008003920                MenuIndicatorRefresh
 .text.SetOut0  0x0000000008003b10        0xe ./Core/Src/menu_out_set.o
                0x0000000008003b10                SetOut0
 .text.SetOut1  0x0000000008003b1e        0xe ./Core/Src/menu_out_set.o
                0x0000000008003b1e                SetOut1
 .text.SetOut2  0x0000000008003b2c        0xe ./Core/Src/menu_out_set.o
                0x0000000008003b2c                SetOut2
 .text.SetOut3  0x0000000008003b3a        0xe ./Core/Src/menu_out_set.o
                0x0000000008003b3a                SetOut3
 .text.SetOut4  0x0000000008003b48        0xe ./Core/Src/menu_out_set.o
                0x0000000008003b48                SetOut4
 .text.SetOut5  0x0000000008003b56        0xe ./Core/Src/menu_out_set.o
                0x0000000008003b56                SetOut5
 .text.SetOut6  0x0000000008003b64        0xe ./Core/Src/menu_out_set.o
                0x0000000008003b64                SetOut6
 .text.SetOut7  0x0000000008003b72        0xe ./Core/Src/menu_out_set.o
                0x0000000008003b72                SetOut7
 .text.SetOut8  0x0000000008003b80        0xe ./Core/Src/menu_out_set.o
                0x0000000008003b80                SetOut8
 .text.SetOut9  0x0000000008003b8e        0xe ./Core/Src/menu_out_set.o
                0x0000000008003b8e                SetOut9
 .text.SetOut10
                0x0000000008003b9c        0xe ./Core/Src/menu_out_set.o
                0x0000000008003b9c                SetOut10
 .text.SetOut11
                0x0000000008003baa        0xe ./Core/Src/menu_out_set.o
                0x0000000008003baa                SetOut11
 .text.SetOut12
                0x0000000008003bb8        0xe ./Core/Src/menu_out_set.o
                0x0000000008003bb8                SetOut12
 .text.SetOut13
                0x0000000008003bc6        0xe ./Core/Src/menu_out_set.o
                0x0000000008003bc6                SetOut13
 .text.SetOut14
                0x0000000008003bd4        0xe ./Core/Src/menu_out_set.o
                0x0000000008003bd4                SetOut14
 .text.SetOut15
                0x0000000008003be2        0xe ./Core/Src/menu_out_set.o
                0x0000000008003be2                SetOut15
 .text.Parser_TakeLine
                0x0000000008003bf0       0x50 ./Core/Src/parser_complex.o
                0x0000000008003bf0                Parser_TakeLine
 .text.Parser_parse
                0x0000000008003c40       0xb4 ./Core/Src/parser_complex.o
                0x0000000008003c40                Parser_parse
 .text.Ring_Buffer_Read
                0x0000000008003cf4       0x50 ./Core/Src/ring_buffer.o
                0x0000000008003cf4                Ring_Buffer_Read
 .text.Ring_Buffer_Write
                0x0000000008003d44       0x50 ./Core/Src/ring_buffer.o
                0x0000000008003d44                Ring_Buffer_Write
 .text.Ring_Buffer_Flush
                0x0000000008003d94       0x1e ./Core/Src/ring_buffer.o
                0x0000000008003d94                Ring_Buffer_Flush
 *fill*         0x0000000008003db2        0x2 
 .text.SSD1306_Command
                0x0000000008003db4       0x34 ./Core/Src/ssd1306.o
                0x0000000008003db4                SSD1306_Command
 .text.SSD1306_Data
                0x0000000008003de8       0x40 ./Core/Src/ssd1306.o
 .text.SSD1306_DrawPixel
                0x0000000008003e28      0x11c ./Core/Src/ssd1306.o
                0x0000000008003e28                SSD1306_DrawPixel
 .text.SSD1306_Clear
                0x0000000008003f44       0x3c ./Core/Src/ssd1306.o
                0x0000000008003f44                SSD1306_Clear
 .text.SSD1306_Display
                0x0000000008003f80       0x48 ./Core/Src/ssd1306.o
                0x0000000008003f80                SSD1306_Display
 .text.XferCpltCallback
                0x0000000008003fc8       0x30 ./Core/Src/ssd1306.o
 .text.SSD1306_Init
                0x0000000008003ff8       0xec ./Core/Src/ssd1306.o
                0x0000000008003ff8                SSD1306_Init
 .text.HAL_MspInit
                0x00000000080040e4       0x64 ./Core/Src/stm32f1xx_hal_msp.o
                0x00000000080040e4                HAL_MspInit
 .text.NMI_Handler
                0x0000000008004148        0x6 ./Core/Src/stm32f1xx_it.o
                0x0000000008004148                NMI_Handler
 .text.HardFault_Handler
                0x000000000800414e        0x6 ./Core/Src/stm32f1xx_it.o
                0x000000000800414e                HardFault_Handler
 .text.MemManage_Handler
                0x0000000008004154        0x6 ./Core/Src/stm32f1xx_it.o
                0x0000000008004154                MemManage_Handler
 .text.BusFault_Handler
                0x000000000800415a        0x6 ./Core/Src/stm32f1xx_it.o
                0x000000000800415a                BusFault_Handler
 .text.UsageFault_Handler
                0x0000000008004160        0x6 ./Core/Src/stm32f1xx_it.o
                0x0000000008004160                UsageFault_Handler
 .text.SVC_Handler
                0x0000000008004166        0xc ./Core/Src/stm32f1xx_it.o
                0x0000000008004166                SVC_Handler
 .text.DebugMon_Handler
                0x0000000008004172        0xc ./Core/Src/stm32f1xx_it.o
                0x0000000008004172                DebugMon_Handler
 .text.PendSV_Handler
                0x000000000800417e        0xc ./Core/Src/stm32f1xx_it.o
                0x000000000800417e                PendSV_Handler
 .text.SysTick_Handler
                0x000000000800418a        0xc ./Core/Src/stm32f1xx_it.o
                0x000000000800418a                SysTick_Handler
 *fill*         0x0000000008004196        0x2 
 .text.DMA1_Channel1_IRQHandler
                0x0000000008004198       0x14 ./Core/Src/stm32f1xx_it.o
                0x0000000008004198                DMA1_Channel1_IRQHandler
 .text.DMA1_Channel6_IRQHandler
                0x00000000080041ac       0x14 ./Core/Src/stm32f1xx_it.o
                0x00000000080041ac                DMA1_Channel6_IRQHandler
 .text.DMA1_Channel7_IRQHandler
                0x00000000080041c0       0x14 ./Core/Src/stm32f1xx_it.o
                0x00000000080041c0                DMA1_Channel7_IRQHandler
 .text.ADC1_2_IRQHandler
                0x00000000080041d4       0x14 ./Core/Src/stm32f1xx_it.o
                0x00000000080041d4                ADC1_2_IRQHandler
 .text.USB_LP_CAN1_RX0_IRQHandler
                0x00000000080041e8       0x14 ./Core/Src/stm32f1xx_it.o
                0x00000000080041e8                USB_LP_CAN1_RX0_IRQHandler
 .text.I2C1_EV_IRQHandler
                0x00000000080041fc       0x14 ./Core/Src/stm32f1xx_it.o
                0x00000000080041fc                I2C1_EV_IRQHandler
 .text.DMA2_Channel1_IRQHandler
                0x0000000008004210       0x14 ./Core/Src/stm32f1xx_it.o
                0x0000000008004210                DMA2_Channel1_IRQHandler
 .text._getpid  0x0000000008004224        0xe ./Core/Src/syscalls.o
                0x0000000008004224                _getpid
 .text._kill    0x0000000008004232       0x20 ./Core/Src/syscalls.o
                0x0000000008004232                _kill
 .text._exit    0x0000000008004252       0x14 ./Core/Src/syscalls.o
                0x0000000008004252                _exit
 .text._read    0x0000000008004266       0x3a ./Core/Src/syscalls.o
                0x0000000008004266                _read
 .text._write   0x00000000080042a0       0x38 ./Core/Src/syscalls.o
                0x00000000080042a0                _write
 .text._close   0x00000000080042d8       0x16 ./Core/Src/syscalls.o
                0x00000000080042d8                _close
 .text._fstat   0x00000000080042ee       0x1e ./Core/Src/syscalls.o
                0x00000000080042ee                _fstat
 .text._isatty  0x000000000800430c       0x14 ./Core/Src/syscalls.o
                0x000000000800430c                _isatty
 .text._lseek   0x0000000008004320       0x18 ./Core/Src/syscalls.o
                0x0000000008004320                _lseek
 .text._sbrk    0x0000000008004338       0x6c ./Core/Src/sysmem.o
                0x0000000008004338                _sbrk
 .text.SystemInit
                0x00000000080043a4        0xc ./Core/Src/system_stm32f1xx.o
                0x00000000080043a4                SystemInit
 .text.MX_TIM3_Init
                0x00000000080043b0       0xec ./Core/Src/tim.o
                0x00000000080043b0                MX_TIM3_Init
 .text.MX_TIM4_Init
                0x000000000800449c      0x134 ./Core/Src/tim.o
                0x000000000800449c                MX_TIM4_Init
 .text.HAL_TIM_Base_MspInit
                0x00000000080045d0       0x64 ./Core/Src/tim.o
                0x00000000080045d0                HAL_TIM_Base_MspInit
 .text.HAL_TIM_MspPostInit
                0x0000000008004634       0xf0 ./Core/Src/tim.o
                0x0000000008004634                HAL_TIM_MspPostInit
 .text.MX_USART1_UART_Init
                0x0000000008004724       0x54 ./Core/Src/usart.o
                0x0000000008004724                MX_USART1_UART_Init
 .text.MX_USART2_UART_Init
                0x0000000008004778       0x54 ./Core/Src/usart.o
                0x0000000008004778                MX_USART2_UART_Init
 .text.MX_USART3_UART_Init
                0x00000000080047cc       0x54 ./Core/Src/usart.o
                0x00000000080047cc                MX_USART3_UART_Init
 .text.HAL_UART_MspInit
                0x0000000008004820      0x168 ./Core/Src/usart.o
                0x0000000008004820                HAL_UART_MspInit
 .text.Reset_Handler
                0x0000000008004988       0x48 ./Core/Startup/startup_stm32f103zetx.o
                0x0000000008004988                Reset_Handler
 .text.Default_Handler
                0x00000000080049d0        0x2 ./Core/Startup/startup_stm32f103zetx.o
                0x00000000080049d0                RTC_Alarm_IRQHandler
                0x00000000080049d0                EXTI2_IRQHandler
                0x00000000080049d0                TIM8_TRG_COM_IRQHandler
                0x00000000080049d0                TIM8_CC_IRQHandler
                0x00000000080049d0                TIM1_CC_IRQHandler
                0x00000000080049d0                TIM6_IRQHandler
                0x00000000080049d0                PVD_IRQHandler
                0x00000000080049d0                SDIO_IRQHandler
                0x00000000080049d0                EXTI3_IRQHandler
                0x00000000080049d0                EXTI0_IRQHandler
                0x00000000080049d0                I2C2_EV_IRQHandler
                0x00000000080049d0                SPI1_IRQHandler
                0x00000000080049d0                TAMPER_IRQHandler
                0x00000000080049d0                TIM8_UP_IRQHandler
                0x00000000080049d0                DMA2_Channel2_IRQHandler
                0x00000000080049d0                DMA1_Channel4_IRQHandler
                0x00000000080049d0                USART3_IRQHandler
                0x00000000080049d0                RTC_IRQHandler
                0x00000000080049d0                CAN1_RX1_IRQHandler
                0x00000000080049d0                UART5_IRQHandler
                0x00000000080049d0                ADC3_IRQHandler
                0x00000000080049d0                TIM4_IRQHandler
                0x00000000080049d0                UART4_IRQHandler
                0x00000000080049d0                TIM3_IRQHandler
                0x00000000080049d0                RCC_IRQHandler
                0x00000000080049d0                TIM1_TRG_COM_IRQHandler
                0x00000000080049d0                Default_Handler
                0x00000000080049d0                EXTI15_10_IRQHandler
                0x00000000080049d0                TIM7_IRQHandler
                0x00000000080049d0                TIM5_IRQHandler
                0x00000000080049d0                EXTI9_5_IRQHandler
                0x00000000080049d0                SPI2_IRQHandler
                0x00000000080049d0                DMA1_Channel5_IRQHandler
                0x00000000080049d0                EXTI4_IRQHandler
                0x00000000080049d0                USB_HP_CAN1_TX_IRQHandler
                0x00000000080049d0                DMA1_Channel3_IRQHandler
                0x00000000080049d0                FSMC_IRQHandler
                0x00000000080049d0                TIM1_UP_IRQHandler
                0x00000000080049d0                WWDG_IRQHandler
                0x00000000080049d0                TIM2_IRQHandler
                0x00000000080049d0                TIM1_BRK_IRQHandler
                0x00000000080049d0                EXTI1_IRQHandler
                0x00000000080049d0                DMA2_Channel4_5_IRQHandler
                0x00000000080049d0                USART2_IRQHandler
                0x00000000080049d0                I2C2_ER_IRQHandler
                0x00000000080049d0                DMA1_Channel2_IRQHandler
                0x00000000080049d0                TIM8_BRK_IRQHandler
                0x00000000080049d0                CAN1_SCE_IRQHandler
                0x00000000080049d0                FLASH_IRQHandler
                0x00000000080049d0                USART1_IRQHandler
                0x00000000080049d0                SPI3_IRQHandler
                0x00000000080049d0                I2C1_ER_IRQHandler
                0x00000000080049d0                USBWakeUp_IRQHandler
                0x00000000080049d0                DMA2_Channel3_IRQHandler
 *fill*         0x00000000080049d2        0x2 
 .text.HAL_Init
                0x00000000080049d4       0x2c ./Drivers/STM32F1xx_HAL_Driver/Src/stm32f1xx_hal.o
                0x00000000080049d4                HAL_Init
 .text.HAL_InitTick
                0x0000000008004a00       0x60 ./Drivers/STM32F1xx_HAL_Driver/Src/stm32f1xx_hal.o
                0x0000000008004a00                HAL_InitTick
 .text.HAL_IncTick
                0x0000000008004a60       0x24 ./Drivers/STM32F1xx_HAL_Driver/Src/stm32f1xx_hal.o
                0x0000000008004a60                HAL_IncTick
 .text.HAL_GetTick
                0x0000000008004a84       0x14 ./Drivers/STM32F1xx_HAL_Driver/Src/stm32f1xx_hal.o
                0x0000000008004a84                HAL_GetTick
 .text.HAL_ADC_Init
                0x0000000008004a98      0x1d4 ./Drivers/STM32F1xx_HAL_Driver/Src/stm32f1xx_hal_adc.o
                0x0000000008004a98                HAL_ADC_Init
 .text.HAL_ADC_Start_DMA
                0x0000000008004c6c      0x1bc ./Drivers/STM32F1xx_HAL_Driver/Src/stm32f1xx_hal_adc.o
                0x0000000008004c6c                HAL_ADC_Start_DMA
 .text.HAL_ADC_IRQHandler
                0x0000000008004e28      0x17e ./Drivers/STM32F1xx_HAL_Driver/Src/stm32f1xx_hal_adc.o
                0x0000000008004e28                HAL_ADC_IRQHandler
 .text.HAL_ADC_ConvHalfCpltCallback
                0x0000000008004fa6       0x12 ./Drivers/STM32F1xx_HAL_Driver/Src/stm32f1xx_hal_adc.o
                0x0000000008004fa6                HAL_ADC_ConvHalfCpltCallback
 .text.HAL_ADC_LevelOutOfWindowCallback
                0x0000000008004fb8       0x12 ./Drivers/STM32F1xx_HAL_Driver/Src/stm32f1xx_hal_adc.o
                0x0000000008004fb8                HAL_ADC_LevelOutOfWindowCallback
 .text.HAL_ADC_ErrorCallback
                0x0000000008004fca       0x12 ./Drivers/STM32F1xx_HAL_Driver/Src/stm32f1xx_hal_adc.o
                0x0000000008004fca                HAL_ADC_ErrorCallback
 .text.HAL_ADC_ConfigChannel
                0x0000000008004fdc      0x1f0 ./Drivers/STM32F1xx_HAL_Driver/Src/stm32f1xx_hal_adc.o
                0x0000000008004fdc                HAL_ADC_ConfigChannel
 .text.ADC_Enable
                0x00000000080051cc       0xb4 ./Drivers/STM32F1xx_HAL_Driver/Src/stm32f1xx_hal_adc.o
                0x00000000080051cc                ADC_Enable
 .text.ADC_ConversionStop_Disable
                0x0000000008005280       0x82 ./Drivers/STM32F1xx_HAL_Driver/Src/stm32f1xx_hal_adc.o
                0x0000000008005280                ADC_ConversionStop_Disable
 .text.ADC_DMAConvCplt
                0x0000000008005302       0x7c ./Drivers/STM32F1xx_HAL_Driver/Src/stm32f1xx_hal_adc.o
                0x0000000008005302                ADC_DMAConvCplt
 .text.ADC_DMAHalfConvCplt
                0x000000000800537e       0x1c ./Drivers/STM32F1xx_HAL_Driver/Src/stm32f1xx_hal_adc.o
                0x000000000800537e                ADC_DMAHalfConvCplt
 .text.ADC_DMAError
                0x000000000800539a       0x34 ./Drivers/STM32F1xx_HAL_Driver/Src/stm32f1xx_hal_adc.o
                0x000000000800539a                ADC_DMAError
 .text.HAL_ADCEx_InjectedConvCpltCallback
                0x00000000080053ce       0x12 ./Drivers/STM32F1xx_HAL_Driver/Src/stm32f1xx_hal_adc_ex.o
                0x00000000080053ce                HAL_ADCEx_InjectedConvCpltCallback
 .text.__NVIC_SetPriorityGrouping
                0x00000000080053e0       0x48 ./Drivers/STM32F1xx_HAL_Driver/Src/stm32f1xx_hal_cortex.o
 .text.__NVIC_GetPriorityGrouping
                0x0000000008005428       0x1c ./Drivers/STM32F1xx_HAL_Driver/Src/stm32f1xx_hal_cortex.o
 .text.__NVIC_EnableIRQ
                0x0000000008005444       0x38 ./Drivers/STM32F1xx_HAL_Driver/Src/stm32f1xx_hal_cortex.o
 .text.__NVIC_SetPriority
                0x000000000800547c       0x54 ./Drivers/STM32F1xx_HAL_Driver/Src/stm32f1xx_hal_cortex.o
 .text.NVIC_EncodePriority
                0x00000000080054d0       0x64 ./Drivers/STM32F1xx_HAL_Driver/Src/stm32f1xx_hal_cortex.o
 .text.SysTick_Config
                0x0000000008005534       0x44 ./Drivers/STM32F1xx_HAL_Driver/Src/stm32f1xx_hal_cortex.o
 .text.HAL_NVIC_SetPriorityGrouping
                0x0000000008005578       0x16 ./Drivers/STM32F1xx_HAL_Driver/Src/stm32f1xx_hal_cortex.o
                0x0000000008005578                HAL_NVIC_SetPriorityGrouping
 .text.HAL_NVIC_SetPriority
                0x000000000800558e       0x38 ./Drivers/STM32F1xx_HAL_Driver/Src/stm32f1xx_hal_cortex.o
                0x000000000800558e                HAL_NVIC_SetPriority
 .text.HAL_NVIC_EnableIRQ
                0x00000000080055c6       0x1c ./Drivers/STM32F1xx_HAL_Driver/Src/stm32f1xx_hal_cortex.o
                0x00000000080055c6                HAL_NVIC_EnableIRQ
 .text.HAL_SYSTICK_Config
                0x00000000080055e2       0x18 ./Drivers/STM32F1xx_HAL_Driver/Src/stm32f1xx_hal_cortex.o
                0x00000000080055e2                HAL_SYSTICK_Config
 *fill*         0x00000000080055fa        0x2 
 .text.HAL_DMA_Init
                0x00000000080055fc       0xec ./Drivers/STM32F1xx_HAL_Driver/Src/stm32f1xx_hal_dma.o
                0x00000000080055fc                HAL_DMA_Init
 .text.HAL_DMA_Start_IT
                0x00000000080056e8       0xc0 ./Drivers/STM32F1xx_HAL_Driver/Src/stm32f1xx_hal_dma.o
                0x00000000080056e8                HAL_DMA_Start_IT
 .text.HAL_DMA_Abort_IT
                0x00000000080057a8      0x210 ./Drivers/STM32F1xx_HAL_Driver/Src/stm32f1xx_hal_dma.o
                0x00000000080057a8                HAL_DMA_Abort_IT
 .text.HAL_DMA_IRQHandler
                0x00000000080059b8      0x478 ./Drivers/STM32F1xx_HAL_Driver/Src/stm32f1xx_hal_dma.o
                0x00000000080059b8                HAL_DMA_IRQHandler
 .text.HAL_DMA_GetState
                0x0000000008005e30       0x1a ./Drivers/STM32F1xx_HAL_Driver/Src/stm32f1xx_hal_dma.o
                0x0000000008005e30                HAL_DMA_GetState
 .text.DMA_SetConfig
                0x0000000008005e4a       0x5a ./Drivers/STM32F1xx_HAL_Driver/Src/stm32f1xx_hal_dma.o
 .text.HAL_GPIO_Init
                0x0000000008005ea4      0x328 ./Drivers/STM32F1xx_HAL_Driver/Src/stm32f1xx_hal_gpio.o
                0x0000000008005ea4                HAL_GPIO_Init
 .text.HAL_GPIO_ReadPin
                0x00000000080061cc       0x2e ./Drivers/STM32F1xx_HAL_Driver/Src/stm32f1xx_hal_gpio.o
                0x00000000080061cc                HAL_GPIO_ReadPin
 .text.HAL_GPIO_WritePin
                0x00000000080061fa       0x30 ./Drivers/STM32F1xx_HAL_Driver/Src/stm32f1xx_hal_gpio.o
                0x00000000080061fa                HAL_GPIO_WritePin
 .text.HAL_GPIO_TogglePin
                0x000000000800622a       0x32 ./Drivers/STM32F1xx_HAL_Driver/Src/stm32f1xx_hal_gpio.o
                0x000000000800622a                HAL_GPIO_TogglePin
 .text.HAL_I2C_Init
                0x000000000800625c      0x288 ./Drivers/STM32F1xx_HAL_Driver/Src/stm32f1xx_hal_i2c.o
                0x000000000800625c                HAL_I2C_Init
 .text.I2C_Flush_DR
                0x00000000080064e4       0x28 ./Drivers/STM32F1xx_HAL_Driver/Src/stm32f1xx_hal_i2c.o
 .text.HAL_I2C_Mem_Write
                0x000000000800650c      0x1f4 ./Drivers/STM32F1xx_HAL_Driver/Src/stm32f1xx_hal_i2c.o
                0x000000000800650c                HAL_I2C_Mem_Write
 .text.HAL_I2C_Mem_Write_DMA
                0x0000000008006700      0x2ac ./Drivers/STM32F1xx_HAL_Driver/Src/stm32f1xx_hal_i2c.o
                0x0000000008006700                HAL_I2C_Mem_Write_DMA
 .text.HAL_I2C_IsDeviceReady
                0x00000000080069ac      0x25c ./Drivers/STM32F1xx_HAL_Driver/Src/stm32f1xx_hal_i2c.o
                0x00000000080069ac                HAL_I2C_IsDeviceReady
 .text.HAL_I2C_EV_IRQHandler
                0x0000000008006c08      0x2e2 ./Drivers/STM32F1xx_HAL_Driver/Src/stm32f1xx_hal_i2c.o
                0x0000000008006c08                HAL_I2C_EV_IRQHandler
 .text.HAL_I2C_MasterTxCpltCallback
                0x0000000008006eea       0x12 ./Drivers/STM32F1xx_HAL_Driver/Src/stm32f1xx_hal_i2c.o
                0x0000000008006eea                HAL_I2C_MasterTxCpltCallback
 .text.HAL_I2C_MasterRxCpltCallback
                0x0000000008006efc       0x12 ./Drivers/STM32F1xx_HAL_Driver/Src/stm32f1xx_hal_i2c.o
                0x0000000008006efc                HAL_I2C_MasterRxCpltCallback
 .text.HAL_I2C_SlaveTxCpltCallback
                0x0000000008006f0e       0x12 ./Drivers/STM32F1xx_HAL_Driver/Src/stm32f1xx_hal_i2c.o
                0x0000000008006f0e                HAL_I2C_SlaveTxCpltCallback
 .text.HAL_I2C_SlaveRxCpltCallback
                0x0000000008006f20       0x12 ./Drivers/STM32F1xx_HAL_Driver/Src/stm32f1xx_hal_i2c.o
                0x0000000008006f20                HAL_I2C_SlaveRxCpltCallback
 .text.HAL_I2C_AddrCallback
                0x0000000008006f32       0x1a ./Drivers/STM32F1xx_HAL_Driver/Src/stm32f1xx_hal_i2c.o
                0x0000000008006f32                HAL_I2C_AddrCallback
 .text.HAL_I2C_ListenCpltCallback
                0x0000000008006f4c       0x12 ./Drivers/STM32F1xx_HAL_Driver/Src/stm32f1xx_hal_i2c.o
                0x0000000008006f4c                HAL_I2C_ListenCpltCallback
 .text.HAL_I2C_MemRxCpltCallback
                0x0000000008006f5e       0x12 ./Drivers/STM32F1xx_HAL_Driver/Src/stm32f1xx_hal_i2c.o
                0x0000000008006f5e                HAL_I2C_MemRxCpltCallback
 .text.HAL_I2C_ErrorCallback
                0x0000000008006f70       0x12 ./Drivers/STM32F1xx_HAL_Driver/Src/stm32f1xx_hal_i2c.o
                0x0000000008006f70                HAL_I2C_ErrorCallback
 .text.HAL_I2C_AbortCpltCallback
                0x0000000008006f82       0x12 ./Drivers/STM32F1xx_HAL_Driver/Src/stm32f1xx_hal_i2c.o
                0x0000000008006f82                HAL_I2C_AbortCpltCallback
 .text.I2C_MasterTransmit_TXE
                0x0000000008006f94      0x138 ./Drivers/STM32F1xx_HAL_Driver/Src/stm32f1xx_hal_i2c.o
 .text.I2C_MasterTransmit_BTF
                0x00000000080070cc       0xec ./Drivers/STM32F1xx_HAL_Driver/Src/stm32f1xx_hal_i2c.o
 .text.I2C_MemoryTransmit_TXE_BTF
                0x00000000080071b8      0x130 ./Drivers/STM32F1xx_HAL_Driver/Src/stm32f1xx_hal_i2c.o
 .text.I2C_MasterReceive_RXNE
                0x00000000080072e8      0x176 ./Drivers/STM32F1xx_HAL_Driver/Src/stm32f1xx_hal_i2c.o
 .text.I2C_MasterReceive_BTF
                0x000000000800745e      0x1d4 ./Drivers/STM32F1xx_HAL_Driver/Src/stm32f1xx_hal_i2c.o
 .text.I2C_Master_SB
                0x0000000008007632      0x10a ./Drivers/STM32F1xx_HAL_Driver/Src/stm32f1xx_hal_i2c.o
 .text.I2C_Master_ADD10
                0x000000000800773c       0x52 ./Drivers/STM32F1xx_HAL_Driver/Src/stm32f1xx_hal_i2c.o
 .text.I2C_Master_ADDR
                0x000000000800778e      0x336 ./Drivers/STM32F1xx_HAL_Driver/Src/stm32f1xx_hal_i2c.o
 .text.I2C_SlaveTransmit_TXE
                0x0000000008007ac4       0x7a ./Drivers/STM32F1xx_HAL_Driver/Src/stm32f1xx_hal_i2c.o
 .text.I2C_SlaveTransmit_BTF
                0x0000000008007b3e       0x40 ./Drivers/STM32F1xx_HAL_Driver/Src/stm32f1xx_hal_i2c.o
 .text.I2C_SlaveReceive_RXNE
                0x0000000008007b7e       0x7c ./Drivers/STM32F1xx_HAL_Driver/Src/stm32f1xx_hal_i2c.o
 .text.I2C_SlaveReceive_BTF
                0x0000000008007bfa       0x42 ./Drivers/STM32F1xx_HAL_Driver/Src/stm32f1xx_hal_i2c.o
 .text.I2C_Slave_ADDR
                0x0000000008007c3c       0x94 ./Drivers/STM32F1xx_HAL_Driver/Src/stm32f1xx_hal_i2c.o
 .text.I2C_Slave_STOPF
                0x0000000008007cd0      0x260 ./Drivers/STM32F1xx_HAL_Driver/Src/stm32f1xx_hal_i2c.o
 .text.I2C_ITError
                0x0000000008007f30      0x264 ./Drivers/STM32F1xx_HAL_Driver/Src/stm32f1xx_hal_i2c.o
 .text.I2C_RequestMemoryWrite
                0x0000000008008194      0x12c ./Drivers/STM32F1xx_HAL_Driver/Src/stm32f1xx_hal_i2c.o
 .text.I2C_DMAXferCplt
                0x00000000080082c0      0x1aa ./Drivers/STM32F1xx_HAL_Driver/Src/stm32f1xx_hal_i2c.o
 .text.I2C_DMAError
                0x000000000800846a       0x6e ./Drivers/STM32F1xx_HAL_Driver/Src/stm32f1xx_hal_i2c.o
 .text.I2C_DMAAbort
                0x00000000080084d8      0x150 ./Drivers/STM32F1xx_HAL_Driver/Src/stm32f1xx_hal_i2c.o
 .text.I2C_WaitOnFlagUntilTimeout
                0x0000000008008628       0xf4 ./Drivers/STM32F1xx_HAL_Driver/Src/stm32f1xx_hal_i2c.o
 .text.I2C_WaitOnMasterAddressFlagUntilTimeout
                0x000000000800871c      0x140 ./Drivers/STM32F1xx_HAL_Driver/Src/stm32f1xx_hal_i2c.o
 .text.I2C_WaitOnTXEFlagUntilTimeout
                0x000000000800885c       0x90 ./Drivers/STM32F1xx_HAL_Driver/Src/stm32f1xx_hal_i2c.o
 .text.I2C_WaitOnBTFFlagUntilTimeout
                0x00000000080088ec       0x90 ./Drivers/STM32F1xx_HAL_Driver/Src/stm32f1xx_hal_i2c.o
 .text.I2C_WaitOnSTOPRequestThroughIT
                0x000000000800897c       0x64 ./Drivers/STM32F1xx_HAL_Driver/Src/stm32f1xx_hal_i2c.o
 .text.I2C_IsAcknowledgeFailed
                0x00000000080089e0       0x5c ./Drivers/STM32F1xx_HAL_Driver/Src/stm32f1xx_hal_i2c.o
 .text.I2C_ConvertOtherXferOptions
                0x0000000008008a3c       0x34 ./Drivers/STM32F1xx_HAL_Driver/Src/stm32f1xx_hal_i2c.o
 .text.HAL_PCD_Init
                0x0000000008008a70      0x1fe ./Drivers/STM32F1xx_HAL_Driver/Src/stm32f1xx_hal_pcd.o
                0x0000000008008a70                HAL_PCD_Init
 .text.HAL_PCD_Start
                0x0000000008008c6e       0x4c ./Drivers/STM32F1xx_HAL_Driver/Src/stm32f1xx_hal_pcd.o
                0x0000000008008c6e                HAL_PCD_Start
 .text.HAL_PCD_IRQHandler
                0x0000000008008cba      0x260 ./Drivers/STM32F1xx_HAL_Driver/Src/stm32f1xx_hal_pcd.o
                0x0000000008008cba                HAL_PCD_IRQHandler
 .text.HAL_PCD_SetAddress
                0x0000000008008f1a       0x4a ./Drivers/STM32F1xx_HAL_Driver/Src/stm32f1xx_hal_pcd.o
                0x0000000008008f1a                HAL_PCD_SetAddress
 .text.HAL_PCD_EP_Open
                0x0000000008008f64       0xba ./Drivers/STM32F1xx_HAL_Driver/Src/stm32f1xx_hal_pcd.o
                0x0000000008008f64                HAL_PCD_EP_Open
 .text.HAL_PCD_EP_Close
                0x000000000800901e       0x90 ./Drivers/STM32F1xx_HAL_Driver/Src/stm32f1xx_hal_pcd.o
                0x000000000800901e                HAL_PCD_EP_Close
 .text.HAL_PCD_EP_Receive
                0x00000000080090ae       0x62 ./Drivers/STM32F1xx_HAL_Driver/Src/stm32f1xx_hal_pcd.o
                0x00000000080090ae                HAL_PCD_EP_Receive
 .text.HAL_PCD_EP_GetRxCount
                0x0000000008009110       0x2e ./Drivers/STM32F1xx_HAL_Driver/Src/stm32f1xx_hal_pcd.o
                0x0000000008009110                HAL_PCD_EP_GetRxCount
 .text.HAL_PCD_EP_Transmit
                0x000000000800913e       0x6e ./Drivers/STM32F1xx_HAL_Driver/Src/stm32f1xx_hal_pcd.o
                0x000000000800913e                HAL_PCD_EP_Transmit
 .text.HAL_PCD_EP_SetStall
                0x00000000080091ac       0xc0 ./Drivers/STM32F1xx_HAL_Driver/Src/stm32f1xx_hal_pcd.o
                0x00000000080091ac                HAL_PCD_EP_SetStall
 .text.HAL_PCD_EP_ClrStall
                0x000000000800926c       0xa8 ./Drivers/STM32F1xx_HAL_Driver/Src/stm32f1xx_hal_pcd.o
                0x000000000800926c                HAL_PCD_EP_ClrStall
 .text.PCD_EP_ISR_Handler
                0x0000000008009314      0x7a6 ./Drivers/STM32F1xx_HAL_Driver/Src/stm32f1xx_hal_pcd.o
 .text.HAL_PCD_EP_DB_Receive
                0x0000000008009aba      0x21a ./Drivers/STM32F1xx_HAL_Driver/Src/stm32f1xx_hal_pcd.o
 .text.HAL_PCD_EP_DB_Transmit
                0x0000000008009cd4      0x7f4 ./Drivers/STM32F1xx_HAL_Driver/Src/stm32f1xx_hal_pcd.o
 .text.HAL_PCDEx_PMAConfig
                0x000000000800a4c8       0x84 ./Drivers/STM32F1xx_HAL_Driver/Src/stm32f1xx_hal_pcd_ex.o
                0x000000000800a4c8                HAL_PCDEx_PMAConfig
 .text.HAL_RCC_OscConfig
                0x000000000800a54c      0x504 ./Drivers/STM32F1xx_HAL_Driver/Src/stm32f1xx_hal_rcc.o
                0x000000000800a54c                HAL_RCC_OscConfig
 .text.HAL_RCC_ClockConfig
                0x000000000800aa50      0x1d4 ./Drivers/STM32F1xx_HAL_Driver/Src/stm32f1xx_hal_rcc.o
                0x000000000800aa50                HAL_RCC_ClockConfig
 .text.HAL_RCC_GetSysClockFreq
                0x000000000800ac24       0xac ./Drivers/STM32F1xx_HAL_Driver/Src/stm32f1xx_hal_rcc.o
                0x000000000800ac24                HAL_RCC_GetSysClockFreq
 .text.HAL_RCC_GetHCLKFreq
                0x000000000800acd0       0x14 ./Drivers/STM32F1xx_HAL_Driver/Src/stm32f1xx_hal_rcc.o
                0x000000000800acd0                HAL_RCC_GetHCLKFreq
 .text.HAL_RCC_GetPCLK1Freq
                0x000000000800ace4       0x28 ./Drivers/STM32F1xx_HAL_Driver/Src/stm32f1xx_hal_rcc.o
                0x000000000800ace4                HAL_RCC_GetPCLK1Freq
 .text.HAL_RCC_GetPCLK2Freq
                0x000000000800ad0c       0x28 ./Drivers/STM32F1xx_HAL_Driver/Src/stm32f1xx_hal_rcc.o
                0x000000000800ad0c                HAL_RCC_GetPCLK2Freq
 .text.RCC_Delay
                0x000000000800ad34       0x3c ./Drivers/STM32F1xx_HAL_Driver/Src/stm32f1xx_hal_rcc.o
 .text.HAL_RCCEx_PeriphCLKConfig
                0x000000000800ad70      0x16c ./Drivers/STM32F1xx_HAL_Driver/Src/stm32f1xx_hal_rcc_ex.o
                0x000000000800ad70                HAL_RCCEx_PeriphCLKConfig
 .text.HAL_TIM_Base_Init
                0x000000000800aedc       0x9e ./Drivers/STM32F1xx_HAL_Driver/Src/stm32f1xx_hal_tim.o
                0x000000000800aedc                HAL_TIM_Base_Init
 .text.HAL_TIM_PWM_Init
                0x000000000800af7a       0x9e ./Drivers/STM32F1xx_HAL_Driver/Src/stm32f1xx_hal_tim.o
                0x000000000800af7a                HAL_TIM_PWM_Init
 .text.HAL_TIM_PWM_MspInit
                0x000000000800b018       0x12 ./Drivers/STM32F1xx_HAL_Driver/Src/stm32f1xx_hal_tim.o
                0x000000000800b018                HAL_TIM_PWM_MspInit
 *fill*         0x000000000800b02a        0x2 
 .text.HAL_TIM_PWM_Start
                0x000000000800b02c      0x174 ./Drivers/STM32F1xx_HAL_Driver/Src/stm32f1xx_hal_tim.o
                0x000000000800b02c                HAL_TIM_PWM_Start
 .text.HAL_TIM_PWM_ConfigChannel
                0x000000000800b1a0      0x184 ./Drivers/STM32F1xx_HAL_Driver/Src/stm32f1xx_hal_tim.o
                0x000000000800b1a0                HAL_TIM_PWM_ConfigChannel
 .text.HAL_TIM_ConfigClockSource
                0x000000000800b324      0x18e ./Drivers/STM32F1xx_HAL_Driver/Src/stm32f1xx_hal_tim.o
                0x000000000800b324                HAL_TIM_ConfigClockSource
 *fill*         0x000000000800b4b2        0x2 
 .text.TIM_Base_SetConfig
                0x000000000800b4b4       0xf4 ./Drivers/STM32F1xx_HAL_Driver/Src/stm32f1xx_hal_tim.o
                0x000000000800b4b4                TIM_Base_SetConfig
 .text.TIM_OC1_SetConfig
                0x000000000800b5a8       0xe0 ./Drivers/STM32F1xx_HAL_Driver/Src/stm32f1xx_hal_tim.o
 .text.TIM_OC2_SetConfig
                0x000000000800b688       0xe8 ./Drivers/STM32F1xx_HAL_Driver/Src/stm32f1xx_hal_tim.o
                0x000000000800b688                TIM_OC2_SetConfig
 .text.TIM_OC3_SetConfig
                0x000000000800b770       0xe8 ./Drivers/STM32F1xx_HAL_Driver/Src/stm32f1xx_hal_tim.o
 .text.TIM_OC4_SetConfig
                0x000000000800b858       0xa8 ./Drivers/STM32F1xx_HAL_Driver/Src/stm32f1xx_hal_tim.o
 .text.TIM_TI1_ConfigInputStage
                0x000000000800b900       0x5c ./Drivers/STM32F1xx_HAL_Driver/Src/stm32f1xx_hal_tim.o
 .text.TIM_TI2_ConfigInputStage
                0x000000000800b95c       0x5e ./Drivers/STM32F1xx_HAL_Driver/Src/stm32f1xx_hal_tim.o
 .text.TIM_ITRx_SetConfig
                0x000000000800b9ba       0x34 ./Drivers/STM32F1xx_HAL_Driver/Src/stm32f1xx_hal_tim.o
 .text.TIM_ETR_SetConfig
                0x000000000800b9ee       0x3e ./Drivers/STM32F1xx_HAL_Driver/Src/stm32f1xx_hal_tim.o
                0x000000000800b9ee                TIM_ETR_SetConfig
 .text.TIM_CCxChannelCmd
                0x000000000800ba2c       0x48 ./Drivers/STM32F1xx_HAL_Driver/Src/stm32f1xx_hal_tim.o
                0x000000000800ba2c                TIM_CCxChannelCmd
 .text.HAL_TIMEx_MasterConfigSynchronization
                0x000000000800ba74       0xd8 ./Drivers/STM32F1xx_HAL_Driver/Src/stm32f1xx_hal_tim_ex.o
                0x000000000800ba74                HAL_TIMEx_MasterConfigSynchronization
 .text.HAL_UART_Init
                0x000000000800bb4c       0xa0 ./Drivers/STM32F1xx_HAL_Driver/Src/stm32f1xx_hal_uart.o
                0x000000000800bb4c                HAL_UART_Init
 .text.HAL_HalfDuplex_Init
                0x000000000800bbec       0xb0 ./Drivers/STM32F1xx_HAL_Driver/Src/stm32f1xx_hal_uart.o
                0x000000000800bbec                HAL_HalfDuplex_Init
 .text.HAL_UART_Transmit
                0x000000000800bc9c      0x106 ./Drivers/STM32F1xx_HAL_Driver/Src/stm32f1xx_hal_uart.o
                0x000000000800bc9c                HAL_UART_Transmit
 .text.HAL_UART_Receive
                0x000000000800bda2      0x124 ./Drivers/STM32F1xx_HAL_Driver/Src/stm32f1xx_hal_uart.o
                0x000000000800bda2                HAL_UART_Receive
 .text.UART_WaitOnFlagUntilTimeout
                0x000000000800bec6       0xdc ./Drivers/STM32F1xx_HAL_Driver/Src/stm32f1xx_hal_uart.o
 *fill*         0x000000000800bfa2        0x2 
 .text.UART_SetConfig
                0x000000000800bfa4      0x11c ./Drivers/STM32F1xx_HAL_Driver/Src/stm32f1xx_hal_uart.o
 .text.USB_CoreInit
                0x000000000800c0c0       0x20 ./Drivers/STM32F1xx_HAL_Driver/Src/stm32f1xx_ll_usb.o
                0x000000000800c0c0                USB_CoreInit
 .text.USB_EnableGlobalInt
                0x000000000800c0e0       0x2c ./Drivers/STM32F1xx_HAL_Driver/Src/stm32f1xx_ll_usb.o
                0x000000000800c0e0                USB_EnableGlobalInt
 .text.USB_DisableGlobalInt
                0x000000000800c10c       0x34 ./Drivers/STM32F1xx_HAL_Driver/Src/stm32f1xx_ll_usb.o
                0x000000000800c10c                USB_DisableGlobalInt
 .text.USB_SetCurrentMode
                0x000000000800c140       0x18 ./Drivers/STM32F1xx_HAL_Driver/Src/stm32f1xx_ll_usb.o
                0x000000000800c140                USB_SetCurrentMode
 .text.USB_DevInit
                0x000000000800c158       0x40 ./Drivers/STM32F1xx_HAL_Driver/Src/stm32f1xx_ll_usb.o
                0x000000000800c158                USB_DevInit
 .text.USB_ActivateEndpoint
                0x000000000800c198      0x780 ./Drivers/STM32F1xx_HAL_Driver/Src/stm32f1xx_ll_usb.o
                0x000000000800c198                USB_ActivateEndpoint
 .text.USB_DeactivateEndpoint
                0x000000000800c918      0x3d8 ./Drivers/STM32F1xx_HAL_Driver/Src/stm32f1xx_ll_usb.o
                0x000000000800c918                USB_DeactivateEndpoint
 .text.USB_EPStartXfer
                0x000000000800ccf0     0x1762 ./Drivers/STM32F1xx_HAL_Driver/Src/stm32f1xx_ll_usb.o
                0x000000000800ccf0                USB_EPStartXfer
 .text.USB_EPSetStall
                0x000000000800e452       0xa0 ./Drivers/STM32F1xx_HAL_Driver/Src/stm32f1xx_ll_usb.o
                0x000000000800e452                USB_EPSetStall
 .text.USB_EPClearStall
                0x000000000800e4f2      0x15a ./Drivers/STM32F1xx_HAL_Driver/Src/stm32f1xx_ll_usb.o
                0x000000000800e4f2                USB_EPClearStall
 .text.USB_SetDevAddress
                0x000000000800e64c       0x26 ./Drivers/STM32F1xx_HAL_Driver/Src/stm32f1xx_ll_usb.o
                0x000000000800e64c                USB_SetDevAddress
 .text.USB_DevConnect
                0x000000000800e672       0x14 ./Drivers/STM32F1xx_HAL_Driver/Src/stm32f1xx_ll_usb.o
                0x000000000800e672                USB_DevConnect
 .text.USB_DevDisconnect
                0x000000000800e686       0x14 ./Drivers/STM32F1xx_HAL_Driver/Src/stm32f1xx_ll_usb.o
                0x000000000800e686                USB_DevDisconnect
 .text.USB_ReadInterrupts
                0x000000000800e69a       0x1e ./Drivers/STM32F1xx_HAL_Driver/Src/stm32f1xx_ll_usb.o
                0x000000000800e69a                USB_ReadInterrupts
 .text.USB_EP0_OutStart
                0x000000000800e6b8       0x16 ./Drivers/STM32F1xx_HAL_Driver/Src/stm32f1xx_ll_usb.o
                0x000000000800e6b8                USB_EP0_OutStart
 .text.USB_WritePMA
                0x000000000800e6ce       0x8a ./Drivers/STM32F1xx_HAL_Driver/Src/stm32f1xx_ll_usb.o
                0x000000000800e6ce                USB_WritePMA
 .text.USB_ReadPMA
                0x000000000800e758       0x9e ./Drivers/STM32F1xx_HAL_Driver/Src/stm32f1xx_ll_usb.o
                0x000000000800e758                USB_ReadPMA
 .text.USBD_CDC_Init
                0x000000000800e7f6       0xf4 ./Middlewares/ST/STM32_USB_Device_Library/Class/CDC/Src/usbd_cdc.o
 .text.USBD_CDC_DeInit
                0x000000000800e8ea       0x6e ./Middlewares/ST/STM32_USB_Device_Library/Class/CDC/Src/usbd_cdc.o
 .text.USBD_CDC_Setup
                0x000000000800e958      0x146 ./Middlewares/ST/STM32_USB_Device_Library/Class/CDC/Src/usbd_cdc.o
 .text.USBD_CDC_DataIn
                0x000000000800ea9e       0xa6 ./Middlewares/ST/STM32_USB_Device_Library/Class/CDC/Src/usbd_cdc.o
 .text.USBD_CDC_DataOut
                0x000000000800eb44       0x56 ./Middlewares/ST/STM32_USB_Device_Library/Class/CDC/Src/usbd_cdc.o
 .text.USBD_CDC_EP0_RxReady
                0x000000000800eb9a       0x50 ./Middlewares/ST/STM32_USB_Device_Library/Class/CDC/Src/usbd_cdc.o
 *fill*         0x000000000800ebea        0x2 
 .text.USBD_CDC_GetFSCfgDesc
                0x000000000800ebec       0x20 ./Middlewares/ST/STM32_USB_Device_Library/Class/CDC/Src/usbd_cdc.o
 .text.USBD_CDC_GetHSCfgDesc
                0x000000000800ec0c       0x20 ./Middlewares/ST/STM32_USB_Device_Library/Class/CDC/Src/usbd_cdc.o
 .text.USBD_CDC_GetOtherSpeedCfgDesc
                0x000000000800ec2c       0x20 ./Middlewares/ST/STM32_USB_Device_Library/Class/CDC/Src/usbd_cdc.o
 .text.USBD_CDC_GetDeviceQualifierDescriptor
                0x000000000800ec4c       0x20 ./Middlewares/ST/STM32_USB_Device_Library/Class/CDC/Src/usbd_cdc.o
                0x000000000800ec4c                USBD_CDC_GetDeviceQualifierDescriptor
 .text.USBD_CDC_RegisterInterface
                0x000000000800ec6c       0x2c ./Middlewares/ST/STM32_USB_Device_Library/Class/CDC/Src/usbd_cdc.o
                0x000000000800ec6c                USBD_CDC_RegisterInterface
 .text.USBD_CDC_SetTxBuffer
                0x000000000800ec98       0x32 ./Middlewares/ST/STM32_USB_Device_Library/Class/CDC/Src/usbd_cdc.o
                0x000000000800ec98                USBD_CDC_SetTxBuffer
 .text.USBD_CDC_SetRxBuffer
                0x000000000800ecca       0x26 ./Middlewares/ST/STM32_USB_Device_Library/Class/CDC/Src/usbd_cdc.o
                0x000000000800ecca                USBD_CDC_SetRxBuffer
 .text.USBD_CDC_TransmitPacket
                0x000000000800ecf0       0x5e ./Middlewares/ST/STM32_USB_Device_Library/Class/CDC/Src/usbd_cdc.o
                0x000000000800ecf0                USBD_CDC_TransmitPacket
 .text.USBD_CDC_ReceivePacket
                0x000000000800ed4e       0x54 ./Middlewares/ST/STM32_USB_Device_Library/Class/CDC/Src/usbd_cdc.o
                0x000000000800ed4e                USBD_CDC_ReceivePacket
 .text.USBD_Init
                0x000000000800eda2       0x56 ./Middlewares/ST/STM32_USB_Device_Library/Core/Src/usbd_core.o
                0x000000000800eda2                USBD_Init
 .text.USBD_RegisterClass
                0x000000000800edf8       0x32 ./Middlewares/ST/STM32_USB_Device_Library/Core/Src/usbd_core.o
                0x000000000800edf8                USBD_RegisterClass
 .text.USBD_Start
                0x000000000800ee2a       0x18 ./Middlewares/ST/STM32_USB_Device_Library/Core/Src/usbd_core.o
                0x000000000800ee2a                USBD_Start
 .text.USBD_RunTestMode
                0x000000000800ee42       0x14 ./Middlewares/ST/STM32_USB_Device_Library/Core/Src/usbd_core.o
                0x000000000800ee42                USBD_RunTestMode
 .text.USBD_SetClassConfig
                0x000000000800ee56       0x3e ./Middlewares/ST/STM32_USB_Device_Library/Core/Src/usbd_core.o
                0x000000000800ee56                USBD_SetClassConfig
 .text.USBD_ClrClassConfig
                0x000000000800ee94       0x26 ./Middlewares/ST/STM32_USB_Device_Library/Core/Src/usbd_core.o
                0x000000000800ee94                USBD_ClrClassConfig
 .text.USBD_LL_SetupStage
                0x000000000800eeba       0x9a ./Middlewares/ST/STM32_USB_Device_Library/Core/Src/usbd_core.o
                0x000000000800eeba                USBD_LL_SetupStage
 .text.USBD_LL_DataOutStage
                0x000000000800ef54       0xe2 ./Middlewares/ST/STM32_USB_Device_Library/Core/Src/usbd_core.o
                0x000000000800ef54                USBD_LL_DataOutStage
 .text.USBD_LL_DataInStage
                0x000000000800f036      0x14a ./Middlewares/ST/STM32_USB_Device_Library/Core/Src/usbd_core.o
                0x000000000800f036                USBD_LL_DataInStage
 .text.USBD_LL_Reset
                0x000000000800f180       0x82 ./Middlewares/ST/STM32_USB_Device_Library/Core/Src/usbd_core.o
                0x000000000800f180                USBD_LL_Reset
 .text.USBD_LL_SetSpeed
                0x000000000800f202       0x1e ./Middlewares/ST/STM32_USB_Device_Library/Core/Src/usbd_core.o
                0x000000000800f202                USBD_LL_SetSpeed
 .text.USBD_LL_Suspend
                0x000000000800f220       0x28 ./Middlewares/ST/STM32_USB_Device_Library/Core/Src/usbd_core.o
                0x000000000800f220                USBD_LL_Suspend
 .text.USBD_LL_Resume
                0x000000000800f248       0x2a ./Middlewares/ST/STM32_USB_Device_Library/Core/Src/usbd_core.o
                0x000000000800f248                USBD_LL_Resume
 .text.USBD_LL_SOF
                0x000000000800f272       0x34 ./Middlewares/ST/STM32_USB_Device_Library/Core/Src/usbd_core.o
                0x000000000800f272                USBD_LL_SOF
 *fill*         0x000000000800f2a6        0x2 
 .text.USBD_StdDevReq
                0x000000000800f2a8       0xd4 ./Middlewares/ST/STM32_USB_Device_Library/Core/Src/usbd_ctlreq.o
                0x000000000800f2a8                USBD_StdDevReq
 .text.USBD_StdItfReq
                0x000000000800f37c       0x90 ./Middlewares/ST/STM32_USB_Device_Library/Core/Src/usbd_ctlreq.o
                0x000000000800f37c                USBD_StdItfReq
 .text.USBD_StdEPReq
                0x000000000800f40c      0x2c6 ./Middlewares/ST/STM32_USB_Device_Library/Core/Src/usbd_ctlreq.o
                0x000000000800f40c                USBD_StdEPReq
 *fill*         0x000000000800f6d2        0x2 
 .text.USBD_GetDescriptor
                0x000000000800f6d4      0x2d0 ./Middlewares/ST/STM32_USB_Device_Library/Core/Src/usbd_ctlreq.o
 .text.USBD_SetAddress
                0x000000000800f9a4       0x86 ./Middlewares/ST/STM32_USB_Device_Library/Core/Src/usbd_ctlreq.o
 *fill*         0x000000000800fa2a        0x2 
 .text.USBD_SetConfig
                0x000000000800fa2c      0x11c ./Middlewares/ST/STM32_USB_Device_Library/Core/Src/usbd_ctlreq.o
 .text.USBD_GetConfig
                0x000000000800fb48       0x6a ./Middlewares/ST/STM32_USB_Device_Library/Core/Src/usbd_ctlreq.o
 .text.USBD_GetStatus
                0x000000000800fbb2       0x66 ./Middlewares/ST/STM32_USB_Device_Library/Core/Src/usbd_ctlreq.o
 .text.USBD_SetFeature
                0x000000000800fc18       0x28 ./Middlewares/ST/STM32_USB_Device_Library/Core/Src/usbd_ctlreq.o
 .text.USBD_ClrFeature
                0x000000000800fc40       0x42 ./Middlewares/ST/STM32_USB_Device_Library/Core/Src/usbd_ctlreq.o
 .text.USBD_ParseSetupRequest
                0x000000000800fc82       0x78 ./Middlewares/ST/STM32_USB_Device_Library/Core/Src/usbd_ctlreq.o
                0x000000000800fc82                USBD_ParseSetupRequest
 .text.USBD_CtlError
                0x000000000800fcfa       0x22 ./Middlewares/ST/STM32_USB_Device_Library/Core/Src/usbd_ctlreq.o
                0x000000000800fcfa                USBD_CtlError
 .text.USBD_GetString
                0x000000000800fd1c       0x84 ./Middlewares/ST/STM32_USB_Device_Library/Core/Src/usbd_ctlreq.o
                0x000000000800fd1c                USBD_GetString
 .text.USBD_GetLen
                0x000000000800fda0       0x2e ./Middlewares/ST/STM32_USB_Device_Library/Core/Src/usbd_ctlreq.o
 .text.USBD_CtlSendData
                0x000000000800fdce       0x38 ./Middlewares/ST/STM32_USB_Device_Library/Core/Src/usbd_ioreq.o
                0x000000000800fdce                USBD_CtlSendData
 .text.USBD_CtlContinueSendData
                0x000000000800fe06       0x24 ./Middlewares/ST/STM32_USB_Device_Library/Core/Src/usbd_ioreq.o
                0x000000000800fe06                USBD_CtlContinueSendData
 .text.USBD_CtlPrepareRx
                0x000000000800fe2a       0x3c ./Middlewares/ST/STM32_USB_Device_Library/Core/Src/usbd_ioreq.o
                0x000000000800fe2a                USBD_CtlPrepareRx
 .text.USBD_CtlContinueRx
                0x000000000800fe66       0x24 ./Middlewares/ST/STM32_USB_Device_Library/Core/Src/usbd_ioreq.o
                0x000000000800fe66                USBD_CtlContinueRx
 .text.USBD_CtlSendStatus
                0x000000000800fe8a       0x26 ./Middlewares/ST/STM32_USB_Device_Library/Core/Src/usbd_ioreq.o
                0x000000000800fe8a                USBD_CtlSendStatus
 .text.USBD_CtlReceiveStatus
                0x000000000800feb0       0x26 ./Middlewares/ST/STM32_USB_Device_Library/Core/Src/usbd_ioreq.o
                0x000000000800feb0                USBD_CtlReceiveStatus
 *fill*         0x000000000800fed6        0x2 
 .text.MX_USB_DEVICE_Init
                0x000000000800fed8       0x60 ./USB_DEVICE/App/usb_device.o
                0x000000000800fed8                MX_USB_DEVICE_Init
 .text.CDC_Init_FS
                0x000000000800ff38       0x28 ./USB_DEVICE/App/usbd_cdc_if.o
 .text.CDC_DeInit_FS
                0x000000000800ff60        0xe ./USB_DEVICE/App/usbd_cdc_if.o
 *fill*         0x000000000800ff6e        0x2 
 .text.CDC_Control_FS
                0x000000000800ff70       0xe4 ./USB_DEVICE/App/usbd_cdc_if.o
 .text.CDC_Receive_FS
                0x0000000008010054       0x34 ./USB_DEVICE/App/usbd_cdc_if.o
 .text.CDC_Transmit_FS
                0x0000000008010088       0x4c ./USB_DEVICE/App/usbd_cdc_if.o
                0x0000000008010088                CDC_Transmit_FS
 .text.USBD_FS_DeviceDescriptor
                0x00000000080100d4       0x24 ./USB_DEVICE/App/usbd_desc.o
                0x00000000080100d4                USBD_FS_DeviceDescriptor
 .text.USBD_FS_LangIDStrDescriptor
                0x00000000080100f8       0x24 ./USB_DEVICE/App/usbd_desc.o
                0x00000000080100f8                USBD_FS_LangIDStrDescriptor
 .text.USBD_FS_ProductStrDescriptor
                0x000000000801011c       0x3c ./USB_DEVICE/App/usbd_desc.o
                0x000000000801011c                USBD_FS_ProductStrDescriptor
 .text.USBD_FS_ManufacturerStrDescriptor
                0x0000000008010158       0x28 ./USB_DEVICE/App/usbd_desc.o
                0x0000000008010158                USBD_FS_ManufacturerStrDescriptor
 .text.USBD_FS_SerialStrDescriptor
                0x0000000008010180       0x24 ./USB_DEVICE/App/usbd_desc.o
                0x0000000008010180                USBD_FS_SerialStrDescriptor
 .text.USBD_FS_ConfigStrDescriptor
                0x00000000080101a4       0x3c ./USB_DEVICE/App/usbd_desc.o
                0x00000000080101a4                USBD_FS_ConfigStrDescriptor
 .text.USBD_FS_InterfaceStrDescriptor
                0x00000000080101e0       0x3c ./USB_DEVICE/App/usbd_desc.o
                0x00000000080101e0                USBD_FS_InterfaceStrDescriptor
 .text.Get_SerialNum
                0x000000000801021c       0x58 ./USB_DEVICE/App/usbd_desc.o
 .text.IntToUnicode
                0x0000000008010274       0x7c ./USB_DEVICE/App/usbd_desc.o
 .text.HAL_PCD_MspInit
                0x00000000080102f0       0x3c ./USB_DEVICE/Target/usbd_conf.o
                0x00000000080102f0                HAL_PCD_MspInit
 .text.HAL_PCD_SetupStageCallback
                0x000000000801032c       0x24 ./USB_DEVICE/Target/usbd_conf.o
                0x000000000801032c                HAL_PCD_SetupStageCallback
 .text.HAL_PCD_DataOutStageCallback
                0x0000000008010350       0x36 ./USB_DEVICE/Target/usbd_conf.o
                0x0000000008010350                HAL_PCD_DataOutStageCallback
 .text.HAL_PCD_DataInStageCallback
                0x0000000008010386       0x34 ./USB_DEVICE/Target/usbd_conf.o
                0x0000000008010386                HAL_PCD_DataInStageCallback
 .text.HAL_PCD_SOFCallback
                0x00000000080103ba       0x1c ./USB_DEVICE/Target/usbd_conf.o
                0x00000000080103ba                HAL_PCD_SOFCallback
 .text.HAL_PCD_ResetCallback
                0x00000000080103d6       0x3c ./USB_DEVICE/Target/usbd_conf.o
                0x00000000080103d6                HAL_PCD_ResetCallback
 *fill*         0x0000000008010412        0x2 
 .text.HAL_PCD_SuspendCallback
                0x0000000008010414       0x34 ./USB_DEVICE/Target/usbd_conf.o
                0x0000000008010414                HAL_PCD_SuspendCallback
 .text.HAL_PCD_ResumeCallback
                0x0000000008010448       0x1c ./USB_DEVICE/Target/usbd_conf.o
                0x0000000008010448                HAL_PCD_ResumeCallback
 .text.USBD_LL_Init
                0x0000000008010464       0xb4 ./USB_DEVICE/Target/usbd_conf.o
                0x0000000008010464                USBD_LL_Init
 .text.USBD_LL_Start
                0x0000000008010518       0x36 ./USB_DEVICE/Target/usbd_conf.o
                0x0000000008010518                USBD_LL_Start
 .text.USBD_LL_OpenEP
                0x000000000801054e       0x4c ./USB_DEVICE/Target/usbd_conf.o
                0x000000000801054e                USBD_LL_OpenEP
 .text.USBD_LL_CloseEP
                0x000000000801059a       0x3e ./USB_DEVICE/Target/usbd_conf.o
                0x000000000801059a                USBD_LL_CloseEP
 .text.USBD_LL_StallEP
                0x00000000080105d8       0x3e ./USB_DEVICE/Target/usbd_conf.o
                0x00000000080105d8                USBD_LL_StallEP
 .text.USBD_LL_ClearStallEP
                0x0000000008010616       0x3e ./USB_DEVICE/Target/usbd_conf.o
                0x0000000008010616                USBD_LL_ClearStallEP
 .text.USBD_LL_IsStallEP
                0x0000000008010654       0x58 ./USB_DEVICE/Target/usbd_conf.o
                0x0000000008010654                USBD_LL_IsStallEP
 .text.USBD_LL_SetUSBAddress
                0x00000000080106ac       0x3e ./USB_DEVICE/Target/usbd_conf.o
                0x00000000080106ac                USBD_LL_SetUSBAddress
 .text.USBD_LL_Transmit
                0x00000000080106ea       0x46 ./USB_DEVICE/Target/usbd_conf.o
                0x00000000080106ea                USBD_LL_Transmit
 .text.USBD_LL_PrepareReceive
                0x0000000008010730       0x46 ./USB_DEVICE/Target/usbd_conf.o
                0x0000000008010730                USBD_LL_PrepareReceive
 .text.USBD_LL_GetRxDataSize
                0x0000000008010776       0x26 ./USB_DEVICE/Target/usbd_conf.o
                0x0000000008010776                USBD_LL_GetRxDataSize
 .text.USBD_static_malloc
                0x000000000801079c       0x18 ./USB_DEVICE/Target/usbd_conf.o
                0x000000000801079c                USBD_static_malloc
 .text.USBD_static_free
                0x00000000080107b4       0x12 ./USB_DEVICE/Target/usbd_conf.o
                0x00000000080107b4                USBD_static_free
 .text.HAL_PCDEx_SetConnectionState
                0x00000000080107c6       0x16 ./USB_DEVICE/Target/usbd_conf.o
                0x00000000080107c6                HAL_PCDEx_SetConnectionState
 .text.USBD_Get_USB_Status
                0x00000000080107dc       0x58 ./USB_DEVICE/Target/usbd_conf.o
 .text.atoi     0x0000000008010834        0x8 c:/st/stm32cubeide_1.5.0/stm32cubeide/plugins/com.st.stm32cube.ide.mcu.externaltools.gnu-tools-for-stm32.10.3-2021.10.win32_1.0.200.202301161003/tools/bin/../lib/gcc/arm-none-eabi/10.3.1/../../../../arm-none-eabi/lib/thumb/v7-m/nofp\libc_nano.a(lib_a-atoi.o)
                0x0000000008010834                atoi
 .text.__errno  0x000000000801083c        0xc c:/st/stm32cubeide_1.5.0/stm32cubeide/plugins/com.st.stm32cube.ide.mcu.externaltools.gnu-tools-for-stm32.10.3-2021.10.win32_1.0.200.202301161003/tools/bin/../lib/gcc/arm-none-eabi/10.3.1/../../../../arm-none-eabi/lib/thumb/v7-m/nofp\libc_nano.a(lib_a-errno.o)
                0x000000000801083c                __errno
 .text.__libc_init_array
                0x0000000008010848       0x48 c:/st/stm32cubeide_1.5.0/stm32cubeide/plugins/com.st.stm32cube.ide.mcu.externaltools.gnu-tools-for-stm32.10.3-2021.10.win32_1.0.200.202301161003/tools/bin/../lib/gcc/arm-none-eabi/10.3.1/../../../../arm-none-eabi/lib/thumb/v7-m/nofp\libc_nano.a(lib_a-init.o)
                0x0000000008010848                __libc_init_array
 .text.memset   0x0000000008010890       0x10 c:/st/stm32cubeide_1.5.0/stm32cubeide/plugins/com.st.stm32cube.ide.mcu.externaltools.gnu-tools-for-stm32.10.3-2021.10.win32_1.0.200.202301161003/tools/bin/../lib/gcc/arm-none-eabi/10.3.1/../../../../arm-none-eabi/lib/thumb/v7-m/nofp\libc_nano.a(lib_a-memset.o)
                0x0000000008010890                memset
 .text.__cvt    0x00000000080108a0       0xbe c:/st/stm32cubeide_1.5.0/stm32cubeide/plugins/com.st.stm32cube.ide.mcu.externaltools.gnu-tools-for-stm32.10.3-2021.10.win32_1.0.200.202301161003/tools/bin/../lib/gcc/arm-none-eabi/10.3.1/../../../../arm-none-eabi/lib/thumb/v7-m/nofp\libc_nano.a(lib_a-nano-vfprintf_float.o)
                0x00000000080108a0                __cvt
 .text.__exponent
                0x000000000801095e       0x7c c:/st/stm32cubeide_1.5.0/stm32cubeide/plugins/com.st.stm32cube.ide.mcu.externaltools.gnu-tools-for-stm32.10.3-2021.10.win32_1.0.200.202301161003/tools/bin/../lib/gcc/arm-none-eabi/10.3.1/../../../../arm-none-eabi/lib/thumb/v7-m/nofp\libc_nano.a(lib_a-nano-vfprintf_float.o)
                0x000000000801095e                __exponent
 *fill*         0x00000000080109da        0x2 
 .text._printf_float
                0x00000000080109dc      0x458 c:/st/stm32cubeide_1.5.0/stm32cubeide/plugins/com.st.stm32cube.ide.mcu.externaltools.gnu-tools-for-stm32.10.3-2021.10.win32_1.0.200.202301161003/tools/bin/../lib/gcc/arm-none-eabi/10.3.1/../../../../arm-none-eabi/lib/thumb/v7-m/nofp\libc_nano.a(lib_a-nano-vfprintf_float.o)
                0x00000000080109dc                _printf_float
 .text._printf_common
                0x0000000008010e34       0xde c:/st/stm32cubeide_1.5.0/stm32cubeide/plugins/com.st.stm32cube.ide.mcu.externaltools.gnu-tools-for-stm32.10.3-2021.10.win32_1.0.200.202301161003/tools/bin/../lib/gcc/arm-none-eabi/10.3.1/../../../../arm-none-eabi/lib/thumb/v7-m/nofp\libc_nano.a(lib_a-nano-vfprintf_i.o)
                0x0000000008010e34                _printf_common
 *fill*         0x0000000008010f12        0x2 
 .text._printf_i
                0x0000000008010f14      0x24c c:/st/stm32cubeide_1.5.0/stm32cubeide/plugins/com.st.stm32cube.ide.mcu.externaltools.gnu-tools-for-stm32.10.3-2021.10.win32_1.0.200.202301161003/tools/bin/../lib/gcc/arm-none-eabi/10.3.1/../../../../arm-none-eabi/lib/thumb/v7-m/nofp\libc_nano.a(lib_a-nano-vfprintf_i.o)
                0x0000000008010f14                _printf_i
 .text.sprintf  0x0000000008011160       0x40 c:/st/stm32cubeide_1.5.0/stm32cubeide/plugins/com.st.stm32cube.ide.mcu.externaltools.gnu-tools-for-stm32.10.3-2021.10.win32_1.0.200.202301161003/tools/bin/../lib/gcc/arm-none-eabi/10.3.1/../../../../arm-none-eabi/lib/thumb/v7-m/nofp\libc_nano.a(lib_a-sprintf.o)
                0x0000000008011160                siprintf
                0x0000000008011160                sprintf
 .text.strtok   0x00000000080111a0       0x68 c:/st/stm32cubeide_1.5.0/stm32cubeide/plugins/com.st.stm32cube.ide.mcu.externaltools.gnu-tools-for-stm32.10.3-2021.10.win32_1.0.200.202301161003/tools/bin/../lib/gcc/arm-none-eabi/10.3.1/../../../../arm-none-eabi/lib/thumb/v7-m/nofp\libc_nano.a(lib_a-strtok.o)
                0x00000000080111a0                strtok
 .text.__strtok_r
                0x0000000008011208       0x50 c:/st/stm32cubeide_1.5.0/stm32cubeide/plugins/com.st.stm32cube.ide.mcu.externaltools.gnu-tools-for-stm32.10.3-2021.10.win32_1.0.200.202301161003/tools/bin/../lib/gcc/arm-none-eabi/10.3.1/../../../../arm-none-eabi/lib/thumb/v7-m/nofp\libc_nano.a(lib_a-strtok_r.o)
                0x0000000008011208                __strtok_r
 .text._strtol_l.constprop.0
                0x0000000008011258       0xf8 c:/st/stm32cubeide_1.5.0/stm32cubeide/plugins/com.st.stm32cube.ide.mcu.externaltools.gnu-tools-for-stm32.10.3-2021.10.win32_1.0.200.202301161003/tools/bin/../lib/gcc/arm-none-eabi/10.3.1/../../../../arm-none-eabi/lib/thumb/v7-m/nofp\libc_nano.a(lib_a-strtol.o)
 .text.strtol   0x0000000008011350       0x14 c:/st/stm32cubeide_1.5.0/stm32cubeide/plugins/com.st.stm32cube.ide.mcu.externaltools.gnu-tools-for-stm32.10.3-2021.10.win32_1.0.200.202301161003/tools/bin/../lib/gcc/arm-none-eabi/10.3.1/../../../../arm-none-eabi/lib/thumb/v7-m/nofp\libc_nano.a(lib_a-strtol.o)
                0x0000000008011350                strtol
 .text.__assert_func
                0x0000000008011364       0x3c c:/st/stm32cubeide_1.5.0/stm32cubeide/plugins/com.st.stm32cube.ide.mcu.externaltools.gnu-tools-for-stm32.10.3-2021.10.win32_1.0.200.202301161003/tools/bin/../lib/gcc/arm-none-eabi/10.3.1/../../../../arm-none-eabi/lib/thumb/v7-m/nofp\libc_nano.a(lib_a-assert.o)
                0x0000000008011364                __assert_func
 .text.quorem   0x00000000080113a0      0x118 c:/st/stm32cubeide_1.5.0/stm32cubeide/plugins/com.st.stm32cube.ide.mcu.externaltools.gnu-tools-for-stm32.10.3-2021.10.win32_1.0.200.202301161003/tools/bin/../lib/gcc/arm-none-eabi/10.3.1/../../../../arm-none-eabi/lib/thumb/v7-m/nofp\libc_nano.a(lib_a-dtoa.o)
 .text._dtoa_r  0x00000000080114b8      0xbdc c:/st/stm32cubeide_1.5.0/stm32cubeide/plugins/com.st.stm32cube.ide.mcu.externaltools.gnu-tools-for-stm32.10.3-2021.10.win32_1.0.200.202301161003/tools/bin/../lib/gcc/arm-none-eabi/10.3.1/../../../../arm-none-eabi/lib/thumb/v7-m/nofp\libc_nano.a(lib_a-dtoa.o)
                0x00000000080114b8                _dtoa_r
 .text.fprintf  0x0000000008012094       0x24 c:/st/stm32cubeide_1.5.0/stm32cubeide/plugins/com.st.stm32cube.ide.mcu.externaltools.gnu-tools-for-stm32.10.3-2021.10.win32_1.0.200.202301161003/tools/bin/../lib/gcc/arm-none-eabi/10.3.1/../../../../arm-none-eabi/lib/thumb/v7-m/nofp\libc_nano.a(lib_a-fprintf.o)
                0x0000000008012094                fiprintf
                0x0000000008012094                fprintf
 .text._localeconv_r
                0x00000000080120b8        0x8 c:/st/stm32cubeide_1.5.0/stm32cubeide/plugins/com.st.stm32cube.ide.mcu.externaltools.gnu-tools-for-stm32.10.3-2021.10.win32_1.0.200.202301161003/tools/bin/../lib/gcc/arm-none-eabi/10.3.1/../../../../arm-none-eabi/lib/thumb/v7-m/nofp\libc_nano.a(lib_a-localeconv.o)
                0x00000000080120b8                _localeconv_r
 .text.malloc   0x00000000080120c0       0x10 c:/st/stm32cubeide_1.5.0/stm32cubeide/plugins/com.st.stm32cube.ide.mcu.externaltools.gnu-tools-for-stm32.10.3-2021.10.win32_1.0.200.202301161003/tools/bin/../lib/gcc/arm-none-eabi/10.3.1/../../../../arm-none-eabi/lib/thumb/v7-m/nofp\libc_nano.a(lib_a-malloc.o)
                0x00000000080120c0                malloc
 .text.memchr   0x00000000080120d0       0x1c c:/st/stm32cubeide_1.5.0/stm32cubeide/plugins/com.st.stm32cube.ide.mcu.externaltools.gnu-tools-for-stm32.10.3-2021.10.win32_1.0.200.202301161003/tools/bin/../lib/gcc/arm-none-eabi/10.3.1/../../../../arm-none-eabi/lib/thumb/v7-m/nofp\libc_nano.a(lib_a-memchr-stub.o)
                0x00000000080120d0                memchr
 .text.memcpy   0x00000000080120ec       0x1c c:/st/stm32cubeide_1.5.0/stm32cubeide/plugins/com.st.stm32cube.ide.mcu.externaltools.gnu-tools-for-stm32.10.3-2021.10.win32_1.0.200.202301161003/tools/bin/../lib/gcc/arm-none-eabi/10.3.1/../../../../arm-none-eabi/lib/thumb/v7-m/nofp\libc_nano.a(lib_a-memcpy-stub.o)
                0x00000000080120ec                memcpy
 .text._Balloc  0x0000000008012108       0x80 c:/st/stm32cubeide_1.5.0/stm32cubeide/plugins/com.st.stm32cube.ide.mcu.externaltools.gnu-tools-for-stm32.10.3-2021.10.win32_1.0.200.202301161003/tools/bin/../lib/gcc/arm-none-eabi/10.3.1/../../../../arm-none-eabi/lib/thumb/v7-m/nofp\libc_nano.a(lib_a-mprec.o)
                0x0000000008012108                _Balloc
 .text._Bfree   0x0000000008012188       0x44 c:/st/stm32cubeide_1.5.0/stm32cubeide/plugins/com.st.stm32cube.ide.mcu.externaltools.gnu-tools-for-stm32.10.3-2021.10.win32_1.0.200.202301161003/tools/bin/../lib/gcc/arm-none-eabi/10.3.1/../../../../arm-none-eabi/lib/thumb/v7-m/nofp\libc_nano.a(lib_a-mprec.o)
                0x0000000008012188                _Bfree
 .text.__multadd
                0x00000000080121cc       0x8c c:/st/stm32cubeide_1.5.0/stm32cubeide/plugins/com.st.stm32cube.ide.mcu.externaltools.gnu-tools-for-stm32.10.3-2021.10.win32_1.0.200.202301161003/tools/bin/../lib/gcc/arm-none-eabi/10.3.1/../../../../arm-none-eabi/lib/thumb/v7-m/nofp\libc_nano.a(lib_a-mprec.o)
                0x00000000080121cc                __multadd
 .text.__hi0bits
                0x0000000008012258       0x40 c:/st/stm32cubeide_1.5.0/stm32cubeide/plugins/com.st.stm32cube.ide.mcu.externaltools.gnu-tools-for-stm32.10.3-2021.10.win32_1.0.200.202301161003/tools/bin/../lib/gcc/arm-none-eabi/10.3.1/../../../../arm-none-eabi/lib/thumb/v7-m/nofp\libc_nano.a(lib_a-mprec.o)
                0x0000000008012258                __hi0bits
 .text.__lo0bits
                0x0000000008012298       0x5a c:/st/stm32cubeide_1.5.0/stm32cubeide/plugins/com.st.stm32cube.ide.mcu.externaltools.gnu-tools-for-stm32.10.3-2021.10.win32_1.0.200.202301161003/tools/bin/../lib/gcc/arm-none-eabi/10.3.1/../../../../arm-none-eabi/lib/thumb/v7-m/nofp\libc_nano.a(lib_a-mprec.o)
                0x0000000008012298                __lo0bits
 *fill*         0x00000000080122f2        0x2 
 .text.__i2b    0x00000000080122f4       0x2c c:/st/stm32cubeide_1.5.0/stm32cubeide/plugins/com.st.stm32cube.ide.mcu.externaltools.gnu-tools-for-stm32.10.3-2021.10.win32_1.0.200.202301161003/tools/bin/../lib/gcc/arm-none-eabi/10.3.1/../../../../arm-none-eabi/lib/thumb/v7-m/nofp\libc_nano.a(lib_a-mprec.o)
                0x00000000080122f4                __i2b
 .text.__multiply
                0x0000000008012320      0x150 c:/st/stm32cubeide_1.5.0/stm32cubeide/plugins/com.st.stm32cube.ide.mcu.externaltools.gnu-tools-for-stm32.10.3-2021.10.win32_1.0.200.202301161003/tools/bin/../lib/gcc/arm-none-eabi/10.3.1/../../../../arm-none-eabi/lib/thumb/v7-m/nofp\libc_nano.a(lib_a-mprec.o)
                0x0000000008012320                __multiply
 .text.__pow5mult
                0x0000000008012470       0xb4 c:/st/stm32cubeide_1.5.0/stm32cubeide/plugins/com.st.stm32cube.ide.mcu.externaltools.gnu-tools-for-stm32.10.3-2021.10.win32_1.0.200.202301161003/tools/bin/../lib/gcc/arm-none-eabi/10.3.1/../../../../arm-none-eabi/lib/thumb/v7-m/nofp\libc_nano.a(lib_a-mprec.o)
                0x0000000008012470                __pow5mult
 .text.__lshift
                0x0000000008012524       0xe0 c:/st/stm32cubeide_1.5.0/stm32cubeide/plugins/com.st.stm32cube.ide.mcu.externaltools.gnu-tools-for-stm32.10.3-2021.10.win32_1.0.200.202301161003/tools/bin/../lib/gcc/arm-none-eabi/10.3.1/../../../../arm-none-eabi/lib/thumb/v7-m/nofp\libc_nano.a(lib_a-mprec.o)
                0x0000000008012524                __lshift
 .text.__mcmp   0x0000000008012604       0x36 c:/st/stm32cubeide_1.5.0/stm32cubeide/plugins/com.st.stm32cube.ide.mcu.externaltools.gnu-tools-for-stm32.10.3-2021.10.win32_1.0.200.202301161003/tools/bin/../lib/gcc/arm-none-eabi/10.3.1/../../../../arm-none-eabi/lib/thumb/v7-m/nofp\libc_nano.a(lib_a-mprec.o)
                0x0000000008012604                __mcmp
 *fill*         0x000000000801263a        0x2 
 .text.__mdiff  0x000000000801263c      0x118 c:/st/stm32cubeide_1.5.0/stm32cubeide/plugins/com.st.stm32cube.ide.mcu.externaltools.gnu-tools-for-stm32.10.3-2021.10.win32_1.0.200.202301161003/tools/bin/../lib/gcc/arm-none-eabi/10.3.1/../../../../arm-none-eabi/lib/thumb/v7-m/nofp\libc_nano.a(lib_a-mprec.o)
                0x000000000801263c                __mdiff
 .text.__d2b    0x0000000008012754       0xb8 c:/st/stm32cubeide_1.5.0/stm32cubeide/plugins/com.st.stm32cube.ide.mcu.externaltools.gnu-tools-for-stm32.10.3-2021.10.win32_1.0.200.202301161003/tools/bin/../lib/gcc/arm-none-eabi/10.3.1/../../../../arm-none-eabi/lib/thumb/v7-m/nofp\libc_nano.a(lib_a-mprec.o)
                0x0000000008012754                __d2b
 .text._calloc_r
                0x000000000801280c       0x28 c:/st/stm32cubeide_1.5.0/stm32cubeide/plugins/com.st.stm32cube.ide.mcu.externaltools.gnu-tools-for-stm32.10.3-2021.10.win32_1.0.200.202301161003/tools/bin/../lib/gcc/arm-none-eabi/10.3.1/../../../../arm-none-eabi/lib/thumb/v7-m/nofp\libc_nano.a(lib_a-nano-callocr.o)
                0x000000000801280c                _calloc_r
 .text._free_r  0x0000000008012834       0x90 c:/st/stm32cubeide_1.5.0/stm32cubeide/plugins/com.st.stm32cube.ide.mcu.externaltools.gnu-tools-for-stm32.10.3-2021.10.win32_1.0.200.202301161003/tools/bin/../lib/gcc/arm-none-eabi/10.3.1/../../../../arm-none-eabi/lib/thumb/v7-m/nofp\libc_nano.a(lib_a-nano-freer.o)
                0x0000000008012834                _free_r
 .text.sbrk_aligned
                0x00000000080128c4       0x40 c:/st/stm32cubeide_1.5.0/stm32cubeide/plugins/com.st.stm32cube.ide.mcu.externaltools.gnu-tools-for-stm32.10.3-2021.10.win32_1.0.200.202301161003/tools/bin/../lib/gcc/arm-none-eabi/10.3.1/../../../../arm-none-eabi/lib/thumb/v7-m/nofp\libc_nano.a(lib_a-nano-mallocr.o)
 .text._malloc_r
                0x0000000008012904       0xe8 c:/st/stm32cubeide_1.5.0/stm32cubeide/plugins/com.st.stm32cube.ide.mcu.externaltools.gnu-tools-for-stm32.10.3-2021.10.win32_1.0.200.202301161003/tools/bin/../lib/gcc/arm-none-eabi/10.3.1/../../../../arm-none-eabi/lib/thumb/v7-m/nofp\libc_nano.a(lib_a-nano-mallocr.o)
                0x0000000008012904                _malloc_r
 .text.__ssputs_r
                0x00000000080129ec       0xb6 c:/st/stm32cubeide_1.5.0/stm32cubeide/plugins/com.st.stm32cube.ide.mcu.externaltools.gnu-tools-for-stm32.10.3-2021.10.win32_1.0.200.202301161003/tools/bin/../lib/gcc/arm-none-eabi/10.3.1/../../../../arm-none-eabi/lib/thumb/v7-m/nofp\libc_nano.a(lib_a-nano-svfprintf.o)
                0x00000000080129ec                __ssputs_r
 *fill*         0x0000000008012aa2        0x2 
 .text._svfprintf_r
                0x0000000008012aa4      0x200 c:/st/stm32cubeide_1.5.0/stm32cubeide/plugins/com.st.stm32cube.ide.mcu.externaltools.gnu-tools-for-stm32.10.3-2021.10.win32_1.0.200.202301161003/tools/bin/../lib/gcc/arm-none-eabi/10.3.1/../../../../arm-none-eabi/lib/thumb/v7-m/nofp\libc_nano.a(lib_a-nano-svfprintf.o)
                0x0000000008012aa4                _svfiprintf_r
                0x0000000008012aa4                _svfprintf_r
 .text.__sfputc_r
                0x0000000008012ca4       0x2a c:/st/stm32cubeide_1.5.0/stm32cubeide/plugins/com.st.stm32cube.ide.mcu.externaltools.gnu-tools-for-stm32.10.3-2021.10.win32_1.0.200.202301161003/tools/bin/../lib/gcc/arm-none-eabi/10.3.1/../../../../arm-none-eabi/lib/thumb/v7-m/nofp\libc_nano.a(lib_a-nano-vfprintf.o)
 .text.__sfputs_r
                0x0000000008012cce       0x24 c:/st/stm32cubeide_1.5.0/stm32cubeide/plugins/com.st.stm32cube.ide.mcu.externaltools.gnu-tools-for-stm32.10.3-2021.10.win32_1.0.200.202301161003/tools/bin/../lib/gcc/arm-none-eabi/10.3.1/../../../../arm-none-eabi/lib/thumb/v7-m/nofp\libc_nano.a(lib_a-nano-vfprintf.o)
                0x0000000008012cce                __sfputs_r
 *fill*         0x0000000008012cf2        0x2 
 .text._vfprintf_r