Archive member included to satisfy reference by file (symbol)

c:/st/stm32cubeide_1.5.0/stm32cubeide/plugins/com.st.stm32cube.ide.mcu.externaltools.gnu-tools-for-stm32.10.3-2021.10.win32_1.0.200.202301161003/tools/bin/../lib/gcc/arm-none-eabi/10.3.1/../../../../arm-none-eabi/lib/thumb/v7-m/nofp\libc_nano.a(lib_a-atoi.o)
                              ./Core/Src/parser_complex.o (atoi)
c:/st/stm32cubeide_1.5.0/stm32cubeide/plugins/com.st.stm32cube.ide.mcu.externaltools.gnu-tools-for-stm32.10.3-2021.10.win32_1.0.200.202301161003/tools/bin/../lib/gcc/arm-none-eabi/10.3.1/../../../../arm-none-eabi/lib/thumb/v7-m/nofp\libc_nano.a(lib_a-errno.o)
                              ./Core/Src/syscalls.o (__errno)
c:/st/stm32cubeide_1.5.0/stm32cubeide/plugins/com.st.stm32cube.ide.mcu.externaltools.gnu-tools-for-stm32.10.3-2021.10.win32_1.0.200.202301161003/tools/bin/../lib/gcc/arm-none-eabi/10.3.1/../../../../arm-none-eabi/lib/thumb/v7-m/nofp\libc_nano.a(lib_a-exit.o)
                              c:/st/stm32cubeide_1.5.0/stm32cubeide/plugins/com.st.stm32cube.ide.mcu.externaltools.gnu-tools-for-stm32.10.3-2021.10.win32_1.0.200.202301161003/tools/bin/../lib/gcc/arm-none-eabi/10.3.1/../../../../arm-none-eabi/lib/thumb/v7-m/nofp/crt0.o (exit)
c:/st/stm32cubeide_1.5.0/stm32cubeide/plugins/com.st.stm32cube.ide.mcu.externaltools.gnu-tools-for-stm32.10.3-2021.10.win32_1.0.200.202301161003/tools/bin/../lib/gcc/arm-none-eabi/10.3.1/../../../../arm-none-eabi/lib/thumb/v7-m/nofp\libc_nano.a(lib_a-impure.o)
                              c:/st/stm32cubeide_1.5.0/stm32cubeide/plugins/com.st.stm32cube.ide.mcu.externaltools.gnu-tools-for-stm32.10.3-2021.10.win32_1.0.200.202301161003/tools/bin/../lib/gcc/arm-none-eabi/10.3.1/../../../../arm-none-eabi/lib/thumb/v7-m/nofp\libc_nano.a(lib_a-exit.o) (_global_impure_ptr)
c:/st/stm32cubeide_1.5.0/stm32cubeide/plugins/com.st.stm32cube.ide.mcu.externaltools.gnu-tools-for-stm32.10.3-2021.10.win32_1.0.200.202301161003/tools/bin/../lib/gcc/arm-none-eabi/10.3.1/../../../../arm-none-eabi/lib/thumb/v7-m/nofp\libc_nano.a(lib_a-init.o)
                              c:/st/stm32cubeide_1.5.0/stm32cubeide/plugins/com.st.stm32cube.ide.mcu.externaltools.gnu-tools-for-stm32.10.3-2021.10.win32_1.0.200.202301161003/tools/bin/../lib/gcc/arm-none-eabi/10.3.1/../../../../arm-none-eabi/lib/thumb/v7-m/nofp/crt0.o (__libc_init_array)
c:/st/stm32cubeide_1.5.0/stm32cubeide/plugins/com.st.stm32cube.ide.mcu.externaltools.gnu-tools-for-stm32.10.3-2021.10.win32_1.0.200.202301161003/tools/bin/../lib/gcc/arm-none-eabi/10.3.1/../../../../arm-none-eabi/lib/thumb/v7-m/nofp\libc_nano.a(lib_a-memset.o)
                              c:/st/stm32cubeide_1.5.0/stm32cubeide/plugins/com.st.stm32cube.ide.mcu.externaltools.gnu-tools-for-stm32.10.3-2021.10.win32_1.0.200.202301161003/tools/bin/../lib/gcc/arm-none-eabi/10.3.1/../../../../arm-none-eabi/lib/thumb/v7-m/nofp/crt0.o (memset)
c:/st/stm32cubeide_1.5.0/stm32cubeide/plugins/com.st.stm32cube.ide.mcu.externaltools.gnu-tools-for-stm32.10.3-2021.10.win32_1.0.200.202301161003/tools/bin/../lib/gcc/arm-none-eabi/10.3.1/../../../../arm-none-eabi/lib/thumb/v7-m/nofp\libc_nano.a(lib_a-strlen.o)
                              ./Core/Src/main.o (strlen)
c:/st/stm32cubeide_1.5.0/stm32cubeide/plugins/com.st.stm32cube.ide.mcu.externaltools.gnu-tools-for-stm32.10.3-2021.10.win32_1.0.200.202301161003/tools/bin/../lib/gcc/arm-none-eabi/10.3.1/../../../../arm-none-eabi/lib/thumb/v7-m/nofp\libc_nano.a(lib_a-strtok.o)
                              ./Core/Src/parser_complex.o (strtok)
c:/st/stm32cubeide_1.5.0/stm32cubeide/plugins/com.st.stm32cube.ide.mcu.externaltools.gnu-tools-for-stm32.10.3-2021.10.win32_1.0.200.202301161003/tools/bin/../lib/gcc/arm-none-eabi/10.3.1/../../../../arm-none-eabi/lib/thumb/v7-m/nofp\libc_nano.a(lib_a-strtok_r.o)
                              c:/st/stm32cubeide_1.5.0/stm32cubeide/plugins/com.st.stm32cube.ide.mcu.externaltools.gnu-tools-for-stm32.10.3-2021.10.win32_1.0.200.202301161003/tools/bin/../lib/gcc/arm-none-eabi/10.3.1/../../../../arm-none-eabi/lib/thumb/v7-m/nofp\libc_nano.a(lib_a-strtok.o) (__strtok_r)
c:/st/stm32cubeide_1.5.0/stm32cubeide/plugins/com.st.stm32cube.ide.mcu.externaltools.gnu-tools-for-stm32.10.3-2021.10.win32_1.0.200.202301161003/tools/bin/../lib/gcc/arm-none-eabi/10.3.1/../../../../arm-none-eabi/lib/thumb/v7-m/nofp\libc_nano.a(lib_a-strtol.o)
                              c:/st/stm32cubeide_1.5.0/stm32cubeide/plugins/com.st.stm32cube.ide.mcu.externaltools.gnu-tools-for-stm32.10.3-2021.10.win32_1.0.200.202301161003/tools/bin/../lib/gcc/arm-none-eabi/10.3.1/../../../../arm-none-eabi/lib/thumb/v7-m/nofp\libc_nano.a(lib_a-atoi.o) (_strtol_r)
c:/st/stm32cubeide_1.5.0/stm32cubeide/plugins/com.st.stm32cube.ide.mcu.externaltools.gnu-tools-for-stm32.10.3-2021.10.win32_1.0.200.202301161003/tools/bin/../lib/gcc/arm-none-eabi/10.3.1/../../../../arm-none-eabi/lib/thumb/v7-m/nofp\libc_nano.a(lib_a-assert.o)
[...]
Memory Configuration

Name             Origin             Length             Attributes
RAM              0x0000000020000000 0x0000000000010000 xrw
FLASH            0x0000000008000000 0x0000000000080000 xr
*default*        0x0000000000000000 0xffffffffffffffff

Linker script and memory map

LOAD c:/st/stm32cubeide_1.5.0/stm32cubeide/plugins/com.st.stm32cube.ide.mcu.externaltools.gnu-tools-for-stm32.10.3-2021.10.win32_1.0.200.202301161003/tools/bin/../lib/gcc/arm-none-eabi/10.3.1/thumb/v7-m/nofp/crti.o
LOAD c:/st/stm32cubeide_1.5.0/stm32cubeide/plugins/com.st.stm32cube.ide.mcu.externaltools.gnu-tools-for-stm32.10.3-2021.10.win32_1.0.200.202301161003/tools/bin/../lib/gcc/arm-none-eabi/10.3.1/thumb/v7-m/nofp/crtbegin.o
LOAD c:/st/stm32cubeide_1.5.0/stm32cubeide/plugins/com.st.stm32cube.ide.mcu.externaltools.gnu-tools-for-stm32.10.3-2021.10.win32_1.0.200.202301161003/tools/bin/../lib/gcc/arm-none-eabi/10.3.1/../../../../arm-none-eabi/lib/thumb/v7-m/nofp/crt0.o
LOAD ./Core/Src/1wire.o
LOAD ./Core/Src/GFX_BW.o
LOAD ./Core/Src/M24Cxx.o
LOAD ./Core/Src/adc.o
LOAD ./Core/Src/button.o
LOAD ./Core/Src/dma.o
LOAD ./Core/Src/ds18b20.o
LOAD ./Core/Src/gpio.o
LOAD ./Core/Src/i2c.o
LOAD ./Core/Src/main.o
LOAD ./Core/Src/parser_complex.o
LOAD ./Core/Src/ring_buffer.o
LOAD ./Core/Src/ssd1306.o
LOAD ./Core/Src/stm32f1xx_hal_msp.o
LOAD ./Core/Src/stm32f1xx_it.o
LOAD ./Core/Src/syscalls.o
LOAD ./Core/Src/sysmem.o
LOAD ./Core/Src/system_stm32f1xx.o
LOAD ./Core/Src/tim.o
LOAD ./Core/Src/usart.o
LOAD ./Core/Src/utils.o
LOAD ./Core/Startup/startup_stm32f103zetx.o
LOAD ./Drivers/STM32F1xx_HAL_Driver/Src/stm32f1xx_hal.o
LOAD ./Drivers/STM32F1xx_HAL_Driver/Src/stm32f1xx_hal_adc.o
LOAD ./Drivers/STM32F1xx_HAL_Driver/Src/stm32f1xx_hal_adc_ex.o
LOAD ./Drivers/STM32F1xx_HAL_Driver/Src/stm32f1xx_hal_cortex.o
LOAD ./Drivers/STM32F1xx_HAL_Driver/Src/stm32f1xx_hal_dma.o
LOAD ./Drivers/STM32F1xx_HAL_Driver/Src/stm32f1xx_hal_exti.o
LOAD ./Drivers/STM32F1xx_HAL_Driver/Src/stm32f1xx_hal_flash.o
LOAD ./Drivers/STM32F1xx_HAL_Driver/Src/stm32f1xx_hal_flash_ex.o
LOAD ./Drivers/STM32F1xx_HAL_Driver/Src/stm32f1xx_hal_gpio.o
LOAD ./Drivers/STM32F1xx_HAL_Driver/Src/stm32f1xx_hal_gpio_ex.o
LOAD ./Drivers/STM32F1xx_HAL_Driver/Src/stm32f1xx_hal_i2c.o
LOAD ./Drivers/STM32F1xx_HAL_Driver/Src/stm32f1xx_hal_pcd.o
LOAD ./Drivers/STM32F1xx_HAL_Driver/Src/stm32f1xx_hal_pcd_ex.o
LOAD ./Drivers/STM32F1xx_HAL_Driver/Src/stm32f1xx_hal_pwr.o
LOAD ./Drivers/STM32F1xx_HAL_Driver/Src/stm32f1xx_hal_rcc.o
LOAD ./Drivers/STM32F1xx_HAL_Driver/Src/stm32f1xx_hal_rcc_ex.o
LOAD ./Drivers/STM32F1xx_HAL_Driver/Src/stm32f1xx_hal_tim.o
LOAD ./Drivers/STM32F1xx_HAL_Driver/Src/stm32f1xx_hal_tim_ex.o
LOAD ./Drivers/STM32F1xx_HAL_Driver/Src/stm32f1xx_hal_uart.o
LOAD ./Drivers/STM32F1xx_HAL_Driver/Src/stm32f1xx_ll_usb.o
LOAD ./Middlewares/ST/STM32_USB_Device_Library/Class/CDC/Src/usbd_cdc.o
LOAD ./Middlewares/ST/STM32_USB_Device_Library/Core/Src/usbd_core.o
LOAD ./Middlewares/ST/STM32_USB_Device_Library/Core/Src/usbd_ctlreq.o
LOAD ./Middlewares/ST/STM32_USB_Device_Library/Core/Src/usbd_ioreq.o
LOAD ./USB_DEVICE/App/usb_device.o
LOAD ./USB_DEVICE/App/usbd_cdc_if.o
LOAD ./USB_DEVICE/App/usbd_desc.o
LOAD ./USB_DEVICE/Target/usbd_conf.o
START GROUP
LOAD c:/st/stm32cubeide_1.5.0/stm32cubeide/plugins/com.st.stm32cube.ide.mcu.externaltools.gnu-tools-for-stm32.10.3-2021.10.win32_1.0.200.202301161003/tools/bin/../lib/gcc/arm-none-eabi/10.3.1/../../../../arm-none-eabi/lib/thumb/v7-m/nofp\libc_nano.a
LOAD c:/st/stm32cubeide_1.5.0/stm32cubeide/plugins/com.st.stm32cube.ide.mcu.externaltools.gnu-tools-for-stm32.10.3-2021.10.win32_1.0.200.202301161003/tools/bin/../lib/gcc/arm-none-eabi/10.3.1/../../../../arm-none-eabi/lib/thumb/v7-m/nofp\libm.a
END GROUP
START GROUP
LOAD c:/st/stm32cubeide_1.5.0/stm32cubeide/plugins/com.st.stm32cube.ide.mcu.externaltools.gnu-tools-for-stm32.10.3-2021.10.win32_1.0.200.202301161003/tools/bin/../lib/gcc/arm-none-eabi/10.3.1/thumb/v7-m/nofp\libgcc.a
LOAD c:/st/stm32cubeide_1.5.0/stm32cubeide/plugins/com.st.stm32cube.ide.mcu.externaltools.gnu-tools-for-stm32.10.3-2021.10.win32_1.0.200.202301161003/tools/bin/../lib/gcc/arm-none-eabi/10.3.1/../../../../arm-none-eabi/lib/thumb/v7-m/nofp\libc_nano.a
END GROUP
START GROUP
LOAD c:/st/stm32cubeide_1.5.0/stm32cubeide/plugins/com.st.stm32cube.ide.mcu.externaltools.gnu-tools-for-stm32.10.3-2021.10.win32_1.0.200.202301161003/tools/bin/../lib/gcc/arm-none-eabi/10.3.1/thumb/v7-m/nofp\libgcc.a
LOAD c:/st/stm32cubeide_1.5.0/stm32cubeide/plugins/com.st.stm32cube.ide.mcu.externaltools.gnu-tools-for-stm32.10.3-2021.10.win32_1.0.200.202301161003/tools/bin/../lib/gcc/arm-none-eabi/10.3.1/../../../../arm-none-eabi/lib/thumb/v7-m/nofp\libc_nano.a
LOAD c:/st/stm32cubeide_1.5.0/stm32cubeide/plugins/com.st.stm32cube.ide.mcu.externaltools.gnu-tools-for-stm32.10.3-2021.10.win32_1.0.200.202301161003/tools/bin/../lib/gcc/arm-none-eabi/10.3.1/../../../../arm-none-eabi/lib/thumb/v7-m/nofp\libnosys.a
END GROUP
START GROUP
LOAD c:/st/stm32cubeide_1.5.0/stm32cubeide/plugins/com.st.stm32cube.ide.mcu.externaltools.gnu-tools-for-stm32.10.3-2021.10.win32_1.0.200.202301161003/tools/bin/../lib/gcc/arm-none-eabi/10.3.1/thumb/v7-m/nofp\libgcc.a
LOAD c:/st/stm32cubeide_1.5.0/stm32cubeide/plugins/com.st.stm32cube.ide.mcu.externaltools.gnu-tools-for-stm32.10.3-2021.10.win32_1.0.200.202301161003/tools/bin/../lib/gcc/arm-none-eabi/10.3.1/../../../../arm-none-eabi/lib/thumb/v7-m/nofp\libc_nano.a
LOAD c:/st/stm32cubeide_1.5.0/stm32cubeide/plugins/com.st.stm32cube.ide.mcu.externaltools.gnu-tools-for-stm32.10.3-2021.10.win32_1.0.200.202301161003/tools/bin/../lib/gcc/arm-none-eabi/10.3.1/../../../../arm-none-eabi/lib/thumb/v7-m/nofp\libnosys.a
END GROUP
LOAD c:/st/stm32cubeide_1.5.0/stm32cubeide/plugins/com.st.stm32cube.ide.mcu.externaltools.gnu-tools-for-stm32.10.3-2021.10.win32_1.0.200.202301161003/tools/bin/../lib/gcc/arm-none-eabi/10.3.1/thumb/v7-m/nofp/crtend.o
LOAD c:/st/stm32cubeide_1.5.0/stm32cubeide/plugins/com.st.stm32cube.ide.mcu.externaltools.gnu-tools-for-stm32.10.3-2021.10.win32_1.0.200.202301161003/tools/bin/../lib/gcc/arm-none-eabi/10.3.1/thumb/v7-m/nofp/crtn.o
                0x0000000020010000                _estack = (ORIGIN (RAM) + LENGTH (RAM))
                0x0000000000000800                _Min_Heap_Size = 0x800
                0x0000000000001000                _Min_Stack_Size = 0x1000

.isr_vector     0x0000000008000000      0x1e4
                0x0000000008000000                . = ALIGN (0x4)
 *(.isr_vector)
 .isr_vector    0x0000000008000000      0x1e4 ./Core/Startup/startup_stm32f103zetx.o
                0x0000000008000000                g_pfnVectors
                0x00000000080001e4                . = ALIGN (0x4)

.text           0x00000000080001e4     0xead0
                0x00000000080001e4                . = ALIGN (0x4)
 *(.text)
 .text          0x00000000080001e4       0x40 c:/st/stm32cubeide_1.5.0/stm32cubeide/plugins/com.st.stm32cube.ide.mcu.externaltools.gnu-tools-for-stm32.10.3-2021.10.win32_1.0.200.202301161003/tools/bin/../lib/gcc/arm-none-eabi/10.3.1/thumb/v7-m/nofp/crtbegin.o
 .text          0x0000000008000224       0x10 c:/st/stm32cubeide_1.5.0/stm32cubeide/plugins/com.st.stm32cube.ide.mcu.externaltools.gnu-tools-for-stm32.10.3-2021.10.win32_1.0.200.202301161003/tools/bin/../lib/gcc/arm-none-eabi/10.3.1/../../../../arm-none-eabi/lib/thumb/v7-m/nofp\libc_nano.a(lib_a-strlen.o)
                0x0000000008000224                strlen
 .text          0x0000000008000234      0x21c c:/st/stm32cubeide_1.5.0/stm32cubeide/plugins/com.st.stm32cube.ide.mcu.externaltools.gnu-tools-for-stm32.10.3-2021.10.win32_1.0.200.202301161003/tools/bin/../lib/gcc/arm-none-eabi/10.3.1/thumb/v7-m/nofp\libgcc.a(_arm_addsubsf3.o)
                0x0000000008000234                __aeabi_frsub
                0x000000000800023c                __subsf3
                0x000000000800023c                __aeabi_fsub
                0x0000000008000240                __aeabi_fadd
                0x0000000008000240                __addsf3
                0x00000000080003a0                __aeabi_ui2f
                0x00000000080003a0                __floatunsisf
                0x00000000080003a8                __aeabi_i2f
                0x00000000080003a8                __floatsisf
                0x00000000080003c4                __aeabi_ul2f
                0x00000000080003c4                __floatundisf
                0x00000000080003d4                __aeabi_l2f
                0x00000000080003d4                __floatdisf
 .text          0x0000000008000450      0x2a0 c:/st/stm32cubeide_1.5.0/stm32cubeide/plugins/com.st.stm32cube.ide.mcu.externaltools.gnu-tools-for-stm32.10.3-2021.10.win32_1.0.200.202301161003/tools/bin/../lib/gcc/arm-none-eabi/10.3.1/thumb/v7-m/nofp\libgcc.a(_arm_muldivsf3.o)
                0x0000000008000450                __mulsf3
                0x0000000008000450                __aeabi_fmul
                0x00000000080005b8                __aeabi_fdiv
                0x00000000080005b8                __divsf3
 *(.text*)
 .text.set_baudrate
                0x00000000080006f0       0x58 ./Core/Src/1wire.o
 .text.wire_reset
                0x0000000008000748       0x50 ./Core/Src/1wire.o
                0x0000000008000748                wire_reset
 .text.read_bit
                0x0000000008000798       0x54 ./Core/Src/1wire.o
 .text.wire_read
                0x00000000080007ec       0x3e ./Core/Src/1wire.o
                0x00000000080007ec                wire_read
 *fill*         0x000000000800082a        0x2 
 .text.write_bit
                0x000000000800082c       0x44 ./Core/Src/1wire.o
 .text.wire_write
                0x0000000008000870       0x38 ./Core/Src/1wire.o
                0x0000000008000870                wire_write
 .text.byte_crc
                0x00000000080008a8       0x56 ./Core/Src/1wire.o
 .text.wire_crc
                0x00000000080008fe       0x42 ./Core/Src/1wire.o
                0x00000000080008fe                wire_crc
 .text.m24cxxInit
                0x0000000008000940       0x50 ./Core/Src/M24Cxx.o
                0x0000000008000940                m24cxxInit
 .text.m24cxxFullRead
                0x0000000008000990       0x2e ./Core/Src/M24Cxx.o
                0x0000000008000990                m24cxxFullRead
 .text.m24cxxWcSetIt
                0x00000000080009be       0x3e ./Core/Src/M24Cxx.o
                0x00000000080009be                m24cxxWcSetIt
 .text.MX_ADC1_Init
                0x00000000080009fc       0x7c ./Core/Src/adc.o
                0x00000000080009fc                MX_ADC1_Init
 .text.HAL_ADC_MspInit
                0x0000000008000a78       0xa8 ./Core/Src/adc.o
                0x0000000008000a78                HAL_ADC_MspInit
 .text.ButtonInitKey
                0x0000000008000b20       0x3e ./Core/Src/button.o
                0x0000000008000b20                ButtonInitKey
 .text.ButtonIdleRoutine
                0x0000000008000b5e       0x36 ./Core/Src/button.o
                0x0000000008000b5e                ButtonIdleRoutine
 .text.ButtonDebounceRoutine
                0x0000000008000b94       0x60 ./Core/Src/button.o
                0x0000000008000b94                ButtonDebounceRoutine
 .text.ButtonPressedRoutine
                0x0000000008000bf4       0x60 ./Core/Src/button.o
                0x0000000008000bf4                ButtonPressedRoutine
 .text.ButtonRepeatRoutine
                0x0000000008000c54       0x5a ./Core/Src/button.o
                0x0000000008000c54                ButtonRepeatRoutine
 .text.ButtonReleaseRoutine
                0x0000000008000cae       0x24 ./Core/Src/button.o
                0x0000000008000cae                ButtonReleaseRoutine
 *fill*         0x0000000008000cd2        0x2 
 .text.ButtonTask
                0x0000000008000cd4       0x5c ./Core/Src/button.o
                0x0000000008000cd4                ButtonTask
 .text.MX_DMA_Init
                0x0000000008000d30       0x2c ./Core/Src/dma.o
                0x0000000008000d30                MX_DMA_Init
 .text.ds18b20_read_address
                0x0000000008000d5c       0x62 ./Core/Src/ds18b20.o
                0x0000000008000d5c                ds18b20_read_address
 .text.send_cmd
                0x0000000008000dbe       0x60 ./Core/Src/ds18b20.o
 .text.ds18b20_start_measure
                0x0000000008000e1e       0x1a ./Core/Src/ds18b20.o
                0x0000000008000e1e                ds18b20_start_measure
 .text.ds18b20_read_scratchpad
                0x0000000008000e38       0x62 ./Core/Src/ds18b20.o
 .text.ds18b20_get_temp_wo_fp
                0x0000000008000e9a       0x40 ./Core/Src/ds18b20.o
                0x0000000008000e9a                ds18b20_get_temp_wo_fp
 *fill*         0x0000000008000eda        0x2 
 .text.MX_GPIO_Init
                0x0000000008000edc      0x1f0 ./Core/Src/gpio.o
                0x0000000008000edc                MX_GPIO_Init
 .text.MX_I2C1_Init
                0x00000000080010cc       0x5c ./Core/Src/i2c.o
                0x00000000080010cc                MX_I2C1_Init
 .text.HAL_I2C_MspInit
                0x0000000008001128      0x124 ./Core/Src/i2c.o
                0x0000000008001128                HAL_I2C_MspInit
 .text.main     0x000000000800124c      0x16c ./Core/Src/main.o
                0x000000000800124c                main
 .text.SystemClock_Config
                0x00000000080013b8       0xbe ./Core/Src/main.o
                0x00000000080013b8                SystemClock_Config
 .text.MX_NVIC_Init
                0x0000000008001476       0x48 ./Core/Src/main.o
 .text.all      0x00000000080014be        0xe ./Core/Src/main.o
                0x00000000080014be                all
 .text.GpioFLedToggle
                0x00000000080014cc       0x38 ./Core/Src/main.o
                0x00000000080014cc                GpioFLedToggle
 .text.IntervalFunc500ms
                0x0000000008001504       0xb4 ./Core/Src/main.o
                0x0000000008001504                IntervalFunc500ms
 .text.IntervalFunc100ms
                0x00000000080015b8       0x30 ./Core/Src/main.o
                0x00000000080015b8                IntervalFunc100ms
 .text.HAL_I2C_MemTxCpltCallback
                0x00000000080015e8       0x1c ./Core/Src/main.o
                0x00000000080015e8                HAL_I2C_MemTxCpltCallback
 .text.CDC_ReveiveCallback
                0x0000000008001604       0x78 ./Core/Src/main.o
                0x0000000008001604                CDC_ReveiveCallback
 .text.UsbBuffWrite
                0x000000000800167c       0x88 ./Core/Src/main.o
                0x000000000800167c                UsbBuffWrite
 .text.UsbTransmitTask
                0x0000000008001704       0x54 ./Core/Src/main.o
                0x0000000008001704                UsbTransmitTask
 .text.Error_Handler
                0x0000000008001758        0xa ./Core/Src/main.o
                0x0000000008001758                Error_Handler
 .text.Parser_TakeLine
                0x0000000008001762       0x50 ./Core/Src/parser_complex.o
                0x0000000008001762                Parser_TakeLine
 *fill*         0x00000000080017b2        0x2 
 .text.Parser_parse
                0x00000000080017b4       0x9c ./Core/Src/parser_complex.o
                0x00000000080017b4                Parser_parse
 .text.Ring_Buffer_Read
                0x0000000008001850       0x50 ./Core/Src/ring_buffer.o
                0x0000000008001850                Ring_Buffer_Read
 .text.Ring_Buffer_Write
                0x00000000080018a0       0x50 ./Core/Src/ring_buffer.o
                0x00000000080018a0                Ring_Buffer_Write
 .text.Ring_Buffer_Flush
                0x00000000080018f0       0x1e ./Core/Src/ring_buffer.o
                0x00000000080018f0                Ring_Buffer_Flush
 *fill*         0x000000000800190e        0x2 
 .text.SSD1306_Command
                0x0000000008001910       0x34 ./Core/Src/ssd1306.o
 .text.SSD1306_Init
                0x0000000008001944       0xb8 ./Core/Src/ssd1306.o
                0x0000000008001944                SSD1306_Init
 .text.HAL_MspInit
                0x00000000080019fc       0x64 ./Core/Src/stm32f1xx_hal_msp.o
                0x00000000080019fc                HAL_MspInit
 .text.NMI_Handler
                0x0000000008001a60        0x6 ./Core/Src/stm32f1xx_it.o
                0x0000000008001a60                NMI_Handler
 .text.HardFault_Handler
                0x0000000008001a66        0x6 ./Core/Src/stm32f1xx_it.o
                0x0000000008001a66                HardFault_Handler
 .text.MemManage_Handler
                0x0000000008001a6c        0x6 ./Core/Src/stm32f1xx_it.o
                0x0000000008001a6c                MemManage_Handler
 .text.BusFault_Handler
                0x0000000008001a72        0x6 ./Core/Src/stm32f1xx_it.o
                0x0000000008001a72                BusFault_Handler
 .text.UsageFault_Handler
                0x0000000008001a78        0x6 ./Core/Src/stm32f1xx_it.o
                0x0000000008001a78                UsageFault_Handler
 .text.SVC_Handler
                0x0000000008001a7e        0xc ./Core/Src/stm32f1xx_it.o
                0x0000000008001a7e                SVC_Handler
 .text.DebugMon_Handler
                0x0000000008001a8a        0xc ./Core/Src/stm32f1xx_it.o
                0x0000000008001a8a                DebugMon_Handler
 .text.PendSV_Handler
                0x0000000008001a96        0xc ./Core/Src/stm32f1xx_it.o
                0x0000000008001a96                PendSV_Handler
 .text.SysTick_Handler
                0x0000000008001aa2        0xc ./Core/Src/stm32f1xx_it.o
                0x0000000008001aa2                SysTick_Handler
 *fill*         0x0000000008001aae        0x2 
 .text.DMA1_Channel6_IRQHandler
                0x0000000008001ab0       0x14 ./Core/Src/stm32f1xx_it.o
                0x0000000008001ab0                DMA1_Channel6_IRQHandler
 .text.DMA1_Channel7_IRQHandler
                0x0000000008001ac4       0x14 ./Core/Src/stm32f1xx_it.o
                0x0000000008001ac4                DMA1_Channel7_IRQHandler
 .text.USB_LP_CAN1_RX0_IRQHandler
                0x0000000008001ad8       0x14 ./Core/Src/stm32f1xx_it.o
                0x0000000008001ad8                USB_LP_CAN1_RX0_IRQHandler
 .text.I2C1_EV_IRQHandler
                0x0000000008001aec       0x14 ./Core/Src/stm32f1xx_it.o
                0x0000000008001aec                I2C1_EV_IRQHandler
 .text._getpid  0x0000000008001b00        0xe ./Core/Src/syscalls.o
                0x0000000008001b00                _getpid
 .text._kill    0x0000000008001b0e       0x20 ./Core/Src/syscalls.o
                0x0000000008001b0e                _kill
 .text._exit    0x0000000008001b2e       0x14 ./Core/Src/syscalls.o
                0x0000000008001b2e                _exit
 .text._read    0x0000000008001b42       0x3a ./Core/Src/syscalls.o
                0x0000000008001b42                _read
 .text._write   0x0000000008001b7c       0x38 ./Core/Src/syscalls.o
                0x0000000008001b7c                _write
 .text._close   0x0000000008001bb4       0x16 ./Core/Src/syscalls.o
                0x0000000008001bb4                _close
 .text._fstat   0x0000000008001bca       0x1e ./Core/Src/syscalls.o
                0x0000000008001bca                _fstat
 .text._isatty  0x0000000008001be8       0x14 ./Core/Src/syscalls.o
                0x0000000008001be8                _isatty
 .text._lseek   0x0000000008001bfc       0x18 ./Core/Src/syscalls.o
                0x0000000008001bfc                _lseek
 .text._sbrk    0x0000000008001c14       0x6c ./Core/Src/sysmem.o
                0x0000000008001c14                _sbrk
 .text.SystemInit
                0x0000000008001c80        0xc ./Core/Src/system_stm32f1xx.o
                0x0000000008001c80                SystemInit
 .text.MX_TIM3_Init
                0x0000000008001c8c       0xec ./Core/Src/tim.o
                0x0000000008001c8c                MX_TIM3_Init
 .text.MX_TIM4_Init
                0x0000000008001d78      0x130 ./Core/Src/tim.o
                0x0000000008001d78                MX_TIM4_Init
 .text.HAL_TIM_Base_MspInit
                0x0000000008001ea8       0x64 ./Core/Src/tim.o
                0x0000000008001ea8                HAL_TIM_Base_MspInit
 .text.HAL_TIM_MspPostInit
                0x0000000008001f0c       0xf0 ./Core/Src/tim.o
                0x0000000008001f0c                HAL_TIM_MspPostInit
 .text.MX_USART1_UART_Init
                0x0000000008001ffc       0x54 ./Core/Src/usart.o
                0x0000000008001ffc                MX_USART1_UART_Init
 .text.MX_USART2_UART_Init
                0x0000000008002050       0x54 ./Core/Src/usart.o
                0x0000000008002050                MX_USART2_UART_Init
 .text.MX_USART3_UART_Init
                0x00000000080020a4       0x54 ./Core/Src/usart.o
                0x00000000080020a4                MX_USART3_UART_Init
 .text.HAL_UART_MspInit
                0x00000000080020f8      0x168 ./Core/Src/usart.o
                0x00000000080020f8                HAL_UART_MspInit
 .text.Reset_Handler
                0x0000000008002260       0x48 ./Core/Startup/startup_stm32f103zetx.o
                0x0000000008002260                Reset_Handler
 .text.Default_Handler
                0x00000000080022a8        0x2 ./Core/Startup/startup_stm32f103zetx.o
                0x00000000080022a8                RTC_Alarm_IRQHandler
                0x00000000080022a8                EXTI2_IRQHandler
                0x00000000080022a8                TIM8_TRG_COM_IRQHandler
                0x00000000080022a8                TIM8_CC_IRQHandler
                0x00000000080022a8                TIM1_CC_IRQHandler
                0x00000000080022a8                TIM6_IRQHandler
                0x00000000080022a8                PVD_IRQHandler
                0x00000000080022a8                SDIO_IRQHandler
                0x00000000080022a8                EXTI3_IRQHandler
                0x00000000080022a8                EXTI0_IRQHandler
                0x00000000080022a8                I2C2_EV_IRQHandler
                0x00000000080022a8                ADC1_2_IRQHandler
                0x00000000080022a8                SPI1_IRQHandler
                0x00000000080022a8                TAMPER_IRQHandler
                0x00000000080022a8                TIM8_UP_IRQHandler
                0x00000000080022a8                DMA2_Channel2_IRQHandler
                0x00000000080022a8                DMA1_Channel4_IRQHandler
                0x00000000080022a8                USART3_IRQHandler
                0x00000000080022a8                RTC_IRQHandler
                0x00000000080022a8                CAN1_RX1_IRQHandler
                0x00000000080022a8                UART5_IRQHandler
                0x00000000080022a8                ADC3_IRQHandler
                0x00000000080022a8                TIM4_IRQHandler
                0x00000000080022a8                DMA2_Channel1_IRQHandler
                0x00000000080022a8                UART4_IRQHandler
                0x00000000080022a8                TIM3_IRQHandler
                0x00000000080022a8                RCC_IRQHandler
                0x00000000080022a8                TIM1_TRG_COM_IRQHandler
                0x00000000080022a8                DMA1_Channel1_IRQHandler
                0x00000000080022a8                Default_Handler
                0x00000000080022a8                EXTI15_10_IRQHandler
                0x00000000080022a8                TIM7_IRQHandler
                0x00000000080022a8                TIM5_IRQHandler
                0x00000000080022a8                EXTI9_5_IRQHandler
                0x00000000080022a8                SPI2_IRQHandler
                0x00000000080022a8                DMA1_Channel5_IRQHandler
                0x00000000080022a8                EXTI4_IRQHandler
                0x00000000080022a8                USB_HP_CAN1_TX_IRQHandler
                0x00000000080022a8                DMA1_Channel3_IRQHandler
                0x00000000080022a8                FSMC_IRQHandler
                0x00000000080022a8                TIM1_UP_IRQHandler
                0x00000000080022a8                WWDG_IRQHandler
                0x00000000080022a8                TIM2_IRQHandler
                0x00000000080022a8                TIM1_BRK_IRQHandler
                0x00000000080022a8                EXTI1_IRQHandler
                0x00000000080022a8                DMA2_Channel4_5_IRQHandler
                0x00000000080022a8                USART2_IRQHandler
                0x00000000080022a8                I2C2_ER_IRQHandler
                0x00000000080022a8                DMA1_Channel2_IRQHandler
                0x00000000080022a8                TIM8_BRK_IRQHandler
                0x00000000080022a8                CAN1_SCE_IRQHandler
                0x00000000080022a8                FLASH_IRQHandler
                0x00000000080022a8                USART1_IRQHandler
                0x00000000080022a8                SPI3_IRQHandler
                0x00000000080022a8                I2C1_ER_IRQHandler
                0x00000000080022a8                USBWakeUp_IRQHandler
                0x00000000080022a8                DMA2_Channel3_IRQHandler
 *fill*         0x00000000080022aa        0x2 
 .text.HAL_Init
                0x00000000080022ac       0x2c ./Drivers/STM32F1xx_HAL_Driver/Src/stm32f1xx_hal.o
                0x00000000080022ac                HAL_Init
 .text.HAL_InitTick
                0x00000000080022d8       0x60 ./Drivers/STM32F1xx_HAL_Driver/Src/stm32f1xx_hal.o
                0x00000000080022d8                HAL_InitTick
 .text.HAL_IncTick
                0x0000000008002338       0x24 ./Drivers/STM32F1xx_HAL_Driver/Src/stm32f1xx_hal.o
                0x0000000008002338                HAL_IncTick
 .text.HAL_GetTick
                0x000000000800235c       0x14 ./Drivers/STM32F1xx_HAL_Driver/Src/stm32f1xx_hal.o
                0x000000000800235c                HAL_GetTick
 .text.HAL_Delay
                0x0000000008002370       0x48 ./Drivers/STM32F1xx_HAL_Driver/Src/stm32f1xx_hal.o
                0x0000000008002370                HAL_Delay
 .text.HAL_ADC_Init
                0x00000000080023b8      0x1d4 ./Drivers/STM32F1xx_HAL_Driver/Src/stm32f1xx_hal_adc.o
                0x00000000080023b8                HAL_ADC_Init
 .text.HAL_ADC_ConfigChannel
                0x000000000800258c      0x1f0 ./Drivers/STM32F1xx_HAL_Driver/Src/stm32f1xx_hal_adc.o
                0x000000000800258c                HAL_ADC_ConfigChannel
 .text.ADC_ConversionStop_Disable
                0x000000000800277c       0x82 ./Drivers/STM32F1xx_HAL_Driver/Src/stm32f1xx_hal_adc.o
                0x000000000800277c                ADC_ConversionStop_Disable
 *fill*         0x00000000080027fe        0x2 
 .text.__NVIC_SetPriorityGrouping
                0x0000000008002800       0x48 ./Drivers/STM32F1xx_HAL_Driver/Src/stm32f1xx_hal_cortex.o
 .text.__NVIC_GetPriorityGrouping
                0x0000000008002848       0x1c ./Drivers/STM32F1xx_HAL_Driver/Src/stm32f1xx_hal_cortex.o
 .text.__NVIC_EnableIRQ
                0x0000000008002864       0x38 ./Drivers/STM32F1xx_HAL_Driver/Src/stm32f1xx_hal_cortex.o
 .text.__NVIC_SetPriority
                0x000000000800289c       0x54 ./Drivers/STM32F1xx_HAL_Driver/Src/stm32f1xx_hal_cortex.o
 .text.NVIC_EncodePriority
                0x00000000080028f0       0x64 ./Drivers/STM32F1xx_HAL_Driver/Src/stm32f1xx_hal_cortex.o
 .text.SysTick_Config
                0x0000000008002954       0x44 ./Drivers/STM32F1xx_HAL_Driver/Src/stm32f1xx_hal_cortex.o
 .text.HAL_NVIC_SetPriorityGrouping
                0x0000000008002998       0x16 ./Drivers/STM32F1xx_HAL_Driver/Src/stm32f1xx_hal_cortex.o
                0x0000000008002998                HAL_NVIC_SetPriorityGrouping
 .text.HAL_NVIC_SetPriority
                0x00000000080029ae       0x38 ./Drivers/STM32F1xx_HAL_Driver/Src/stm32f1xx_hal_cortex.o
                0x00000000080029ae                HAL_NVIC_SetPriority
 .text.HAL_NVIC_EnableIRQ
                0x00000000080029e6       0x1c ./Drivers/STM32F1xx_HAL_Driver/Src/stm32f1xx_hal_cortex.o
                0x00000000080029e6                HAL_NVIC_EnableIRQ
 .text.HAL_SYSTICK_Config
                0x0000000008002a02       0x18 ./Drivers/STM32F1xx_HAL_Driver/Src/stm32f1xx_hal_cortex.o
                0x0000000008002a02                HAL_SYSTICK_Config
 *fill*         0x0000000008002a1a        0x2 
 .text.HAL_DMA_Init
                0x0000000008002a1c       0xec ./Drivers/STM32F1xx_HAL_Driver/Src/stm32f1xx_hal_dma.o
                0x0000000008002a1c                HAL_DMA_Init
 .text.HAL_DMA_Start_IT
                0x0000000008002b08       0xc0 ./Drivers/STM32F1xx_HAL_Driver/Src/stm32f1xx_hal_dma.o
                0x0000000008002b08                HAL_DMA_Start_IT
 .text.HAL_DMA_Abort_IT
                0x0000000008002bc8      0x210 ./Drivers/STM32F1xx_HAL_Driver/Src/stm32f1xx_hal_dma.o
                0x0000000008002bc8                HAL_DMA_Abort_IT
 .text.HAL_DMA_IRQHandler
                0x0000000008002dd8      0x478 ./Drivers/STM32F1xx_HAL_Driver/Src/stm32f1xx_hal_dma.o
                0x0000000008002dd8                HAL_DMA_IRQHandler
 .text.HAL_DMA_GetState
                0x0000000008003250       0x1a ./Drivers/STM32F1xx_HAL_Driver/Src/stm32f1xx_hal_dma.o
                0x0000000008003250                HAL_DMA_GetState
 .text.DMA_SetConfig
                0x000000000800326a       0x5a ./Drivers/STM32F1xx_HAL_Driver/Src/stm32f1xx_hal_dma.o
 .text.HAL_GPIO_Init
                0x00000000080032c4      0x328 ./Drivers/STM32F1xx_HAL_Driver/Src/stm32f1xx_hal_gpio.o
                0x00000000080032c4                HAL_GPIO_Init
 .text.HAL_GPIO_ReadPin
                0x00000000080035ec       0x2e ./Drivers/STM32F1xx_HAL_Driver/Src/stm32f1xx_hal_gpio.o
                0x00000000080035ec                HAL_GPIO_ReadPin
 .text.HAL_GPIO_WritePin
                0x000000000800361a       0x30 ./Drivers/STM32F1xx_HAL_Driver/Src/stm32f1xx_hal_gpio.o
                0x000000000800361a                HAL_GPIO_WritePin
 .text.HAL_GPIO_TogglePin
                0x000000000800364a       0x32 ./Drivers/STM32F1xx_HAL_Driver/Src/stm32f1xx_hal_gpio.o
                0x000000000800364a                HAL_GPIO_TogglePin
 .text.HAL_I2C_Init
                0x000000000800367c      0x288 ./Drivers/STM32F1xx_HAL_Driver/Src/stm32f1xx_hal_i2c.o
                0x000000000800367c                HAL_I2C_Init
 .text.I2C_Flush_DR
                0x0000000008003904       0x28 ./Drivers/STM32F1xx_HAL_Driver/Src/stm32f1xx_hal_i2c.o
 .text.HAL_I2C_Mem_Write
                0x000000000800392c      0x1f4 ./Drivers/STM32F1xx_HAL_Driver/Src/stm32f1xx_hal_i2c.o
                0x000000000800392c                HAL_I2C_Mem_Write
 .text.HAL_I2C_Mem_Read_DMA
                0x0000000008003b20      0x30c ./Drivers/STM32F1xx_HAL_Driver/Src/stm32f1xx_hal_i2c.o
                0x0000000008003b20                HAL_I2C_Mem_Read_DMA
 .text.HAL_I2C_EV_IRQHandler
                0x0000000008003e2c      0x2e2 ./Drivers/STM32F1xx_HAL_Driver/Src/stm32f1xx_hal_i2c.o
                0x0000000008003e2c                HAL_I2C_EV_IRQHandler
 .text.HAL_I2C_MasterTxCpltCallback
                0x000000000800410e       0x12 ./Drivers/STM32F1xx_HAL_Driver/Src/stm32f1xx_hal_i2c.o
                0x000000000800410e                HAL_I2C_MasterTxCpltCallback
 .text.HAL_I2C_MasterRxCpltCallback
                0x0000000008004120       0x12 ./Drivers/STM32F1xx_HAL_Driver/Src/stm32f1xx_hal_i2c.o
                0x0000000008004120                HAL_I2C_MasterRxCpltCallback
 .text.HAL_I2C_SlaveTxCpltCallback
                0x0000000008004132       0x12 ./Drivers/STM32F1xx_HAL_Driver/Src/stm32f1xx_hal_i2c.o
                0x0000000008004132                HAL_I2C_SlaveTxCpltCallback
 .text.HAL_I2C_SlaveRxCpltCallback
                0x0000000008004144       0x12 ./Drivers/STM32F1xx_HAL_Driver/Src/stm32f1xx_hal_i2c.o
                0x0000000008004144                HAL_I2C_SlaveRxCpltCallback
 .text.HAL_I2C_AddrCallback
                0x0000000008004156       0x1a ./Drivers/STM32F1xx_HAL_Driver/Src/stm32f1xx_hal_i2c.o
                0x0000000008004156                HAL_I2C_AddrCallback
 .text.HAL_I2C_ListenCpltCallback
                0x0000000008004170       0x12 ./Drivers/STM32F1xx_HAL_Driver/Src/stm32f1xx_hal_i2c.o
                0x0000000008004170                HAL_I2C_ListenCpltCallback
 .text.HAL_I2C_MemRxCpltCallback
                0x0000000008004182       0x12 ./Drivers/STM32F1xx_HAL_Driver/Src/stm32f1xx_hal_i2c.o
                0x0000000008004182                HAL_I2C_MemRxCpltCallback
 .text.HAL_I2C_ErrorCallback
                0x0000000008004194       0x12 ./Drivers/STM32F1xx_HAL_Driver/Src/stm32f1xx_hal_i2c.o
                0x0000000008004194                HAL_I2C_ErrorCallback
 .text.HAL_I2C_AbortCpltCallback
                0x00000000080041a6       0x12 ./Drivers/STM32F1xx_HAL_Driver/Src/stm32f1xx_hal_i2c.o
                0x00000000080041a6                HAL_I2C_AbortCpltCallback
 .text.I2C_MasterTransmit_TXE
                0x00000000080041b8      0x138 ./Drivers/STM32F1xx_HAL_Driver/Src/stm32f1xx_hal_i2c.o
 .text.I2C_MasterTransmit_BTF
                0x00000000080042f0       0xec ./Drivers/STM32F1xx_HAL_Driver/Src/stm32f1xx_hal_i2c.o
 .text.I2C_MemoryTransmit_TXE_BTF
                0x00000000080043dc      0x130 ./Drivers/STM32F1xx_HAL_Driver/Src/stm32f1xx_hal_i2c.o
 .text.I2C_MasterReceive_RXNE
                0x000000000800450c      0x176 ./Drivers/STM32F1xx_HAL_Driver/Src/stm32f1xx_hal_i2c.o
 .text.I2C_MasterReceive_BTF
                0x0000000008004682      0x1d4 ./Drivers/STM32F1xx_HAL_Driver/Src/stm32f1xx_hal_i2c.o
 .text.I2C_Master_SB
                0x0000000008004856      0x10a ./Drivers/STM32F1xx_HAL_Driver/Src/stm32f1xx_hal_i2c.o
 .text.I2C_Master_ADD10
                0x0000000008004960       0x52 ./Drivers/STM32F1xx_HAL_Driver/Src/stm32f1xx_hal_i2c.o
 .text.I2C_Master_ADDR
                0x00000000080049b2      0x336 ./Drivers/STM32F1xx_HAL_Driver/Src/stm32f1xx_hal_i2c.o
 .text.I2C_SlaveTransmit_TXE
                0x0000000008004ce8       0x7a ./Drivers/STM32F1xx_HAL_Driver/Src/stm32f1xx_hal_i2c.o
 .text.I2C_SlaveTransmit_BTF
                0x0000000008004d62       0x40 ./Drivers/STM32F1xx_HAL_Driver/Src/stm32f1xx_hal_i2c.o
 .text.I2C_SlaveReceive_RXNE
                0x0000000008004da2       0x7c ./Drivers/STM32F1xx_HAL_Driver/Src/stm32f1xx_hal_i2c.o
 .text.I2C_SlaveReceive_BTF
                0x0000000008004e1e       0x42 ./Drivers/STM32F1xx_HAL_Driver/Src/stm32f1xx_hal_i2c.o
 .text.I2C_Slave_ADDR
                0x0000000008004e60       0x94 ./Drivers/STM32F1xx_HAL_Driver/Src/stm32f1xx_hal_i2c.o
 .text.I2C_Slave_STOPF
                0x0000000008004ef4      0x260 ./Drivers/STM32F1xx_HAL_Driver/Src/stm32f1xx_hal_i2c.o
 .text.I2C_ITError
                0x0000000008005154      0x264 ./Drivers/STM32F1xx_HAL_Driver/Src/stm32f1xx_hal_i2c.o
 .text.I2C_RequestMemoryWrite
                0x00000000080053b8      0x12c ./Drivers/STM32F1xx_HAL_Driver/Src/stm32f1xx_hal_i2c.o
 .text.I2C_RequestMemoryRead
                0x00000000080054e4      0x1d0 ./Drivers/STM32F1xx_HAL_Driver/Src/stm32f1xx_hal_i2c.o
 .text.I2C_DMAXferCplt
                0x00000000080056b4      0x1aa ./Drivers/STM32F1xx_HAL_Driver/Src/stm32f1xx_hal_i2c.o
 .text.I2C_DMAError
                0x000000000800585e       0x6e ./Drivers/STM32F1xx_HAL_Driver/Src/stm32f1xx_hal_i2c.o
 .text.I2C_DMAAbort
                0x00000000080058cc      0x150 ./Drivers/STM32F1xx_HAL_Driver/Src/stm32f1xx_hal_i2c.o
 .text.I2C_WaitOnFlagUntilTimeout
                0x0000000008005a1c       0xf4 ./Drivers/STM32F1xx_HAL_Driver/Src/stm32f1xx_hal_i2c.o
 .text.I2C_WaitOnMasterAddressFlagUntilTimeout
                0x0000000008005b10      0x140 ./Drivers/STM32F1xx_HAL_Driver/Src/stm32f1xx_hal_i2c.o
 .text.I2C_WaitOnTXEFlagUntilTimeout
                0x0000000008005c50       0x90 ./Drivers/STM32F1xx_HAL_Driver/Src/stm32f1xx_hal_i2c.o
 .text.I2C_WaitOnBTFFlagUntilTimeout
                0x0000000008005ce0       0x90 ./Drivers/STM32F1xx_HAL_Driver/Src/stm32f1xx_hal_i2c.o
 .text.I2C_WaitOnSTOPRequestThroughIT
                0x0000000008005d70       0x64 ./Drivers/STM32F1xx_HAL_Driver/Src/stm32f1xx_hal_i2c.o
 .text.I2C_IsAcknowledgeFailed
                0x0000000008005dd4       0x5c ./Drivers/STM32F1xx_HAL_Driver/Src/stm32f1xx_hal_i2c.o
 .text.I2C_ConvertOtherXferOptions
                0x0000000008005e30       0x34 ./Drivers/STM32F1xx_HAL_Driver/Src/stm32f1xx_hal_i2c.o
 .text.HAL_PCD_Init
                0x0000000008005e64      0x1fe ./Drivers/STM32F1xx_HAL_Driver/Src/stm32f1xx_hal_pcd.o
                0x0000000008005e64                HAL_PCD_Init
 .text.HAL_PCD_Start
                0x0000000008006062       0x4c ./Drivers/STM32F1xx_HAL_Driver/Src/stm32f1xx_hal_pcd.o
                0x0000000008006062                HAL_PCD_Start
 .text.HAL_PCD_IRQHandler
                0x00000000080060ae      0x260 ./Drivers/STM32F1xx_HAL_Driver/Src/stm32f1xx_hal_pcd.o
                0x00000000080060ae                HAL_PCD_IRQHandler
 .text.HAL_PCD_SetAddress
                0x000000000800630e       0x4a ./Drivers/STM32F1xx_HAL_Driver/Src/stm32f1xx_hal_pcd.o
                0x000000000800630e                HAL_PCD_SetAddress
 .text.HAL_PCD_EP_Open
                0x0000000008006358       0xba ./Drivers/STM32F1xx_HAL_Driver/Src/stm32f1xx_hal_pcd.o
                0x0000000008006358                HAL_PCD_EP_Open
 .text.HAL_PCD_EP_Close
                0x0000000008006412       0x90 ./Drivers/STM32F1xx_HAL_Driver/Src/stm32f1xx_hal_pcd.o
                0x0000000008006412                HAL_PCD_EP_Close
 .text.HAL_PCD_EP_Receive
                0x00000000080064a2       0x62 ./Drivers/STM32F1xx_HAL_Driver/Src/stm32f1xx_hal_pcd.o
                0x00000000080064a2                HAL_PCD_EP_Receive
 .text.HAL_PCD_EP_GetRxCount
                0x0000000008006504       0x2e ./Drivers/STM32F1xx_HAL_Driver/Src/stm32f1xx_hal_pcd.o
                0x0000000008006504                HAL_PCD_EP_GetRxCount
 .text.HAL_PCD_EP_Transmit
                0x0000000008006532       0x6e ./Drivers/STM32F1xx_HAL_Driver/Src/stm32f1xx_hal_pcd.o
                0x0000000008006532                HAL_PCD_EP_Transmit
 .text.HAL_PCD_EP_SetStall
                0x00000000080065a0       0xc0 ./Drivers/STM32F1xx_HAL_Driver/Src/stm32f1xx_hal_pcd.o
                0x00000000080065a0                HAL_PCD_EP_SetStall
 .text.HAL_PCD_EP_ClrStall
                0x0000000008006660       0xa8 ./Drivers/STM32F1xx_HAL_Driver/Src/stm32f1xx_hal_pcd.o
                0x0000000008006660                HAL_PCD_EP_ClrStall
 .text.PCD_EP_ISR_Handler
                0x0000000008006708      0x7a6 ./Drivers/STM32F1xx_HAL_Driver/Src/stm32f1xx_hal_pcd.o
 .text.HAL_PCD_EP_DB_Receive
                0x0000000008006eae      0x21a ./Drivers/STM32F1xx_HAL_Driver/Src/stm32f1xx_hal_pcd.o
 .text.HAL_PCD_EP_DB_Transmit
                0x00000000080070c8      0x7f4 ./Drivers/STM32F1xx_HAL_Driver/Src/stm32f1xx_hal_pcd.o
 .text.HAL_PCDEx_PMAConfig
                0x00000000080078bc       0x84 ./Drivers/STM32F1xx_HAL_Driver/Src/stm32f1xx_hal_pcd_ex.o
                0x00000000080078bc                HAL_PCDEx_PMAConfig
 .text.HAL_RCC_OscConfig
                0x0000000008007940      0x504 ./Drivers/STM32F1xx_HAL_Driver/Src/stm32f1xx_hal_rcc.o
                0x0000000008007940                HAL_RCC_OscConfig
 .text.HAL_RCC_ClockConfig
                0x0000000008007e44      0x1d4 ./Drivers/STM32F1xx_HAL_Driver/Src/stm32f1xx_hal_rcc.o
                0x0000000008007e44                HAL_RCC_ClockConfig
 .text.HAL_RCC_GetSysClockFreq
                0x0000000008008018       0xac ./Drivers/STM32F1xx_HAL_Driver/Src/stm32f1xx_hal_rcc.o
                0x0000000008008018                HAL_RCC_GetSysClockFreq
 .text.HAL_RCC_GetHCLKFreq
                0x00000000080080c4       0x14 ./Drivers/STM32F1xx_HAL_Driver/Src/stm32f1xx_hal_rcc.o
                0x00000000080080c4                HAL_RCC_GetHCLKFreq
 .text.HAL_RCC_GetPCLK1Freq
                0x00000000080080d8       0x28 ./Drivers/STM32F1xx_HAL_Driver/Src/stm32f1xx_hal_rcc.o
                0x00000000080080d8                HAL_RCC_GetPCLK1Freq
 .text.HAL_RCC_GetPCLK2Freq
                0x0000000008008100       0x28 ./Drivers/STM32F1xx_HAL_Driver/Src/stm32f1xx_hal_rcc.o
                0x0000000008008100                HAL_RCC_GetPCLK2Freq
 .text.RCC_Delay
                0x0000000008008128       0x3c ./Drivers/STM32F1xx_HAL_Driver/Src/stm32f1xx_hal_rcc.o
 .text.HAL_RCCEx_PeriphCLKConfig
                0x0000000008008164      0x16c ./Drivers/STM32F1xx_HAL_Driver/Src/stm32f1xx_hal_rcc_ex.o
                0x0000000008008164                HAL_RCCEx_PeriphCLKConfig
 .text.HAL_TIM_Base_Init
                0x00000000080082d0       0x9e ./Drivers/STM32F1xx_HAL_Driver/Src/stm32f1xx_hal_tim.o
                0x00000000080082d0                HAL_TIM_Base_Init
 .text.HAL_TIM_PWM_Init
                0x000000000800836e       0x9e ./Drivers/STM32F1xx_HAL_Driver/Src/stm32f1xx_hal_tim.o
                0x000000000800836e                HAL_TIM_PWM_Init
 .text.HAL_TIM_PWM_MspInit
                0x000000000800840c       0x12 ./Drivers/STM32F1xx_HAL_Driver/Src/stm32f1xx_hal_tim.o
                0x000000000800840c                HAL_TIM_PWM_MspInit
 *fill*         0x000000000800841e        0x2 
 .text.HAL_TIM_PWM_ConfigChannel
                0x0000000008008420      0x184 ./Drivers/STM32F1xx_HAL_Driver/Src/stm32f1xx_hal_tim.o
                0x0000000008008420                HAL_TIM_PWM_ConfigChannel
 .text.HAL_TIM_ConfigClockSource
                0x00000000080085a4      0x18e ./Drivers/STM32F1xx_HAL_Driver/Src/stm32f1xx_hal_tim.o
                0x00000000080085a4                HAL_TIM_ConfigClockSource
 *fill*         0x0000000008008732        0x2 
 .text.TIM_Base_SetConfig
                0x0000000008008734       0xf4 ./Drivers/STM32F1xx_HAL_Driver/Src/stm32f1xx_hal_tim.o
                0x0000000008008734                TIM_Base_SetConfig
 .text.TIM_OC1_SetConfig
                0x0000000008008828       0xe0 ./Drivers/STM32F1xx_HAL_Driver/Src/stm32f1xx_hal_tim.o
 .text.TIM_OC2_SetConfig
                0x0000000008008908       0xe8 ./Drivers/STM32F1xx_HAL_Driver/Src/stm32f1xx_hal_tim.o
                0x0000000008008908                TIM_OC2_SetConfig
 .text.TIM_OC3_SetConfig
                0x00000000080089f0       0xe8 ./Drivers/STM32F1xx_HAL_Driver/Src/stm32f1xx_hal_tim.o
 .text.TIM_OC4_SetConfig
                0x0000000008008ad8       0xa8 ./Drivers/STM32F1xx_HAL_Driver/Src/stm32f1xx_hal_tim.o
 .text.TIM_TI1_ConfigInputStage
                0x0000000008008b80       0x5c ./Drivers/STM32F1xx_HAL_Driver/Src/stm32f1xx_hal_tim.o
 .text.TIM_TI2_ConfigInputStage
                0x0000000008008bdc       0x5e ./Drivers/STM32F1xx_HAL_Driver/Src/stm32f1xx_hal_tim.o
 .text.TIM_ITRx_SetConfig
                0x0000000008008c3a       0x34 ./Drivers/STM32F1xx_HAL_Driver/Src/stm32f1xx_hal_tim.o
 .text.TIM_ETR_SetConfig
                0x0000000008008c6e       0x3e ./Drivers/STM32F1xx_HAL_Driver/Src/stm32f1xx_hal_tim.o
                0x0000000008008c6e                TIM_ETR_SetConfig
 .text.HAL_TIMEx_MasterConfigSynchronization
                0x0000000008008cac       0xd8 ./Drivers/STM32F1xx_HAL_Driver/Src/stm32f1xx_hal_tim_ex.o
                0x0000000008008cac                HAL_TIMEx_MasterConfigSynchronization
 .text.HAL_UART_Init
                0x0000000008008d84       0xa0 ./Drivers/STM32F1xx_HAL_Driver/Src/stm32f1xx_hal_uart.o
                0x0000000008008d84                HAL_UART_Init
 .text.HAL_HalfDuplex_Init
                0x0000000008008e24       0xb0 ./Drivers/STM32F1xx_HAL_Driver/Src/stm32f1xx_hal_uart.o
                0x0000000008008e24                HAL_HalfDuplex_Init
 .text.HAL_UART_Transmit
                0x0000000008008ed4      0x106 ./Drivers/STM32F1xx_HAL_Driver/Src/stm32f1xx_hal_uart.o
                0x0000000008008ed4                HAL_UART_Transmit
 .text.HAL_UART_Receive
                0x0000000008008fda      0x124 ./Drivers/STM32F1xx_HAL_Driver/Src/stm32f1xx_hal_uart.o
                0x0000000008008fda                HAL_UART_Receive
 .text.UART_WaitOnFlagUntilTimeout
                0x00000000080090fe       0xdc ./Drivers/STM32F1xx_HAL_Driver/Src/stm32f1xx_hal_uart.o
 *fill*         0x00000000080091da        0x2 
 .text.UART_SetConfig
                0x00000000080091dc      0x11c ./Drivers/STM32F1xx_HAL_Driver/Src/stm32f1xx_hal_uart.o
 .text.USB_CoreInit
                0x00000000080092f8       0x20 ./Drivers/STM32F1xx_HAL_Driver/Src/stm32f1xx_ll_usb.o
                0x00000000080092f8                USB_CoreInit
 .text.USB_EnableGlobalInt
                0x0000000008009318       0x2c ./Drivers/STM32F1xx_HAL_Driver/Src/stm32f1xx_ll_usb.o
                0x0000000008009318                USB_EnableGlobalInt
 .text.USB_DisableGlobalInt
                0x0000000008009344       0x34 ./Drivers/STM32F1xx_HAL_Driver/Src/stm32f1xx_ll_usb.o
                0x0000000008009344                USB_DisableGlobalInt
 .text.USB_SetCurrentMode
                0x0000000008009378       0x18 ./Drivers/STM32F1xx_HAL_Driver/Src/stm32f1xx_ll_usb.o
                0x0000000008009378                USB_SetCurrentMode
 .text.USB_DevInit
                0x0000000008009390       0x40 ./Drivers/STM32F1xx_HAL_Driver/Src/stm32f1xx_ll_usb.o
                0x0000000008009390                USB_DevInit
 .text.USB_ActivateEndpoint
                0x00000000080093d0      0x780 ./Drivers/STM32F1xx_HAL_Driver/Src/stm32f1xx_ll_usb.o
                0x00000000080093d0                USB_ActivateEndpoint
 .text.USB_DeactivateEndpoint
                0x0000000008009b50      0x3d8 ./Drivers/STM32F1xx_HAL_Driver/Src/stm32f1xx_ll_usb.o
                0x0000000008009b50                USB_DeactivateEndpoint
 .text.USB_EPStartXfer
                0x0000000008009f28     0x1762 ./Drivers/STM32F1xx_HAL_Driver/Src/stm32f1xx_ll_usb.o
                0x0000000008009f28                USB_EPStartXfer
 .text.USB_EPSetStall
                0x000000000800b68a       0xa0 ./Drivers/STM32F1xx_HAL_Driver/Src/stm32f1xx_ll_usb.o
                0x000000000800b68a                USB_EPSetStall
 .text.USB_EPClearStall
                0x000000000800b72a      0x15a ./Drivers/STM32F1xx_HAL_Driver/Src/stm32f1xx_ll_usb.o
                0x000000000800b72a                USB_EPClearStall
 .text.USB_SetDevAddress
                0x000000000800b884       0x26 ./Drivers/STM32F1xx_HAL_Driver/Src/stm32f1xx_ll_usb.o
                0x000000000800b884                USB_SetDevAddress
 .text.USB_DevConnect
                0x000000000800b8aa       0x14 ./Drivers/STM32F1xx_HAL_Driver/Src/stm32f1xx_ll_usb.o
                0x000000000800b8aa                USB_DevConnect
 .text.USB_DevDisconnect
                0x000000000800b8be       0x14 ./Drivers/STM32F1xx_HAL_Driver/Src/stm32f1xx_ll_usb.o
                0x000000000800b8be                USB_DevDisconnect
 .text.USB_ReadInterrupts
                0x000000000800b8d2       0x1e ./Drivers/STM32F1xx_HAL_Driver/Src/stm32f1xx_ll_usb.o
                0x000000000800b8d2                USB_ReadInterrupts
 .text.USB_EP0_OutStart
                0x000000000800b8f0       0x16 ./Drivers/STM32F1xx_HAL_Driver/Src/stm32f1xx_ll_usb.o
                0x000000000800b8f0                USB_EP0_OutStart
 .text.USB_WritePMA
                0x000000000800b906       0x8a ./Drivers/STM32F1xx_HAL_Driver/Src/stm32f1xx_ll_usb.o
                0x000000000800b906                USB_WritePMA
 .text.USB_ReadPMA
                0x000000000800b990       0x9e ./Drivers/STM32F1xx_HAL_Driver/Src/stm32f1xx_ll_usb.o
                0x000000000800b990                USB_ReadPMA
 .text.USBD_CDC_Init
                0x000000000800ba2e       0xf4 ./Middlewares/ST/STM32_USB_Device_Library/Class/CDC/Src/usbd_cdc.o
 .text.USBD_CDC_DeInit
                0x000000000800bb22       0x6e ./Middlewares/ST/STM32_USB_Device_Library/Class/CDC/Src/usbd_cdc.o
 .text.USBD_CDC_Setup
                0x000000000800bb90      0x146 ./Middlewares/ST/STM32_USB_Device_Library/Class/CDC/Src/usbd_cdc.o
 .text.USBD_CDC_DataIn
                0x000000000800bcd6       0xa6 ./Middlewares/ST/STM32_USB_Device_Library/Class/CDC/Src/usbd_cdc.o
 .text.USBD_CDC_DataOut
                0x000000000800bd7c       0x56 ./Middlewares/ST/STM32_USB_Device_Library/Class/CDC/Src/usbd_cdc.o
 .text.USBD_CDC_EP0_RxReady
                0x000000000800bdd2       0x50 ./Middlewares/ST/STM32_USB_Device_Library/Class/CDC/Src/usbd_cdc.o
 *fill*         0x000000000800be22        0x2 
 .text.USBD_CDC_GetFSCfgDesc
                0x000000000800be24       0x20 ./Middlewares/ST/STM32_USB_Device_Library/Class/CDC/Src/usbd_cdc.o
 .text.USBD_CDC_GetHSCfgDesc
                0x000000000800be44       0x20 ./Middlewares/ST/STM32_USB_Device_Library/Class/CDC/Src/usbd_cdc.o
 .text.USBD_CDC_GetOtherSpeedCfgDesc
                0x000000000800be64       0x20 ./Middlewares/ST/STM32_USB_Device_Library/Class/CDC/Src/usbd_cdc.o
 .text.USBD_CDC_GetDeviceQualifierDescriptor
                0x000000000800be84       0x20 ./Middlewares/ST/STM32_USB_Device_Library/Class/CDC/Src/usbd_cdc.o
                0x000000000800be84                USBD_CDC_GetDeviceQualifierDescriptor
 .text.USBD_CDC_RegisterInterface
                0x000000000800bea4       0x2c ./Middlewares/ST/STM32_USB_Device_Library/Class/CDC/Src/usbd_cdc.o
                0x000000000800bea4                USBD_CDC_RegisterInterface
 .text.USBD_CDC_SetTxBuffer
                0x000000000800bed0       0x32 ./Middlewares/ST/STM32_USB_Device_Library/Class/CDC/Src/usbd_cdc.o
                0x000000000800bed0                USBD_CDC_SetTxBuffer
 .text.USBD_CDC_SetRxBuffer
                0x000000000800bf02       0x26 ./Middlewares/ST/STM32_USB_Device_Library/Class/CDC/Src/usbd_cdc.o
                0x000000000800bf02                USBD_CDC_SetRxBuffer
 .text.USBD_CDC_TransmitPacket
                0x000000000800bf28       0x5e ./Middlewares/ST/STM32_USB_Device_Library/Class/CDC/Src/usbd_cdc.o
                0x000000000800bf28                USBD_CDC_TransmitPacket
 .text.USBD_CDC_ReceivePacket
                0x000000000800bf86       0x54 ./Middlewares/ST/STM32_USB_Device_Library/Class/CDC/Src/usbd_cdc.o
                0x000000000800bf86                USBD_CDC_ReceivePacket
 .text.USBD_Init
                0x000000000800bfda       0x56 ./Middlewares/ST/STM32_USB_Device_Library/Core/Src/usbd_core.o
                0x000000000800bfda                USBD_Init
 .text.USBD_RegisterClass
                0x000000000800c030       0x32 ./Middlewares/ST/STM32_USB_Device_Library/Core/Src/usbd_core.o
                0x000000000800c030                USBD_RegisterClass
 .text.USBD_Start
                0x000000000800c062       0x18 ./Middlewares/ST/STM32_USB_Device_Library/Core/Src/usbd_core.o
                0x000000000800c062                USBD_Start
 .text.USBD_RunTestMode
                0x000000000800c07a       0x14 ./Middlewares/ST/STM32_USB_Device_Library/Core/Src/usbd_core.o
                0x000000000800c07a                USBD_RunTestMode
 .text.USBD_SetClassConfig
                0x000000000800c08e       0x3e ./Middlewares/ST/STM32_USB_Device_Library/Core/Src/usbd_core.o
                0x000000000800c08e                USBD_SetClassConfig
 .text.USBD_ClrClassConfig
                0x000000000800c0cc       0x26 ./Middlewares/ST/STM32_USB_Device_Library/Core/Src/usbd_core.o
                0x000000000800c0cc                USBD_ClrClassConfig
 .text.USBD_LL_SetupStage
                0x000000000800c0f2       0x9a ./Middlewares/ST/STM32_USB_Device_Library/Core/Src/usbd_core.o
                0x000000000800c0f2                USBD_LL_SetupStage
 .text.USBD_LL_DataOutStage
                0x000000000800c18c       0xe2 ./Middlewares/ST/STM32_USB_Device_Library/Core/Src/usbd_core.o
                0x000000000800c18c                USBD_LL_DataOutStage
 .text.USBD_LL_DataInStage
                0x000000000800c26e      0x14a ./Middlewares/ST/STM32_USB_Device_Library/Core/Src/usbd_core.o
                0x000000000800c26e                USBD_LL_DataInStage
 .text.USBD_LL_Reset
                0x000000000800c3b8       0x82 ./Middlewares/ST/STM32_USB_Device_Library/Core/Src/usbd_core.o
                0x000000000800c3b8                USBD_LL_Reset
 .text.USBD_LL_SetSpeed
                0x000000000800c43a       0x1e ./Middlewares/ST/STM32_USB_Device_Library/Core/Src/usbd_core.o
                0x000000000800c43a                USBD_LL_SetSpeed
 .text.USBD_LL_Suspend
                0x000000000800c458       0x28 ./Middlewares/ST/STM32_USB_Device_Library/Core/Src/usbd_core.o
                0x000000000800c458                USBD_LL_Suspend
 .text.USBD_LL_Resume
                0x000000000800c480       0x2a ./Middlewares/ST/STM32_USB_Device_Library/Core/Src/usbd_core.o
                0x000000000800c480                USBD_LL_Resume
 .text.USBD_LL_SOF
                0x000000000800c4aa       0x34 ./Middlewares/ST/STM32_USB_Device_Library/Core/Src/usbd_core.o
                0x000000000800c4aa                USBD_LL_SOF
 *fill*         0x000000000800c4de        0x2 
 .text.USBD_StdDevReq
                0x000000000800c4e0       0xd4 ./Middlewares/ST/STM32_USB_Device_Library/Core/Src/usbd_ctlreq.o
                0x000000000800c4e0                USBD_StdDevReq
 .text.USBD_StdItfReq
                0x000000000800c5b4       0x90 ./Middlewares/ST/STM32_USB_Device_Library/Core/Src/usbd_ctlreq.o
                0x000000000800c5b4                USBD_StdItfReq
 .text.USBD_StdEPReq
                0x000000000800c644      0x2c6 ./Middlewares/ST/STM32_USB_Device_Library/Core/Src/usbd_ctlreq.o
                0x000000000800c644                USBD_StdEPReq
 *fill*         0x000000000800c90a        0x2 
 .text.USBD_GetDescriptor
                0x000000000800c90c      0x2d0 ./Middlewares/ST/STM32_USB_Device_Library/Core/Src/usbd_ctlreq.o
 .text.USBD_SetAddress
                0x000000000800cbdc       0x86 ./Middlewares/ST/STM32_USB_Device_Library/Core/Src/usbd_ctlreq.o
 *fill*         0x000000000800cc62        0x2 
 .text.USBD_SetConfig
                0x000000000800cc64      0x11c ./Middlewares/ST/STM32_USB_Device_Library/Core/Src/usbd_ctlreq.o
 .text.USBD_GetConfig
                0x000000000800cd80       0x6a ./Middlewares/ST/STM32_USB_Device_Library/Core/Src/usbd_ctlreq.o
 .text.USBD_GetStatus
                0x000000000800cdea       0x66 ./Middlewares/ST/STM32_USB_Device_Library/Core/Src/usbd_ctlreq.o
 .text.USBD_SetFeature
                0x000000000800ce50       0x28 ./Middlewares/ST/STM32_USB_Device_Library/Core/Src/usbd_ctlreq.o
 .text.USBD_ClrFeature
                0x000000000800ce78       0x42 ./Middlewares/ST/STM32_USB_Device_Library/Core/Src/usbd_ctlreq.o
 .text.USBD_ParseSetupRequest
                0x000000000800ceba       0x78 ./Middlewares/ST/STM32_USB_Device_Library/Core/Src/usbd_ctlreq.o
                0x000000000800ceba                USBD_ParseSetupRequest
 .text.USBD_CtlError
                0x000000000800cf32       0x22 ./Middlewares/ST/STM32_USB_Device_Library/Core/Src/usbd_ctlreq.o
                0x000000000800cf32                USBD_CtlError
 .text.USBD_GetString
                0x000000000800cf54       0x84 ./Middlewares/ST/STM32_USB_Device_Library/Core/Src/usbd_ctlreq.o
                0x000000000800cf54                USBD_GetString
 .text.USBD_GetLen
                0x000000000800cfd8       0x2e ./Middlewares/ST/STM32_USB_Device_Library/Core/Src/usbd_ctlreq.o
 .text.USBD_CtlSendData
                0x000000000800d006       0x38 ./Middlewares/ST/STM32_USB_Device_Library/Core/Src/usbd_ioreq.o
                0x000000000800d006                USBD_CtlSendData
 .text.USBD_CtlContinueSendData
                0x000000000800d03e       0x24 ./Middlewares/ST/STM32_USB_Device_Library/Core/Src/usbd_ioreq.o
                0x000000000800d03e                USBD_CtlContinueSendData
 .text.USBD_CtlPrepareRx
                0x000000000800d062       0x3c ./Middlewares/ST/STM32_USB_Device_Library/Core/Src/usbd_ioreq.o
                0x000000000800d062                USBD_CtlPrepareRx
 .text.USBD_CtlContinueRx
                0x000000000800d09e       0x24 ./Middlewares/ST/STM32_USB_Device_Library/Core/Src/usbd_ioreq.o
                0x000000000800d09e                USBD_CtlContinueRx
 .text.USBD_CtlSendStatus
                0x000000000800d0c2       0x26 ./Middlewares/ST/STM32_USB_Device_Library/Core/Src/usbd_ioreq.o
                0x000000000800d0c2                USBD_CtlSendStatus
 .text.USBD_CtlReceiveStatus
                0x000000000800d0e8       0x26 ./Middlewares/ST/STM32_USB_Device_Library/Core/Src/usbd_ioreq.o
                0x000000000800d0e8                USBD_CtlReceiveStatus
 *fill*         0x000000000800d10e        0x2 
 .text.MX_USB_DEVICE_Init
                0x000000000800d110       0x60 ./USB_DEVICE/App/usb_device.o
                0x000000000800d110                MX_USB_DEVICE_Init
 .text.CDC_Init_FS
                0x000000000800d170       0x28 ./USB_DEVICE/App/usbd_cdc_if.o
 .text.CDC_DeInit_FS
                0x000000000800d198        0xe ./USB_DEVICE/App/usbd_cdc_if.o
 *fill*         0x000000000800d1a6        0x2 
 .text.CDC_Control_FS
                0x000000000800d1a8       0xe4 ./USB_DEVICE/App/usbd_cdc_if.o
 .text.CDC_Receive_FS
                0x000000000800d28c       0x34 ./USB_DEVICE/App/usbd_cdc_if.o
 .text.CDC_Transmit_FS
                0x000000000800d2c0       0x4c ./USB_DEVICE/App/usbd_cdc_if.o
                0x000000000800d2c0                CDC_Transmit_FS
 .text.USBD_FS_DeviceDescriptor
                0x000000000800d30c       0x24 ./USB_DEVICE/App/usbd_desc.o
                0x000000000800d30c                USBD_FS_DeviceDescriptor
 .text.USBD_FS_LangIDStrDescriptor
                0x000000000800d330       0x24 ./USB_DEVICE/App/usbd_desc.o
                0x000000000800d330                USBD_FS_LangIDStrDescriptor
 .text.USBD_FS_ProductStrDescriptor
                0x000000000800d354       0x3c ./USB_DEVICE/App/usbd_desc.o
                0x000000000800d354                USBD_FS_ProductStrDescriptor
 .text.USBD_FS_ManufacturerStrDescriptor
                0x000000000800d390       0x28 ./USB_DEVICE/App/usbd_desc.o
                0x000000000800d390                USBD_FS_ManufacturerStrDescriptor
 .text.USBD_FS_SerialStrDescriptor
                0x000000000800d3b8       0x24 ./USB_DEVICE/App/usbd_desc.o
                0x000000000800d3b8                USBD_FS_SerialStrDescriptor
 .text.USBD_FS_ConfigStrDescriptor
                0x000000000800d3dc       0x3c ./USB_DEVICE/App/usbd_desc.o
                0x000000000800d3dc                USBD_FS_ConfigStrDescriptor
 .text.USBD_FS_InterfaceStrDescriptor
                0x000000000800d418       0x3c ./USB_DEVICE/App/usbd_desc.o
                0x000000000800d418                USBD_FS_InterfaceStrDescriptor
 .text.Get_SerialNum
                0x000000000800d454       0x58 ./USB_DEVICE/App/usbd_desc.o
 .text.IntToUnicode
                0x000000000800d4ac       0x7c ./USB_DEVICE/App/usbd_desc.o
 .text.HAL_PCD_MspInit
                0x000000000800d528       0x3c ./USB_DEVICE/Target/usbd_conf.o
                0x000000000800d528                HAL_PCD_MspInit
 .text.HAL_PCD_SetupStageCallback
                0x000000000800d564       0x24 ./USB_DEVICE/Target/usbd_conf.o
                0x000000000800d564                HAL_PCD_SetupStageCallback
 .text.HAL_PCD_DataOutStageCallback
                0x000000000800d588       0x36 ./USB_DEVICE/Target/usbd_conf.o
                0x000000000800d588                HAL_PCD_DataOutStageCallback
 .text.HAL_PCD_DataInStageCallback
                0x000000000800d5be       0x34 ./USB_DEVICE/Target/usbd_conf.o
                0x000000000800d5be                HAL_PCD_DataInStageCallback
 .text.HAL_PCD_SOFCallback
                0x000000000800d5f2       0x1c ./USB_DEVICE/Target/usbd_conf.o
                0x000000000800d5f2                HAL_PCD_SOFCallback
 .text.HAL_PCD_ResetCallback
                0x000000000800d60e       0x3c ./USB_DEVICE/Target/usbd_conf.o
                0x000000000800d60e                HAL_PCD_ResetCallback
 *fill*         0x000000000800d64a        0x2 
 .text.HAL_PCD_SuspendCallback
                0x000000000800d64c       0x34 ./USB_DEVICE/Target/usbd_conf.o
                0x000000000800d64c                HAL_PCD_SuspendCallback
 .text.HAL_PCD_ResumeCallback
                0x000000000800d680       0x1c ./USB_DEVICE/Target/usbd_conf.o
                0x000000000800d680                HAL_PCD_ResumeCallback
 .text.USBD_LL_Init
                0x000000000800d69c       0xb4 ./USB_DEVICE/Target/usbd_conf.o
                0x000000000800d69c                USBD_LL_Init
 .text.USBD_LL_Start
                0x000000000800d750       0x36 ./USB_DEVICE/Target/usbd_conf.o
                0x000000000800d750                USBD_LL_Start
 .text.USBD_LL_OpenEP
                0x000000000800d786       0x4c ./USB_DEVICE/Target/usbd_conf.o
                0x000000000800d786                USBD_LL_OpenEP
 .text.USBD_LL_CloseEP
                0x000000000800d7d2       0x3e ./USB_DEVICE/Target/usbd_conf.o
                0x000000000800d7d2                USBD_LL_CloseEP
 .text.USBD_LL_StallEP
                0x000000000800d810       0x3e ./USB_DEVICE/Target/usbd_conf.o
                0x000000000800d810                USBD_LL_StallEP
 .text.USBD_LL_ClearStallEP
                0x000000000800d84e       0x3e ./USB_DEVICE/Target/usbd_conf.o
                0x000000000800d84e                USBD_LL_ClearStallEP
 .text.USBD_LL_IsStallEP
                0x000000000800d88c       0x58 ./USB_DEVICE/Target/usbd_conf.o
                0x000000000800d88c                USBD_LL_IsStallEP
 .text.USBD_LL_SetUSBAddress
                0x000000000800d8e4       0x3e ./USB_DEVICE/Target/usbd_conf.o
                0x000000000800d8e4                USBD_LL_SetUSBAddress
 .text.USBD_LL_Transmit
                0x000000000800d922       0x46 ./USB_DEVICE/Target/usbd_conf.o
                0x000000000800d922                USBD_LL_Transmit
 .text.USBD_LL_PrepareReceive
                0x000000000800d968       0x46 ./USB_DEVICE/Target/usbd_conf.o
                0x000000000800d968                USBD_LL_PrepareReceive
 .text.USBD_LL_GetRxDataSize
                0x000000000800d9ae       0x26 ./USB_DEVICE/Target/usbd_conf.o
                0x000000000800d9ae                USBD_LL_GetRxDataSize
 .text.USBD_static_malloc
                0x000000000800d9d4       0x18 ./USB_DEVICE/Target/usbd_conf.o
                0x000000000800d9d4                USBD_static_malloc
 .text.USBD_static_free
                0x000000000800d9ec       0x12 ./USB_DEVICE/Target/usbd_conf.o
                0x000000000800d9ec                USBD_static_free
 .text.HAL_PCDEx_SetConnectionState
                0x000000000800d9fe       0x16 ./USB_DEVICE/Target/usbd_conf.o
                0x000000000800d9fe                HAL_PCDEx_SetConnectionState
 .text.USBD_Get_USB_Status
                0x000000000800da14       0x58 ./USB_DEVICE/Target/usbd_conf.o
 .text.atoi     0x000000000800da6c        0x8 c:/st/stm32cubeide_1.5.0/stm32cubeide/plugins/com.st.stm32cube.ide.mcu.externaltools.gnu-tools-for-stm32.10.3-2021.10.win32_1.0.200.202301161003/tools/bin/../lib/gcc/arm-none-eabi/10.3.1/../../../../arm-none-eabi/lib/thumb/v7-m/nofp\libc_nano.a(lib_a-atoi.o)
                0x000000000800da6c                atoi
 .text.__errno  0x000000000800da74        0xc c:/st/stm32cubeide_1.5.0/stm32cubeide/plugins/com.st.stm32cube.ide.mcu.externaltools.gnu-tools-for-stm32.10.3-2021.10.win32_1.0.200.202301161003/tools/bin/../lib/gcc/arm-none-eabi/10.3.1/../../../../arm-none-eabi/lib/thumb/v7-m/nofp\libc_nano.a(lib_a-errno.o)
                0x000000000800da74                __errno
 .text.__libc_init_array
                0x000000000800da80       0x48 c:/st/stm32cubeide_1.5.0/stm32cubeide/plugins/com.st.stm32cube.ide.mcu.externaltools.gnu-tools-for-stm32.10.3-2021.10.win32_1.0.200.202301161003/tools/bin/../lib/gcc/arm-none-eabi/10.3.1/../../../../arm-none-eabi/lib/thumb/v7-m/nofp\libc_nano.a(lib_a-init.o)
                0x000000000800da80                __libc_init_array
 .text.memset   0x000000000800dac8       0x10 c:/st/stm32cubeide_1.5.0/stm32cubeide/plugins/com.st.stm32cube.ide.mcu.externaltools.gnu-tools-for-stm32.10.3-2021.10.win32_1.0.200.202301161003/tools/bin/../lib/gcc/arm-none-eabi/10.3.1/../../../../arm-none-eabi/lib/thumb/v7-m/nofp\libc_nano.a(lib_a-memset.o)
                0x000000000800dac8                memset
 .text.strtok   0x000000000800dad8       0x68 c:/st/stm32cubeide_1.5.0/stm32cubeide/plugins/com.st.stm32cube.ide.mcu.externaltools.gnu-tools-for-stm32.10.3-2021.10.win32_1.0.200.202301161003/tools/bin/../lib/gcc/arm-none-eabi/10.3.1/../../../../arm-none-eabi/lib/thumb/v7-m/nofp\libc_nano.a(lib_a-strtok.o)
                0x000000000800dad8                strtok
 .text.__strtok_r
                0x000000000800db40       0x50 c:/st/stm32cubeide_1.5.0/stm32cubeide/plugins/com.st.stm32cube.ide.mcu.externaltools.gnu-tools-for-stm32.10.3-2021.10.win32_1.0.200.202301161003/tools/bin/../lib/gcc/arm-none-eabi/10.3.1/../../../../arm-none-eabi/lib/thumb/v7-m/nofp\libc_nano.a(lib_a-strtok_r.o)
                0x000000000800db40                __strtok_r
 .text._strtol_l.constprop.0
                0x000000000800db90       0xf8 c:/st/stm32cubeide_1.5.0/stm32cubeide/plugins/com.st.stm32cube.ide.mcu.externaltools.gnu-tools-for-stm32.10.3-2021.10.win32_1.0.200.202301161003/tools/bin/../lib/gcc/arm-none-eabi/10.3.1/../../../../arm-none-eabi/lib/thumb/v7-m/nofp\libc_nano.a(lib_a-strtol.o)
 .text.strtol   0x000000000800dc88       0x14 c:/st/stm32cubeide_1.5.0/stm32cubeide/plugins/com.st.stm32cube.ide.mcu.externaltools.gnu-tools-for-stm32.10.3-2021.10.win32_1.0.200.202301161003/tools/bin/../lib/gcc/arm-none-eabi/10.3.1/../../../../arm-none-eabi/lib/thumb/v7-m/nofp\libc_nano.a(lib_a-strtol.o)
                0x000000000800dc88                strtol
 .text.__assert_func
                0x000000000800dc9c       0x3c c:/st/stm32cubeide_1.5.0/stm32cubeide/plugins/com.st.stm32cube.ide.mcu.externaltools.gnu-tools-for-stm32.10.3-2021.10.win32_1.0.200.202301161003/tools/bin/../lib/gcc/arm-none-eabi/10.3.1/../../../../arm-none-eabi/lib/thumb/v7-m/nofp\libc_nano.a(lib_a-assert.o)
                0x000000000800dc9c                __assert_func
 .text.fprintf  0x000000000800dcd8       0x24 c:/st/stm32cubeide_1.5.0/stm32cubeide/plugins/com.st.stm32cube.ide.mcu.externaltools.gnu-tools-for-stm32.10.3-2021.10.win32_1.0.200.202301161003/tools/bin/../lib/gcc/arm-none-eabi/10.3.1/../../../../arm-none-eabi/lib/thumb/v7-m/nofp\libc_nano.a(lib_a-fprintf.o)
                0x000000000800dcd8                fiprintf
                0x000000000800dcd8                fprintf
 .text.malloc   0x000000000800dcfc       0x10 c:/st/stm32cubeide_1.5.0/stm32cubeide/plugins/com.st.stm32cube.ide.mcu.externaltools.gnu-tools-for-stm32.10.3-2021.10.win32_1.0.200.202301161003/tools/bin/../lib/gcc/arm-none-eabi/10.3.1/../../../../arm-none-eabi/lib/thumb/v7-m/nofp\libc_nano.a(lib_a-malloc.o)
                0x000000000800dcfc                malloc
 .text._free_r  0x000000000800dd0c       0x90 c:/st/stm32cubeide_1.5.0/stm32cubeide/plugins/com.st.stm32cube.ide.mcu.externaltools.gnu-tools-for-stm32.10.3-2021.10.win32_1.0.200.202301161003/tools/bin/../lib/gcc/arm-none-eabi/10.3.1/../../../../arm-none-eabi/lib/thumb/v7-m/nofp\libc_nano.a(lib_a-nano-freer.o)
                0x000000000800dd0c                _free_r
 .text.sbrk_aligned
                0x000000000800dd9c       0x40 c:/st/stm32cubeide_1.5.0/stm32cubeide/plugins/com.st.stm32cube.ide.mcu.externaltools.gnu-tools-for-stm32.10.3-2021.10.win32_1.0.200.202301161003/tools/bin/../lib/gcc/arm-none-eabi/10.3.1/../../../../arm-none-eabi/lib/thumb/v7-m/nofp\libc_nano.a(lib_a-nano-mallocr.o)
 .text._malloc_r
                0x000000000800dddc       0xe8 c:/st/stm32cubeide_1.5.0/stm32cubeide/plugins/com.st.stm32cube.ide.mcu.externaltools.gnu-tools-for-stm32.10.3-2021.10.win32_1.0.200.202301161003/tools/bin/../lib/gcc/arm-none-eabi/10.3.1/../../../../arm-none-eabi/lib/thumb/v7-m/nofp\libc_nano.a(lib_a-nano-mallocr.o)
                0x000000000800dddc                _malloc_r
 .text.__sfputc_r
                0x000000000800dec4       0x2a c:/st/stm32cubeide_1.5.0/stm32cubeide/plugins/com.st.stm32cube.ide.mcu.externaltools.gnu-tools-for-stm32.10.3-2021.10.win32_1.0.200.202301161003/tools/bin/../lib/gcc/arm-none-eabi/10.3.1/../../../../arm-none-eabi/lib/thumb/v7-m/nofp\libc_nano.a(lib_a-nano-vfprintf.o)
 .text.__sfputs_r
                0x000000000800deee       0x24 c:/st/stm32cubeide_1.5.0/stm32cubeide/plugins/com.st.stm32cube.ide.mcu.externaltools.gnu-tools-for-stm32.10.3-2021.10.win32_1.0.200.202301161003/tools/bin/../lib/gcc/arm-none-eabi/10.3.1/../../../../arm-none-eabi/lib/thumb/v7-m/nofp\libc_nano.a(lib_a-nano-vfprintf.o)
                0x000000000800deee                __sfputs_r
 *fill*         0x000000000800df12        0x2 
 .text._vfprintf_r
                0x000000000800df14      0x260 c:/st/stm32cubeide_1.5.0/stm32cubeide/plugins/com.st.stm32cube.ide.mcu.externaltools.gnu-tools-for-stm32.10.3-2021.10.win32_1.0.200.202301161003/tools/bin/../lib/gcc/arm-none-eabi/10.3.1/../../../../arm-none-eabi/lib/thumb/v7-m/nofp\libc_nano.a(lib_a-nano-vfprintf.o)
                0x000000000800df14                _vfprintf_r
                0x000000000800df14                _vfiprintf_r
 .text._printf_common
                0x000000000800e174       0xde c:/st/stm32cubeide_1.5.0/stm32cubeide/plugins/com.st.stm32cube.ide.mcu.externaltools.gnu-tools-for-stm32.10.3-2021.10.win32_1.0.200.202301161003/tools/bin/../lib/gcc/arm-none-eabi/10.3.1/../../../../arm-none-eabi/lib/thumb/v7-m/nofp\libc_nano.a(lib_a-nano-vfprintf_i.o)
                0x000000000800e174                _printf_common
 *fill*         0x000000000800e252        0x2 
 .text._printf_i
                0x000000000800e254      0x24c c:/st/stm32cubeide_1.5.0/stm32cubeide/plugins/com.st.stm32cube.ide.mcu.externaltools.gnu-tools-for-stm32.10.3-2021.10.win32_1.0.200.202301161003/tools/bin/../lib/gcc/arm-none-eabi/10.3.1/../../../../arm-none-eabi/lib/thumb/v7-m/nofp\libc_nano.a(lib_a-nano-vfprintf_i.o)
                0x000000000800e254                _printf_i
 .text._sbrk_r  0x000000000800e4a0       0x20 c:/st/stm32cubeide_1.5.0/stm32cubeide/plugins/com.st.stm32cube.ide.mcu.externaltools.gnu-tools-for-stm32.10.3-2021.10.win32_1.0.200.202301161003/tools/bin/../lib/gcc/arm-none-eabi/10.3.1/../../../../arm-none-eabi/lib/thumb/v7-m/nofp\libc_nano.a(lib_a-sbrkr.o)
                0x000000000800e4a0                _sbrk_r
 .text.__swbuf_r
                0x000000000800e4c0       0xa4 c:/st/stm32cubeide_1.5.0/stm32cubeide/plugins/com.st.stm32cube.ide.mcu.externaltools.gnu-tools-for-stm32.10.3-2021.10.win32_1.0.200.202301161003/tools/bin/../lib/gcc/arm-none-eabi/10.3.1/../../../../arm-none-eabi/lib/thumb/v7-m/nofp\libc_nano.a(lib_a-wbuf.o)
                0x000000000800e4c0                __swbuf_r
 .text.__swsetup_r
                0x000000000800e564       0xdc c:/st/stm32cubeide_1.5.0/stm32cubeide/plugins/com.st.stm32cube.ide.mcu.externaltools.gnu-tools-for-stm32.10.3-2021.10.win32_1.0.200.202301161003/tools/bin/../lib/gcc/arm-none-eabi/10.3.1/../../../../arm-none-eabi/lib/thumb/v7-m/nofp\libc_nano.a(lib_a-wsetup.o)
                0x000000000800e564                __swsetup_r
 .text.abort    0x000000000800e640        0xe c:/st/stm32cubeide_1.5.0/stm32cubeide/plugins/com.st.stm32cube.ide.mcu.externaltools.gnu-tools-for-stm32.10.3-2021.10.win32_1.0.200.202301161003/tools/bin/../lib/gcc/arm-none-eabi/10.3.1/../../../../arm-none-eabi/lib/thumb/v7-m/nofp\libc_nano.a(lib_a-abort.o)
                0x000000000800e640                abort
 *fill*         0x000000000800e64e        0x2 
 .text.__sflush_r
                0x000000000800e650      0x104 c:/st/stm32cubeide_1.5.0/stm32cubeide/plugins/com.st.stm32cube.ide.mcu.externaltools.gnu-tools-for-stm32.10.3-2021.10.win32_1.0.200.202301161003/tools/bin/../lib/gcc/arm-none-eabi/10.3.1/../../../../arm-none-eabi/lib/thumb/v7-m/nofp\libc_nano.a(lib_a-fflush.o)
                0x000000000800e650                __sflush_r
 .text._fflush_r
                0x000000000800e754       0x78 c:/st/stm32cubeide_1.5.0/stm32cubeide/plugins/com.st.stm32cube.ide.mcu.externaltools.gnu-tools-for-stm32.10.3-2021.10.win32_1.0.200.202301161003/tools/bin/../lib/gcc/arm-none-eabi/10.3.1/../../../../arm-none-eabi/lib/thumb/v7-m/nofp\libc_nano.a(lib_a-fflush.o)
                0x000000000800e754                _fflush_r
 .text.std      0x000000000800e7cc       0x48 c:/st/stm32cubeide_1.5.0/stm32cubeide/plugins/com.st.stm32cube.ide.mcu.externaltools.gnu-tools-for-stm32.10.3-2021.10.win32_1.0.200.202301161003/tools/bin/../lib/gcc/arm-none-eabi/10.3.1/../../../../arm-none-eabi/lib/thumb/v7-m/nofp\libc_nano.a(lib_a-findfp.o)
 .text._cleanup_r
                0x000000000800e814        0xc c:/st/stm32cubeide_1.5.0/stm32cubeide/plugins/com.st.stm32cube.ide.mcu.externaltools.gnu-tools-for-stm32.10.3-2021.10.win32_1.0.200.202301161003/tools/bin/../lib/gcc/arm-none-eabi/10.3.1/../../../../arm-none-eabi/lib/thumb/v7-m/nofp\libc_nano.a(lib_a-findfp.o)
                0x000000000800e814                _cleanup_r
 .text.__sfmoreglue
                0x000000000800e820       0x2c c:/st/stm32cubeide_1.5.0/stm32cubeide/plugins/com.st.stm32cube.ide.mcu.externaltools.gnu-tools-for-stm32.10.3-2021.10.win32_1.0.200.202301161003/tools/bin/../lib/gcc/arm-none-eabi/10.3.1/../../../../arm-none-eabi/lib/thumb/v7-m/nofp\libc_nano.a(lib_a-findfp.o)
                0x000000000800e820                __sfmoreglue
 .text.__sfp_lock_acquire
                0x000000000800e84c        0xc c:/st/stm32cubeide_1.5.0/stm32cubeide/plugins/com.st.stm32cube.ide.mcu.externaltools.gnu-tools-for-stm32.10.3-2021.10.win32_1.0.200.202301161003/tools/bin/../lib/gcc/arm-none-eabi/10.3.1/../../../../arm-none-eabi/lib/thumb/v7-m/nofp\libc_nano.a(lib_a-findfp.o)
                0x000000000800e84c                __sfp_lock_acquire
 .text.__sfp_lock_release
                0x000000000800e858        0xc c:/st/stm32cubeide_1.5.0/stm32cubeide/plugins/com.st.stm32cube.ide.mcu.externaltools.gnu-tools-for-stm32.10.3-2021.10.win32_1.0.200.202301161003/tools/bin/../lib/gcc/arm-none-eabi/10.3.1/../../../../arm-none-eabi/lib/thumb/v7-m/nofp\libc_nano.a(lib_a-findfp.o)
                0x000000000800e858                __sfp_lock_release
 .text.__sinit_lock_acquire
                0x000000000800e864        0xc c:/st/stm32cubeide_1.5.0/stm32cubeide/plugins/com.st.stm32cube.ide.mcu.externaltools.gnu-tools-for-stm32.10.3-2021.10.win32_1.0.200.202301161003/tools/bin/../lib/gcc/arm-none-eabi/10.3.1/../../../../arm-none-eabi/lib/thumb/v7-m/nofp\libc_nano.a(lib_a-findfp.o)
                0x000000000800e864                __sinit_lock_acquire
 .text.__sinit_lock_release
                0x000000000800e870        0xc c:/st/stm32cubeide_1.5.0/stm32cubeide/plugins/com.st.stm32cube.ide.mcu.externaltools.gnu-tools-for-stm32.10.3-2021.10.win32_1.0.200.202301161003/tools/bin/../lib/gcc/arm-none-eabi/10.3.1/../../../../arm-none-eabi/lib/thumb/v7-m/nofp\libc_nano.a(lib_a-findfp.o)
                0x000000000800e870                __sinit_lock_release
 .text.__sinit  0x000000000800e87c       0x70 c:/st/stm32cubeide_1.5.0/stm32cubeide/plugins/com.st.stm32cube.ide.mcu.externaltools.gnu-tools-for-stm32.10.3-2021.10.win32_1.0.200.202301161003/tools/bin/../lib/gcc/arm-none-eabi/10.3.1/../../../../arm-none-eabi/lib/thumb/v7-m/nofp\libc_nano.a(lib_a-findfp.o)
                0x000000000800e87c                __sinit
 .text.__sfp    0x000000000800e8ec       0x8c c:/st/stm32cubeide_1.5.0/stm32cubeide/plugins/com.st.stm32cube.ide.mcu.externaltools.gnu-tools-for-stm32.10.3-2021.10.win32_1.0.200.202301161003/tools/bin/../lib/gcc/arm-none-eabi/10.3.1/../../../../arm-none-eabi/lib/thumb/v7-m/nofp\libc_nano.a(lib_a-findfp.o)
                0x000000000800e8ec                __sfp
 .text._fwalk_reent
                0x000000000800e978       0x3e c:/st/stm32cubeide_1.5.0/stm32cubeide/plugins/com.st.stm32cube.ide.mcu.externaltools.gnu-tools-for-stm32.10.3-2021.10.win32_1.0.200.202301161003/tools/bin/../lib/gcc/arm-none-eabi/10.3.1/../../../../arm-none-eabi/lib/thumb/v7-m/nofp\libc_nano.a(lib_a-fwalk.o)
                0x000000000800e978                _fwalk_reent
 .text.__retarget_lock_init_recursive
                0x000000000800e9b6        0x2 c:/st/stm32cubeide_1.5.0/stm32cubeide/plugins/com.st.stm32cube.ide.mcu.externaltools.gnu-tools-for-stm32.10.3-2021.10.win32_1.0.200.202301161003/tools/bin/../lib/gcc/arm-none-eabi/10.3.1/../../../../arm-none-eabi/lib/thumb/v7-m/nofp\libc_nano.a(lib_a-lock.o)
                0x000000000800e9b6                __retarget_lock_init_recursive
 .text.__retarget_lock_acquire_recursive
                0x000000000800e9b8        0x2 c:/st/stm32cubeide_1.5.0/stm32cubeide/plugins/com.st.stm32cube.ide.mcu.externaltools.gnu-tools-for-stm32.10.3-2021.10.win32_1.0.200.202301161003/tools/bin/../lib/gcc/arm-none-eabi/10.3.1/../../../../arm-none-eabi/lib/thumb/v7-m/nofp\libc_nano.a(lib_a-lock.o)
                0x000000000800e9b8                __retarget_lock_acquire_recursive
 .text.__retarget_lock_release_recursive
                0x000000000800e9ba        0x2 c:/st/stm32cubeide_1.5.0/stm32cubeide/plugins/com.st.stm32cube.ide.mcu.externaltools.gnu-tools-for-stm32.10.3-2021.10.win32_1.0.200.202301161003/tools/bin/../lib/gcc/arm-none-eabi/10.3.1/../../../../arm-none-eabi/lib/thumb/v7-m/nofp\libc_nano.a(lib_a-lock.o)
                0x000000000800e9ba                __retarget_lock_release_recursive
 .text.__swhatbuf_r
                0x000000000800e9bc       0x4a c:/st/stm32cubeide_1.5.0/stm32cubeide/plugins/com.st.stm32cube.ide.mcu.externaltools.gnu-tools-for-stm32.10.3-2021.10.win32_1.0.200.202301161003/tools/bin/../lib/gcc/arm-none-eabi/10.3.1/../../../../arm-none-eabi/lib/thumb/v7-m/nofp\libc_nano.a(lib_a-makebuf.o)
                0x000000000800e9bc                __swhatbuf_r
 *fill*         0x000000000800ea06        0x2 
 .text.__smakebuf_r
                0x000000000800ea08       0x80 c:/st/stm32cubeide_1.5.0/stm32cubeide/plugins/com.st.stm32cube.ide.mcu.externaltools.gnu-tools-for-stm32.10.3-2021.10.win32_1.0.200.202301161003/tools/bin/../lib/gcc/arm-none-eabi/10.3.1/../../../../arm-none-eabi/lib/thumb/v7-m/nofp\libc_nano.a(lib_a-makebuf.o)
                0x000000000800ea08                __smakebuf_r
 .text.memchr   0x000000000800ea88       0x1c c:/st/stm32cubeide_1.5.0/stm32cubeide/plugins/com.st.stm32cube.ide.mcu.externaltools.gnu-tools-for-stm32.10.3-2021.10.win32_1.0.200.202301161003/tools/bin/../lib/gcc/arm-none-eabi/10.3.1/../../../../arm-none-eabi/lib/thumb/v7-m/nofp\libc_nano.a(lib_a-memchr-stub.o)
                0x000000000800ea88                memchr
 .text.__malloc_lock
                0x000000000800eaa4        0xc c:/st/stm32cubeide_1.5.0/stm32cubeide/plugins/com.st.stm32cube.ide.mcu.externaltools.gnu-tools-for-stm32.10.3-2021.10.win32_1.0.200.202301161003/tools/bin/../lib/gcc/arm-none-eabi/10.3.1/../../../../arm-none-eabi/lib/thumb/v7-m/nofp\libc_nano.a(lib_a-mlock.o)
                0x000000000800eaa4                __malloc_lock
 .text.__malloc_unlock
                0x000000000800eab0        0xc c:/st/stm32cubeide_1.5.0/stm32cubeide/plugins/com.st.stm32cube.ide.mcu.externaltools.gnu-tools-for-stm32.10.3-2021.10.win32_1.0.200.202301161003/tools/bin/../lib/gcc/arm-none-eabi/10.3.1/../../../../arm-none-eabi/lib/thumb/v7-m/nofp\libc_nano.a(lib_a-mlock.o)
                0x000000000800eab0                __malloc_unlock
 .text._raise_r
                0x000000000800eabc       0x50 c:/st/stm32cubeide_1.5.0/stm32cubeide/plugins/com.st.stm32cube.ide.mcu.externaltools.gnu-tools-for-stm32.10.3-2021.10.win32_1.0.200.202301161003/tools/bin/../lib/gcc/arm-none-eabi/10.3.1/../../../../arm-none-eabi/lib/thumb/v7-m/nofp\libc_nano.a(lib_a-signal.o)
                0x000000000800eabc                _raise_r
 .text.raise    0x000000000800eb0c       0x10 c:/st/stm32cubeide_1.5.0/stm32cubeide/plugins/com.st.stm32cube.ide.mcu.externaltools.gnu-tools-for-stm32.10.3-2021.10.win32_1.0.200.202301161003/tools/bin/../lib/gcc/arm-none-eabi/10.3.1/../../../../arm-none-eabi/lib/thumb/v7-m/nofp\libc_nano.a(lib_a-signal.o)
                0x000000000800eb0c                raise
 .text._kill_r  0x000000000800eb1c       0x24 c:/st/stm32cubeide_1.5.0/stm32cubeide/plugins/com.st.stm32cube.ide.mcu.externaltools.gnu-tools-for-stm32.10.3-2021.10.win32_1.0.200.202301161003/tools/bin/../lib/gcc/arm-none-eabi/10.3.1/../../../../arm-none-eabi/lib/thumb/v7-m/nofp\libc_nano.a(lib_a-signalr.o)
                0x000000000800eb1c                _kill_r
 .text._getpid_r
                0x000000000800eb40        0x4 c:/st/stm32cubeide_1.5.0/stm32cubeide/plugins/com.st.stm32cube.ide.mcu.externaltools.gnu-tools-for-stm32.10.3-2021.10.win32_1.0.200.202301161003/tools/bin/../lib/gcc/arm-none-eabi/10.3.1/../../../../arm-none-eabi/lib/thumb/v7-m/nofp\libc_nano.a(lib_a-signalr.o)
                0x000000000800eb40                _getpid_r
 .text.__sread  0x000000000800eb44       0x22 c:/st/stm32cubeide_1.5.0/stm32cubeide/plugins/com.st.stm32cube.ide.mcu.externaltools.gnu-tools-for-stm32.10.3-2021.10.win32_1.0.200.202301161003/tools/bin/../lib/gcc/arm-none-eabi/10.3.1/../../../../arm-none-eabi/lib/thumb/v7-m/nofp\libc_nano.a(lib_a-stdio.o)
                0x000000000800eb44                __sread
 .text.__swrite
                0x000000000800eb66       0x38 c:/st/stm32cubeide_1.5.0/stm32cubeide/plugins/com.st.stm32cube.ide.mcu.externaltools.gnu-tools-for-stm32.10.3-2021.10.win32_1.0.200.202301161003/tools/bin/../lib/gcc/arm-none-eabi/10.3.1/../../../../arm-none-eabi/lib/thumb/v7-m/nofp\libc_nano.a(lib_a-stdio.o)
                0x000000000800eb66                __swrite
 .text.__sseek  0x000000000800eb9e       0x24 c:/st/stm32cubeide_1.5.0/stm32cubeide/plugins/com.st.stm32cube.ide.mcu.externaltools.gnu-tools-for-stm32.10.3-2021.10.win32_1.0.200.202301161003/tools/bin/../lib/gcc/arm-none-eabi/10.3.1/../../../../arm-none-eabi/lib/thumb/v7-m/nofp\libc_nano.a(lib_a-stdio.o)
                0x000000000800eb9e                __sseek
 .text.__sclose
                0x000000000800ebc2        0x8 c:/st/stm32cubeide_1.5.0/stm32cubeide/plugins/com.st.stm32cube.ide.mcu.externaltools.gnu-tools-for-stm32.10.3-2021.10.win32_1.0.200.202301161003/tools/bin/../lib/gcc/arm-none-eabi/10.3.1/../../../../arm-none-eabi/lib/thumb/v7-m/nofp\libc_nano.a(lib_a-stdio.o)
                0x000000000800ebc2                __sclose
 *fill*         0x000000000800ebca        0x2 
 .text._write_r
                0x000000000800ebcc       0x24 c:/st/stm32cubeide_1.5.0/stm32cubeide/plugins/com.st.stm32cube.ide.mcu.externaltools.gnu-tools-for-stm32.10.3-2021.10.win32_1.0.200.202301161003/tools/bin/../lib/gcc/arm-none-eabi/10.3.1/../../../../arm-none-eabi/lib/thumb/v7-m/nofp\libc_nano.a(lib_a-writer.o)
                0x000000000800ebcc                _write_r
 .text._close_r
                0x000000000800ebf0       0x20 c:/st/stm32cubeide_1.5.0/stm32cubeide/plugins/com.st.stm32cube.ide.mcu.externaltools.gnu-tools-for-stm32.10.3-2021.10.win32_1.0.200.202301161003/tools/bin/../lib/gcc/arm-none-eabi/10.3.1/../../../../arm-none-eabi/lib/thumb/v7-m/nofp\libc_nano.a(lib_a-closer.o)
                0x000000000800ebf0                _close_r
 .text._fstat_r
                0x000000000800ec10       0x24 c:/st/stm32cubeide_1.5.0/stm32cubeide/plugins/com.st.stm32cube.ide.mcu.externaltools.gnu-tools-for-stm32.10.3-2021.10.win32_1.0.200.202301161003/tools/bin/../lib/gcc/arm-none-eabi/10.3.1/../../../../arm-none-eabi/lib/thumb/v7-m/nofp\libc_nano.a(lib_a-fstatr.o)
                0x000000000800ec10                _fstat_r
 .text._isatty_r
                0x000000000800ec34       0x20 c:/st/stm32cubeide_1.5.0/stm32cubeide/plugins/com.st.stm32cube.ide.mcu.externaltools.gnu-tools-for-stm32.10.3-2021.10.win32_1.0.200.202301161003/tools/bin/../lib/gcc/arm-none-eabi/10.3.1/../../../../arm-none-eabi/lib/thumb/v7-m/nofp\libc_nano.a(lib_a-isattyr.o)
                0x000000000800ec34                _isatty_r
 .text._lseek_r
                0x000000000800ec54       0x24 c:/st/stm32cubeide_1.5.0/stm32cubeide/plugins/com.st.stm32cube.ide.mcu.externaltools.gnu-tools-for-stm32.10.3-2021.10.win32_1.0.200.202301161003/tools/bin/../lib/gcc/arm-none-eabi/10.3.1/../../../../arm-none-eabi/lib/thumb/v7-m/nofp\libc_nano.a(lib_a-lseekr.o)
                0x000000000800ec54                _lseek_r
 .text._read_r  0x000000000800ec78       0x24 c:/st/stm32cubeide_1.5.0/stm32cubeide/plugins/com.st.stm32cube.ide.mcu.externaltools.gnu-tools-for-stm32.10.3-2021.10.win32_1.0.200.202301161003/tools/bin/../lib/gcc/arm-none-eabi/10.3.1/../../../../arm-none-eabi/lib/thumb/v7-m/nofp\libc_nano.a(lib_a-readr.o)
                0x000000000800ec78                _read_r
 *(.glue_7)
 .glue_7        0x000000000800ec9c        0x0 linker stubs
 *(.glue_7t)
 .glue_7t       0x000000000800ec9c        0x0 linker stubs
 *(.eh_frame)
 .eh_frame      0x000000000800ec9c        0x0 c:/st/stm32cubeide_1.5.0/stm32cubeide/plugins/com.st.stm32cube.ide.mcu.externaltools.gnu-tools-for-stm32.10.3-2021.10.win32_1.0.200.202301161003/tools/bin/../lib/gcc/arm-none-eabi/10.3.1/thumb/v7-m/nofp/crtbegin.o
 *(.init)
 .init          0x000000000800ec9c        0x4 c:/st/stm32cubeide_1.5.0/stm32cubeide/plugins/com.st.stm32cube.ide.mcu.externaltools.gnu-tools-for-stm32.10.3-2021.10.win32_1.0.200.202301161003/tools/bin/../lib/gcc/arm-none-eabi/10.3.1/thumb/v7-m/nofp/crti.o
                0x000000000800ec9c                _init
 .init          0x000000000800eca0        0x8 c:/st/stm32cubeide_1.5.0/stm32cubeide/plugins/com.st.stm32cube.ide.mcu.externaltools.gnu-tools-for-stm32.10.3-2021.10.win32_1.0.200.202301161003/tools/bin/../lib/gcc/arm-none-eabi/10.3.1/thumb/v7-m/nofp/crtn.o
 *(.fini)
 .fini          0x000000000800eca8        0x4 c:/st/stm32cubeide_1.5.0/stm32cubeide/plugins/com.st.stm32cube.ide.mcu.externaltools.gnu-tools-for-stm32.10.3-2021.10.win32_1.0.200.202301161003/tools/bin/../lib/gcc/arm-none-eabi/10.3.1/thumb/v7-m/nofp/crti.o
                0x000000000800eca8                _fini
 .fini          0x000000000800ecac        0x8 c:/st/stm32cubeide_1.5.0/stm32cubeide/plugins/com.st.stm32cube.ide.mcu.externaltools.gnu-tools-for-stm32.10.3-2021.10.win32_1.0.200.202301161003/tools/bin/../lib/gcc/arm-none-eabi/10.3.1/thumb/v7-m/nofp/crtn.o
                0x000000000800ecb4                . = ALIGN (0x4)
                0x000000000800ecb4                _etext = .

.vfp11_veneer   0x000000000800ecb4        0x0
 .vfp11_veneer  0x000000000800ecb4        0x0 linker stubs

.v4_bx          0x000000000800ecb4        0x0
 .v4_bx         0x000000000800ecb4        0x0 linker stubs

.iplt           0x000000000800ecb4        0x0
 .iplt          0x000000000800ecb4        0x0 c:/st/stm32cubeide_1.5.0/stm32cubeide/plugins/com.st.stm32cube.ide.mcu.externaltools.gnu-tools-for-stm32.10.3-2021.10.win32_1.0.200.202301161003/tools/bin/../lib/gcc/arm-none-eabi/10.3.1/thumb/v7-m/nofp/crtbegin.o

.rodata         0x000000000800ecb4      0x2c0
                0x000000000800ecb4                . = ALIGN (0x4)
 *(.rodata)
 .rodata        0x000000000800ecb4        0x6 ./Core/Src/main.o
 *fill*         0x000000000800ecba        0x2 
 .rodata        0x000000000800ecbc        0x2 ./Core/Src/parser_complex.o
 *fill*         0x000000000800ecbe        0x2 
 .rodata        0x000000000800ecc0       0x3e ./USB_DEVICE/App/usbd_desc.o
 *(.rodata*)
 *fill*         0x000000000800ecfe        0x2 
 .rodata.AHBPrescTable
                0x000000000800ed00       0x10 ./Core/Src/system_stm32f1xx.o
                0x000000000800ed00                AHBPrescTable
 .rodata.APBPrescTable
                0x000000000800ed10        0x8 ./Core/Src/system_stm32f1xx.o
                0x000000000800ed10                APBPrescTable
 .rodata.aPLLMULFactorTable.1
                0x000000000800ed18       0x10 ./Drivers/STM32F1xx_HAL_Driver/Src/stm32f1xx_hal_rcc.o
 .rodata.aPredivFactorTable.0
                0x000000000800ed28        0x2 ./Drivers/STM32F1xx_HAL_Driver/Src/stm32f1xx_hal_rcc.o
 *fill*         0x000000000800ed2a        0x2 
 .rodata._global_impure_ptr
                0x000000000800ed2c        0x4 c:/st/stm32cubeide_1.5.0/stm32cubeide/plugins/com.st.stm32cube.ide.mcu.externaltools.gnu-tools-for-stm32.10.3-2021.10.win32_1.0.200.202301161003/tools/bin/../lib/gcc/arm-none-eabi/10.3.1/../../../../arm-none-eabi/lib/thumb/v7-m/nofp\libc_nano.a(lib_a-impure.o)
                0x000000000800ed2c                _global_impure_ptr
 .rodata.strtok.str1.1
                0x000000000800ed30       0x74 c:/st/stm32cubeide_1.5.0/stm32cubeide/plugins/com.st.stm32cube.ide.mcu.externaltools.gnu-tools-for-stm32.10.3-2021.10.win32_1.0.200.202301161003/tools/bin/../lib/gcc/arm-none-eabi/10.3.1/../../../../arm-none-eabi/lib/thumb/v7-m/nofp\libc_nano.a(lib_a-strtok.o)
 .rodata.__assert_func.str1.1
                0x000000000800eda4       0x3c c:/st/stm32cubeide_1.5.0/stm32cubeide/plugins/com.st.stm32cube.ide.mcu.externaltools.gnu-tools-for-stm32.10.3-2021.10.win32_1.0.200.202301161003/tools/bin/../lib/gcc/arm-none-eabi/10.3.1/../../../../arm-none-eabi/lib/thumb/v7-m/nofp\libc_nano.a(lib_a-assert.o)
                                         0x3d (size before relaxing)
 .rodata._ctype_
                0x000000000800ede0      0x101 c:/st/stm32cubeide_1.5.0/stm32cubeide/plugins/com.st.stm32cube.ide.mcu.externaltools.gnu-tools-for-stm32.10.3-2021.10.win32_1.0.200.202301161003/tools/bin/../lib/gcc/arm-none-eabi/10.3.1/../../../../arm-none-eabi/lib/thumb/v7-m/nofp\libc_nano.a(lib_a-ctype_.o)
                0x000000000800ede0                _ctype_
 .rodata._vfprintf_r.str1.1
                0x000000000800eee1       0x11 c:/st/stm32cubeide_1.5.0/stm32cubeide/plugins/com.st.stm32cube.ide.mcu.externaltools.gnu-tools-for-stm32.10.3-2021.10.win32_1.0.200.202301161003/tools/bin/../lib/gcc/arm-none-eabi/10.3.1/../../../../arm-none-eabi/lib/thumb/v7-m/nofp\libc_nano.a(lib_a-nano-vfprintf.o)
 .rodata._printf_i.str1.1
                0x000000000800eef2       0x22 c:/st/stm32cubeide_1.5.0/stm32cubeide/plugins/com.st.stm32cube.ide.mcu.externaltools.gnu-tools-for-stm32.10.3-2021.10.win32_1.0.200.202301161003/tools/bin/../lib/gcc/arm-none-eabi/10.3.1/../../../../arm-none-eabi/lib/thumb/v7-m/nofp\libc_nano.a(lib_a-nano-vfprintf_i.o)
 .rodata.__sf_fake_stderr
                0x000000000800ef14       0x20 c:/st/stm32cubeide_1.5.0/stm32cubeide/plugins/com.st.stm32cube.ide.mcu.externaltools.gnu-tools-for-stm32.10.3-2021.10.win32_1.0.200.202301161003/tools/bin/../lib/gcc/arm-none-eabi/10.3.1/../../../../arm-none-eabi/lib/thumb/v7-m/nofp\libc_nano.a(lib_a-findfp.o)
                0x000000000800ef14                __sf_fake_stderr
 .rodata.__sf_fake_stdin
                0x000000000800ef34       0x20 c:/st/stm32cubeide_1.5.0/stm32cubeide/plugins/com.st.stm32cube.ide.mcu.externaltools.gnu-tools-for-stm32.10.3-2021.10.win32_1.0.200.202301161003/tools/bin/../lib/gcc/arm-none-eabi/10.3.1/../../../../arm-none-eabi/lib/thumb/v7-m/nofp\libc_nano.a(lib_a-findfp.o)
                0x000000000800ef34                __sf_fake_stdin
 .rodata.__sf_fake_stdout
                0x000000000800ef54       0x20 c:/st/stm32cubeide_1.5.0/stm32cubeide/plugins/com.st.stm32cube.ide.mcu.externaltools.gnu-tools-for-stm32.10.3-2021.10.win32_1.0.200.202301161003/tools/bin/../lib/gcc/arm-none-eabi/10.3.1/../../../../arm-none-eabi/lib/thumb/v7-m/nofp\libc_nano.a(lib_a-findfp.o)
                0x000000000800ef54                __sf_fake_stdout
                0x000000000800ef74                . = ALIGN (0x4)

.rel.dyn        0x000000000800ef74        0x0
 .rel.iplt      0x000000000800ef74        0x0 c:/st/stm32cubeide_1.5.0/stm32cubeide/plugins/com.st.stm32cube.ide.mcu.externaltools.gnu-tools-for-stm32.10.3-2021.10.win32_1.0.200.202301161003/tools/bin/../lib/gcc/arm-none-eabi/10.3.1/thumb/v7-m/nofp/crtbegin.o

.ARM.extab      0x000000000800ef74        0x0
                0x000000000800ef74                . = ALIGN (0x4)
 *(.ARM.extab* .gnu.linkonce.armextab.*)
                0x000000000800ef74                . = ALIGN (0x4)

.ARM            0x000000000800ef74        0x0
                0x000000000800ef74                . = ALIGN (0x4)
                0x000000000800ef74                __exidx_start = .
 *(.ARM.exidx*)
                0x000000000800ef74                __exidx_end = .
                0x000000000800ef74                . = ALIGN (0x4)

.preinit_array  0x000000000800ef74        0x0
                0x000000000800ef74                . = ALIGN (0x4)
                0x000000000800ef74                PROVIDE (__preinit_array_start = .)
 *(.preinit_array*)
                0x000000000800ef74                PROVIDE (__preinit_array_end = .)
                0x000000000800ef74                . = ALIGN (0x4)

.init_array     0x000000000800ef74        0x4
                0x000000000800ef74                . = ALIGN (0x4)
                0x000000000800ef74                PROVIDE (__init_array_start = .)
 *(SORT_BY_NAME(.init_array.*))
 *(.init_array*)
 .init_array    0x000000000800ef74        0x4 c:/st/stm32cubeide_1.5.0/stm32cubeide/plugins/com.st.stm32cube.ide.mcu.externaltools.gnu-tools-for-stm32.10.3-2021.10.win32_1.0.200.202301161003/tools/bin/../lib/gcc/arm-none-eabi/10.3.1/thumb/v7-m/nofp/crtbegin.o
                0x000000000800ef78                PROVIDE (__init_array_end = .)
                0x000000000800ef78                . = ALIGN (0x4)

.fini_array     0x000000000800ef78        0x4
                0x000000000800ef78                . = ALIGN (0x4)
                [!provide]                        PROVIDE (__fini_array_start = .)
 *(SORT_BY_NAME(.fini_array.*))
 *(.fini_array*)
 .fini_array    0x000000000800ef78        0x4 c:/st/stm32cubeide_1.5.0/stm32cubeide/plugins/com.st.stm32cube.ide.mcu.externaltools.gnu-tools-for-stm32.10.3-2021.10.win32_1.0.200.202301161003/tools/bin/../lib/gcc/arm-none-eabi/10.3.1/thumb/v7-m/nofp/crtbegin.o
                [!provide]                        PROVIDE (__fini_array_end = .)
                0x000000000800ef7c                . = ALIGN (0x4)
                0x000000000800ef7c                _sidata = LOADADDR (.data)

.data           0x0000000020000000      0x230 load address 0x000000000800ef7c