../Core/Src/main.c:163:5:main	24	static
../Core/Src/main.c:285:6:SystemClock_Config	96	static
../Core/Src/main.c:332:13:MX_NVIC_Init	8	static
../Core/Src/main.c:356:6:all	16	static
../Core/Src/main.c:361:6:OutputSet	16	static
../Core/Src/main.c:366:6:OutputPinStateSet	16	static
../Core/Src/main.c:378:6:OutputPinToggle	16	static
../Core/Src/main.c:383:6:PwmSet	16	static
../Core/Src/main.c:391:6:PwmChannelSet	16	static
../Core/Src/main.c:401:6:DisplayContrast	16	static
../Core/Src/main.c:409:6:ShowMenu	8	static
../Core/Src/main.c:418:6:HideMenu	8	static
../Core/Src/main.c:426:6:ShowMeasurements	32	static
../Core/Src/main.c:441:6:ShowTemperature	32	static
../Core/Src/main.c:454:6:Show8bitIndicators	32	static
../Core/Src/main.c:486:6:ShowOut0to7	8	static
../Core/Src/main.c:493:6:ShowOut8to15	8	static
../Core/Src/main.c:500:6:ShowIn0to7	8	static
../Core/Src/main.c:507:6:ShowIn8to15	8	static
../Core/Src/main.c:514:6:ShowPWMsetMenu	4	static
../Core/Src/main.c:530:6:HAL_ADC_ConvCpltCallback	16	static
../Core/Src/main.c:539:6:MeasurementConversion	8	static
../Core/Src/main.c:547:6:IntervalFunc500ms	8	static
../Core/Src/main.c:577:6:IntervalFunc100ms	336	static
../Core/Src/main.c:601:6:IntervalFunc50ms	8	static
../Core/Src/main.c:619:6:HAL_I2C_MemTxCpltCallback	16	static
../Core/Src/main.c:624:6:CDC_ReveiveCallback	24	static
../Core/Src/main.c:648:6:UsbBuffWrite	32	static
../Core/Src/main.c:677:6:UsbTransmitTask	16	static
../Core/Src/main.c:703:6:Error_Handler	4	static,ignoring_inline_asm
