../Core/Src/main.c:113:5:main	24	static
../Core/Src/main.c:219:6:SystemClock_Config	96	static
../Core/Src/main.c:266:13:MX_NVIC_Init	8	static
../Core/Src/main.c:284:6:all	8	static
../Core/Src/main.c:298:6:GpioFLedToggle	4	static
../Core/Src/main.c:307:6:IntervalFunc500ms	8	static
../Core/Src/main.c:338:6:IntervalFunc100ms	8	static
../Core/Src/main.c:349:6:HAL_I2C_MemTxCpltCallback	16	static
../Core/Src/main.c:354:6:CDC_ReveiveCallback	24	static
../Core/Src/main.c:378:6:UsbBuffWrite	32	static
../Core/Src/main.c:407:6:UsbTransmitTask	16	static
../Core/Src/main.c:433:6:Error_Handler	4	static,ignoring_inline_asm
