../Core/Src/main.c:116:5:main	24	static
../Core/Src/main.c:238:6:SystemClock_Config	96	static
../Core/Src/main.c:285:13:MX_NVIC_Init	8	static
../Core/Src/main.c:303:6:all	16	static
../Core/Src/main.c:310:6:GpioFLedToggle	4	static
../Core/Src/main.c:319:6:IntervalFunc500ms	8	static
../Core/Src/main.c:350:6:IntervalFunc100ms	8	static
../Core/Src/main.c:360:6:IntervalFunc50ms	8	static
../Core/Src/main.c:374:6:HAL_I2C_MemTxCpltCallback	16	static
../Core/Src/main.c:379:6:CDC_ReveiveCallback	24	static
../Core/Src/main.c:403:6:UsbBuffWrite	32	static
../Core/Src/main.c:432:6:UsbTransmitTask	16	static
../Core/Src/main.c:458:6:Error_Handler	4	static,ignoring_inline_asm
