../Drivers/CMSIS/Include/core_cm3.h:1547:22:__NVIC_DisableIRQ	16	static,ignoring_inline_asm
../Core/Src/main.c:204:5:main	24	static,ignoring_inline_asm
../Core/Src/main.c:344:6:SystemClock_Config	96	static
../Core/Src/main.c:391:13:MX_NVIC_Init	8	static
../Core/Src/main.c:415:6:PwmFreqSet	16	static
../Core/Src/main.c:424:6:OutputSet	16	static
../Core/Src/main.c:429:6:OutputPinStateSet	16	static
../Core/Src/main.c:441:6:OutputPinToggle	16	static
../Core/Src/main.c:446:6:PwmSet	16	static
../Core/Src/main.c:454:6:PwmChannelSet	16	static
../Core/Src/main.c:464:6:DisplayContrast	16	static
../Core/Src/main.c:470:6:LogoLedSetParameter	16	static
../Core/Src/main.c:477:6:LightLedSetParameter	16	static
../Core/Src/main.c:484:6:LedLightTask	16	static
../Core/Src/main.c:568:6:LedLightInit	24	static
../Core/Src/main.c:576:6:ShowMenu	8	static
../Core/Src/main.c:586:6:HideMenu	8	static
../Core/Src/main.c:594:6:ShowMeasurements	32	static
../Core/Src/main.c:609:6:ShowTemperature	32	static
../Core/Src/main.c:622:6:Show8bitIndicators	32	static
../Core/Src/main.c:654:6:ShowOut0to7	8	static
../Core/Src/main.c:661:6:ShowOut8to15	8	static
../Core/Src/main.c:668:6:ShowIn0to7	8	static
../Core/Src/main.c:675:6:ShowIn8to15	8	static
../Core/Src/main.c:682:6:ShowPWMsetMenu	24	static
../Core/Src/main.c:716:7:PwmSetPtrIncrement	4	static
../Core/Src/main.c:721:7:PwmSetIncrement	16	static
../Core/Src/main.c:730:7:PwmSetDecrement	16	static
../Core/Src/main.c:739:7:PwmSetIncrement25	16	static
../Core/Src/main.c:748:7:PwmSetDecrement25	16	static
../Core/Src/main.c:758:6:ShowLedLightParam	32	static
../Core/Src/main.c:791:7:LedLightParamPtrIncrement	4	static
../Core/Src/main.c:799:7:LedLightParamIncrement	4	static
../Core/Src/main.c:813:7:LedLightParamIncrement25	4	static
../Core/Src/main.c:827:7:LedLightParamDecrement	4	static
../Core/Src/main.c:840:7:LedLightParamDecrement25	4	static
../Core/Src/main.c:853:7:ShowLedLightParamLogo	8	static
../Core/Src/main.c:860:7:ShowLedLightParamLight	8	static
../Core/Src/main.c:868:6:HAL_ADC_ConvCpltCallback	16	static
../Core/Src/main.c:877:6:BootloaderJump	16	static
../Core/Src/main.c:883:6:MeasurementConversion	8	static
../Core/Src/main.c:891:6:IntervalFunc10000ms	280	static
../Core/Src/main.c:909:6:IntervalFunc500ms	8	static
../Core/Src/main.c:940:6:IntervalFunc100ms	384	static
../Core/Src/main.c:979:6:IntervalFunc50ms	8	static
../Core/Src/main.c:1002:6:HAL_I2C_MemTxCpltCallback	16	static
../Core/Src/main.c:1007:6:CDC_ReveiveCallback	24	static
../Core/Src/main.c:1032:6:UsbBuffWrite	32	static
../Core/Src/main.c:1061:6:UsbTransmitTask	16	static
../Core/Src/main.c:1082:6:deinit_peripherals	8	static,ignoring_inline_asm
../Core/Src/main.c:1134:6:jump_to_application	32	static,ignoring_inline_asm
../Core/Src/main.c:1155:6:Error_Handler	4	static,ignoring_inline_asm
