../Core/Src/main.c:175:5:main	24	static
../Core/Src/main.c:305:6:SystemClock_Config	96	static
../Core/Src/main.c:352:13:MX_NVIC_Init	8	static
../Core/Src/main.c:376:6:all	16	static
../Core/Src/main.c:381:6:OutputSet	16	static
../Core/Src/main.c:386:6:OutputPinStateSet	16	static
../Core/Src/main.c:398:6:OutputPinToggle	16	static
../Core/Src/main.c:403:6:PwmSet	16	static
../Core/Src/main.c:411:6:PwmChannelSet	16	static
../Core/Src/main.c:421:6:DisplayContrast	16	static
../Core/Src/main.c:429:6:ShowMenu	8	static
../Core/Src/main.c:439:6:HideMenu	8	static
../Core/Src/main.c:447:6:ShowMeasurements	32	static
../Core/Src/main.c:462:6:ShowTemperature	32	static
../Core/Src/main.c:475:6:Show8bitIndicators	32	static
../Core/Src/main.c:507:6:ShowOut0to7	8	static
../Core/Src/main.c:514:6:ShowOut8to15	8	static
../Core/Src/main.c:521:6:ShowIn0to7	8	static
../Core/Src/main.c:528:6:ShowIn8to15	8	static
../Core/Src/main.c:535:6:ShowPWMsetMenu	24	static
../Core/Src/main.c:569:7:PwmSetPtrIncrement	4	static
../Core/Src/main.c:574:7:PwmSetIncrement	16	static
../Core/Src/main.c:583:7:PwmSetDecrement	16	static
../Core/Src/main.c:592:7:PwmSetIncrement25	16	static
../Core/Src/main.c:601:7:PwmSetDecrement25	16	static
../Core/Src/main.c:611:6:HAL_ADC_ConvCpltCallback	16	static
../Core/Src/main.c:620:6:MeasurementConversion	8	static
../Core/Src/main.c:628:6:IntervalFunc10000ms	8	static
../Core/Src/main.c:639:6:IntervalFunc500ms	8	static
../Core/Src/main.c:668:6:IntervalFunc100ms	384	static
../Core/Src/main.c:695:6:IntervalFunc50ms	8	static
../Core/Src/main.c:718:6:HAL_I2C_MemTxCpltCallback	16	static
../Core/Src/main.c:723:6:CDC_ReveiveCallback	24	static
../Core/Src/main.c:748:6:UsbBuffWrite	32	static
../Core/Src/main.c:777:6:UsbTransmitTask	16	static
../Core/Src/main.c:803:6:Error_Handler	4	static,ignoring_inline_asm
