../Core/Src/main.c:118:5:main	24	static
../Core/Src/main.c:244:6:SystemClock_Config	96	static
../Core/Src/main.c:291:13:MX_NVIC_Init	8	static
../Core/Src/main.c:309:6:all	16	static
../Core/Src/main.c:316:6:GpioFLedToggle	4	static
../Core/Src/main.c:325:6:IntervalFunc500ms	8	static
../Core/Src/main.c:356:6:IntervalFunc100ms	8	static
../Core/Src/main.c:366:6:IntervalFunc50ms	8	static
../Core/Src/main.c:380:6:HAL_I2C_MemTxCpltCallback	16	static
../Core/Src/main.c:385:6:CDC_ReveiveCallback	24	static
../Core/Src/main.c:409:6:UsbBuffWrite	32	static
../Core/Src/main.c:438:6:UsbTransmitTask	16	static
../Core/Src/main.c:464:6:Error_Handler	4	static,ignoring_inline_asm
