../Core/Src/main.c:195:5:main	24	static
../Core/Src/main.c:330:6:SystemClock_Config	96	static
../Core/Src/main.c:377:13:MX_NVIC_Init	8	static
../Core/Src/main.c:401:6:PwmFreqSet	16	static
../Core/Src/main.c:410:6:OutputSet	16	static
../Core/Src/main.c:415:6:OutputPinStateSet	16	static
../Core/Src/main.c:427:6:OutputPinToggle	16	static
../Core/Src/main.c:432:6:PwmSet	16	static
../Core/Src/main.c:440:6:PwmChannelSet	16	static
../Core/Src/main.c:450:6:DisplayContrast	16	static
../Core/Src/main.c:456:6:LogoLedSetParameter	16	static
../Core/Src/main.c:463:6:LightLedSetParameter	16	static
../Core/Src/main.c:470:6:LedLightTask	16	static
../Core/Src/main.c:554:6:LedLightInit	24	static
../Core/Src/main.c:562:6:ShowMenu	8	static
../Core/Src/main.c:572:6:HideMenu	8	static
../Core/Src/main.c:580:6:ShowMeasurements	32	static
../Core/Src/main.c:595:6:ShowTemperature	32	static
../Core/Src/main.c:608:6:Show8bitIndicators	32	static
../Core/Src/main.c:640:6:ShowOut0to7	8	static
../Core/Src/main.c:647:6:ShowOut8to15	8	static
../Core/Src/main.c:654:6:ShowIn0to7	8	static
../Core/Src/main.c:661:6:ShowIn8to15	8	static
../Core/Src/main.c:668:6:ShowPWMsetMenu	24	static
../Core/Src/main.c:702:7:PwmSetPtrIncrement	4	static
../Core/Src/main.c:707:7:PwmSetIncrement	16	static
../Core/Src/main.c:716:7:PwmSetDecrement	16	static
../Core/Src/main.c:725:7:PwmSetIncrement25	16	static
../Core/Src/main.c:734:7:PwmSetDecrement25	16	static
../Core/Src/main.c:744:6:ShowLedLightParam	32	static
../Core/Src/main.c:777:7:LedLightParamPtrIncrement	4	static
../Core/Src/main.c:785:7:LedLightParamIncrement	4	static
../Core/Src/main.c:799:7:LedLightParamIncrement25	4	static
../Core/Src/main.c:813:7:LedLightParamDecrement	4	static
../Core/Src/main.c:826:7:LedLightParamDecrement25	4	static
../Core/Src/main.c:839:7:ShowLedLightParamLogo	8	static
../Core/Src/main.c:846:7:ShowLedLightParamLight	8	static
../Core/Src/main.c:854:6:HAL_ADC_ConvCpltCallback	16	static
../Core/Src/main.c:863:6:MeasurementConversion	8	static
../Core/Src/main.c:871:6:IntervalFunc10000ms	280	static
../Core/Src/main.c:888:6:IntervalFunc500ms	8	static
../Core/Src/main.c:919:6:IntervalFunc100ms	384	static
../Core/Src/main.c:958:6:IntervalFunc50ms	8	static
../Core/Src/main.c:981:6:HAL_I2C_MemTxCpltCallback	16	static
../Core/Src/main.c:986:6:CDC_ReveiveCallback	24	static
../Core/Src/main.c:1011:6:UsbBuffWrite	32	static
../Core/Src/main.c:1040:6:UsbTransmitTask	16	static
../Core/Src/main.c:1066:6:Error_Handler	4	static,ignoring_inline_asm
