../Core/Src/main.c:157:5:main	24	static
../Core/Src/main.c:276:6:SystemClock_Config	96	static
../Core/Src/main.c:323:13:MX_NVIC_Init	8	static
../Core/Src/main.c:346:6:HAL_ADC_ConvCpltCallback	16	static
../Core/Src/main.c:355:6:all	16	static
../Core/Src/main.c:362:6:ShowMenu	8	static
../Core/Src/main.c:371:6:HideMenu	8	static
../Core/Src/main.c:379:6:ShowMeasurements	32	static
../Core/Src/main.c:394:6:ShowTemperature	32	static
../Core/Src/main.c:409:6:MeasurementConversion	8	static
../Core/Src/main.c:417:6:IntervalFunc500ms	8	static
../Core/Src/main.c:447:6:IntervalFunc100ms	320	static
../Core/Src/main.c:469:6:IntervalFunc50ms	8	static
../Core/Src/main.c:487:6:HAL_I2C_MemTxCpltCallback	16	static
../Core/Src/main.c:492:6:CDC_ReveiveCallback	24	static
../Core/Src/main.c:516:6:UsbBuffWrite	32	static
../Core/Src/main.c:545:6:UsbTransmitTask	16	static
../Core/Src/main.c:571:6:Error_Handler	4	static,ignoring_inline_asm
