../Core/Src/main.c:171:5:main	24	static
../Core/Src/main.c:300:6:SystemClock_Config	96	static
../Core/Src/main.c:347:13:MX_NVIC_Init	8	static
../Core/Src/main.c:371:6:all	16	static
../Core/Src/main.c:376:6:OutputSet	16	static
../Core/Src/main.c:381:6:OutputPinStateSet	16	static
../Core/Src/main.c:393:6:OutputPinToggle	16	static
../Core/Src/main.c:398:6:PwmSet	16	static
../Core/Src/main.c:406:6:PwmChannelSet	16	static
../Core/Src/main.c:416:6:DisplayContrast	16	static
../Core/Src/main.c:424:6:ShowMenu	8	static
../Core/Src/main.c:434:6:HideMenu	8	static
../Core/Src/main.c:442:6:ShowMeasurements	32	static
../Core/Src/main.c:457:6:ShowTemperature	32	static
../Core/Src/main.c:470:6:Show8bitIndicators	32	static
../Core/Src/main.c:502:6:ShowOut0to7	8	static
../Core/Src/main.c:509:6:ShowOut8to15	8	static
../Core/Src/main.c:516:6:ShowIn0to7	8	static
../Core/Src/main.c:523:6:ShowIn8to15	8	static
../Core/Src/main.c:530:6:ShowPWMsetMenu	24	static
../Core/Src/main.c:564:7:PwmSetPtrIncrement	4	static
../Core/Src/main.c:569:7:PwmSetIncrement	16	static
../Core/Src/main.c:578:7:PwmSetDecrement	16	static
../Core/Src/main.c:587:7:PwmSetIncrement25	16	static
../Core/Src/main.c:596:7:PwmSetDecrement25	16	static
../Core/Src/main.c:606:6:HAL_ADC_ConvCpltCallback	16	static
../Core/Src/main.c:615:6:MeasurementConversion	8	static
../Core/Src/main.c:623:6:IntervalFunc500ms	8	static
../Core/Src/main.c:652:6:IntervalFunc100ms	384	static
../Core/Src/main.c:679:6:IntervalFunc50ms	8	static
../Core/Src/main.c:697:6:HAL_I2C_MemTxCpltCallback	16	static
../Core/Src/main.c:702:6:CDC_ReveiveCallback	24	static
../Core/Src/main.c:727:6:UsbBuffWrite	32	static
../Core/Src/main.c:756:6:UsbTransmitTask	16	static
../Core/Src/main.c:782:6:Error_Handler	4	static,ignoring_inline_asm
