../Drivers/CMSIS/Include/core_cm3.h:1547:22:__NVIC_DisableIRQ	16	static,ignoring_inline_asm
../Core/Src/main.c:205:5:main	24	static,ignoring_inline_asm
../Core/Src/main.c:347:6:SystemClock_Config	96	static
../Core/Src/main.c:395:13:MX_NVIC_Init	8	static
../Core/Src/main.c:419:6:PwmFreqSet	16	static
../Core/Src/main.c:428:6:OutputSet	16	static
../Core/Src/main.c:433:6:OutputPinStateSet	16	static
../Core/Src/main.c:445:6:OutputPinToggle	16	static
../Core/Src/main.c:450:6:PwmSet	16	static
../Core/Src/main.c:458:6:PwmChannelSet	16	static
../Core/Src/main.c:468:6:DisplayContrast	16	static
../Core/Src/main.c:474:6:LogoLedSetParameter	16	static
../Core/Src/main.c:481:6:LightLedSetParameter	16	static
../Core/Src/main.c:488:6:LedLightTask	16	static
../Core/Src/main.c:572:6:LedLightInit	24	static
../Core/Src/main.c:580:6:ShowMenu	8	static
../Core/Src/main.c:590:6:HideMenu	8	static
../Core/Src/main.c:598:6:ShowMeasurements	32	static
../Core/Src/main.c:613:6:ShowTemperature	32	static
../Core/Src/main.c:626:6:Show8bitIndicators	32	static
../Core/Src/main.c:658:6:ShowOut0to7	8	static
../Core/Src/main.c:665:6:ShowOut8to15	8	static
../Core/Src/main.c:672:6:ShowIn0to7	8	static
../Core/Src/main.c:679:6:ShowIn8to15	8	static
../Core/Src/main.c:686:6:ShowPWMsetMenu	24	static
../Core/Src/main.c:720:7:PwmSetPtrIncrement	4	static
../Core/Src/main.c:725:7:PwmSetIncrement	16	static
../Core/Src/main.c:734:7:PwmSetDecrement	16	static
../Core/Src/main.c:743:7:PwmSetIncrement25	16	static
../Core/Src/main.c:752:7:PwmSetDecrement25	16	static
../Core/Src/main.c:762:6:ShowLedLightParam	32	static
../Core/Src/main.c:795:7:LedLightParamPtrIncrement	4	static
../Core/Src/main.c:803:7:LedLightParamIncrement	4	static
../Core/Src/main.c:817:7:LedLightParamIncrement25	4	static
../Core/Src/main.c:831:7:LedLightParamDecrement	4	static
../Core/Src/main.c:844:7:LedLightParamDecrement25	4	static
../Core/Src/main.c:857:7:ShowLedLightParamLogo	8	static
../Core/Src/main.c:864:7:ShowLedLightParamLight	8	static
../Core/Src/main.c:872:6:HAL_ADC_ConvCpltCallback	16	static
../Core/Src/main.c:881:6:BootloaderJump	16	static
../Core/Src/main.c:887:6:MeasurementConversion	8	static
../Core/Src/main.c:895:6:IntervalFunc10000ms	280	static
../Core/Src/main.c:913:6:IntervalFunc500ms	8	static
../Core/Src/main.c:944:6:IntervalFunc100ms	384	static
../Core/Src/main.c:983:6:IntervalFunc50ms	8	static
../Core/Src/main.c:1006:6:HAL_I2C_MemTxCpltCallback	16	static
../Core/Src/main.c:1011:6:CDC_ReveiveCallback	24	static
../Core/Src/main.c:1036:6:UsbBuffWrite	32	static
../Core/Src/main.c:1065:6:UsbTransmitTask	16	static
../Core/Src/main.c:1086:6:deinit_peripherals	8	static,ignoring_inline_asm
../Core/Src/main.c:1138:6:jump_to_application	32	static,ignoring_inline_asm
../Core/Src/main.c:1159:6:Error_Handler	4	static,ignoring_inline_asm
